Copyright 1986-2015 Xilinx, Inc. All Rights Reserved.
---------------------------------------------------------------------------------------------------
| Tool Version : Vivado v.2015.4 (lin64) Build 1412921 Wed Nov 18 09:44:32 MST 2015
| Date         : Sat Mar 12 12:06:09 2016
| Host         : mike-HP-Z600-Workstation running 64-bit elementary OS Freya
| Command      : report_control_sets -verbose -file zybo_dvi_input_wrapper_control_sets_placed.rpt
| Design       : zybo_dvi_input_wrapper
| Device       : xc7z010
---------------------------------------------------------------------------------------------------

Control Set Information

Table of Contents
-----------------
1. Summary
2. Flip-Flop Distribution
3. Detailed Control Set Information

1. Summary
----------

+-------------------------------------------------------------------+-------+
|                               Status                              | Count |
+-------------------------------------------------------------------+-------+
| Number of unique control sets                                     |    38 |
| Minimum Number of register sites lost to control set restrictions |   109 |
+-------------------------------------------------------------------+-------+


2. Flip-Flop Distribution
-------------------------

+--------------+-----------------------+------------------------+-----------------+--------------+
| Clock Enable | Synchronous Set/Reset | Asynchronous Set/Reset | Total Registers | Total Slices |
+--------------+-----------------------+------------------------+-----------------+--------------+
| No           | No                    | No                     |             219 |           63 |
| No           | No                    | Yes                    |              28 |           18 |
| No           | Yes                   | No                     |              83 |           26 |
| Yes          | No                    | No                     |              37 |           14 |
| Yes          | No                    | Yes                    |               0 |            0 |
| Yes          | Yes                   | No                     |             148 |           42 |
+--------------+-----------------------+------------------------+-----------------+--------------+


3. Detailed Control Set Information
-----------------------------------

+----------------------------------------------------------------+----------------------------------------------------------------------------------------------------------------------+----------------------------------------------------------------------------------------------+------------------+----------------+
|                          Clock Signal                          |                                                     Enable Signal                                                    |                                       Set/Reset Signal                                       | Slice Load Count | Bel Load Count |
+----------------------------------------------------------------+----------------------------------------------------------------------------------------------------------------------+----------------------------------------------------------------------------------------------+------------------+----------------+
|  zybo_dvi_input_i/clk_wiz_0/inst/clk_out1                      |                                                                                                                      | zybo_dvi_input_i/dvi2rgb_0/U0/TMDS_ClockingX/RdyLostReset/SyncAsyncx/oSyncStages[1]          |                1 |              1 |
|  zybo_dvi_input_i/clk_wiz_0/inst/clk_out1                      |                                                                                                                      | zybo_dvi_input_i/dvi2rgb_0/U0/TMDS_ClockingX/RdyLostReset/aRst_int                           |                1 |              2 |
|  zybo_dvi_input_i/clk_wiz_0/inst/clk_out1                      |                                                                                                                      | zybo_dvi_input_i/dvi2rgb_0/U0/TMDS_ClockingX/LockLostReset/SyncAsyncx/oSyncStages[1]         |                1 |              2 |
|  zybo_dvi_input_i/dvi2rgb_0/U0/TMDS_ClockingX/PixelClk_int     |                                                                                                                      | zybo_dvi_input_i/dvi2rgb_0/U0/TMDS_ClockingX/oSyncStages_reg[0]                              |                1 |              2 |
|  zybo_dvi_input_i/clk_wiz_0/inst/clk_out1                      | zybo_dvi_input_i/dvi2rgb_0/U0/GenerateDDC.DDC_EEPROM/I2C_SlaveController/GlitchF_SCL/Filter.cntPeriods[3]_i_2__0_n_0 | zybo_dvi_input_i/dvi2rgb_0/U0/GenerateDDC.DDC_EEPROM/I2C_SlaveController/SyncSCL/SR[0]       |                1 |              4 |
|  zybo_dvi_input_i/clk_wiz_0/inst/clk_out1                      | zybo_dvi_input_i/dvi2rgb_0/U0/GenerateDDC.DDC_EEPROM/I2C_SlaveController/GlitchF_SDA/sel                             | zybo_dvi_input_i/dvi2rgb_0/U0/GenerateDDC.DDC_EEPROM/I2C_SlaveController/SyncSDA/SR[0]       |                1 |              4 |
|  zybo_dvi_input_i/dvi2rgb_0/U0/TMDS_ClockingX/PixelClk_int     |                                                                                                                      | zybo_dvi_input_i/dvi2rgb_0/U0/DataDecoders[1].DecoderX/ChannelBondX/pDataIn_reg[7][0]        |                2 |              5 |
|  zybo_dvi_input_i/dvi2rgb_0/U0/TMDS_ClockingX/PixelClk_int     |                                                                                                                      | zybo_dvi_input_i/dvi2rgb_0/U0/DataDecoders[0].DecoderX/PhaseAlignX/pEyeOpenRst               |                2 |              5 |
|  zybo_dvi_input_i/clk_wiz_0/inst/clk_out1                      | zybo_dvi_input_i/dvi2rgb_0/U0/TMDS_ClockingX/rDlyRstCnt[4]_i_1_n_0                                                   | zybo_dvi_input_i/dvi2rgb_0/U0/TMDS_ClockingX/LockLostReset/SyncAsyncx/oSyncStages[1]         |                1 |              5 |
|  zybo_dvi_input_i/dvi2rgb_0/U0/TMDS_ClockingX/PixelClk_int     | zybo_dvi_input_i/dvi2rgb_0/U0/DataDecoders[0].DecoderX/PhaseAlignX/pCenterTap[5]_i_1__1_n_0                          |                                                                                              |                2 |              5 |
|  zybo_dvi_input_i/dvi2rgb_0/U0/TMDS_ClockingX/PixelClk_int     | zybo_dvi_input_i/dvi2rgb_0/U0/DataDecoders[2].DecoderX/PhaseAlignX/pCenterTap[5]_i_1_n_0                             |                                                                                              |                2 |              5 |
|  zybo_dvi_input_i/dvi2rgb_0/U0/TMDS_ClockingX/PixelClk_int     | zybo_dvi_input_i/dvi2rgb_0/U0/DataDecoders[1].DecoderX/PhaseAlignX/pCenterTap[5]_i_1__0_n_0                          |                                                                                              |                3 |              5 |
|  zybo_dvi_input_i/dvi2rgb_0/U0/TMDS_ClockingX/PixelClk_int     |                                                                                                                      | zybo_dvi_input_i/dvi2rgb_0/U0/DataDecoders[0].DecoderX/PhaseAlignX/pCtlTknRst                |                2 |              7 |
|  zybo_dvi_input_i/dvi2rgb_0/U0/TMDS_ClockingX/PixelClk_int     |                                                                                                                      | zybo_dvi_input_i/dvi2rgb_0/U0/DataDecoders[0].DecoderX/ChannelBondX/pC0_reg[0]               |                2 |              7 |
|  zybo_dvi_input_i/dvi2rgb_0/U0/TMDS_ClockingX/PixelClk_int     |                                                                                                                      | zybo_dvi_input_i/dvi2rgb_0/U0/DataDecoders[1].DecoderX/PhaseAlignX/pCtlTknCnt[6]_i_1__1_n_0  |                2 |              7 |
|  zybo_dvi_input_i/dvi2rgb_0/U0/TMDS_ClockingX/PixelClk_int     |                                                                                                                      | zybo_dvi_input_i/dvi2rgb_0/U0/DataDecoders[2].DecoderX/PhaseAlignX/pCtlTknRst                |                2 |              7 |
|  zybo_dvi_input_i/clk_wiz_0/inst/clk_out1                      | zybo_dvi_input_i/dvi2rgb_0/U0/GenerateDDC.DDC_EEPROM/I2C_SlaveController/dataByte[7]_i_1_n_0                         |                                                                                              |                3 |              8 |
|  zybo_dvi_input_i/dvi2rgb_0/U0/TMDS_ClockingX/PixelClk_int     |                                                                                                                      | zybo_dvi_input_i/dvi2rgb_0/U0/DataDecoders[2].DecoderX/ChannelBondX/pC0_reg[0]               |                3 |              8 |
|  zybo_dvi_input_i/clk_wiz_0/inst/clk_out1                      |                                                                                                                      | zybo_dvi_input_i/dvi2rgb_0/U0/LockLostReset/SyncAsyncx/oSyncStages[1]                        |                6 |              9 |
|  zybo_dvi_input_i/dvi2rgb_0/U0/TMDS_ClockingX/PixelClk_int     | zybo_dvi_input_i/dvi2rgb_0/U0/DataDecoders[0].DecoderX/ChannelBondX/pRdEn                                            | zybo_dvi_input_i/dvi2rgb_0/U0/DataDecoders[1].DecoderX/PhaseAlignX/SR[0]                     |                2 |             10 |
|  zybo_dvi_input_i/dvi2rgb_0/U0/TMDS_ClockingX/PixelClk_int     | zybo_dvi_input_i/dvi2rgb_0/U0/DataDecoders[1].DecoderX/ChannelBondX/pRdEn                                            | zybo_dvi_input_i/dvi2rgb_0/U0/DataDecoders[1].DecoderX/PhaseAlignX/SR[0]                     |                2 |             10 |
|  zybo_dvi_input_i/dvi2rgb_0/U0/TMDS_ClockingX/PixelClk_int     | zybo_dvi_input_i/dvi2rgb_0/U0/DataDecoders[2].DecoderX/ChannelBondX/pRdEn                                            | zybo_dvi_input_i/dvi2rgb_0/U0/DataDecoders[1].DecoderX/PhaseAlignX/SR[0]                     |                2 |             10 |
|  zybo_dvi_input_i/dvi2rgb_0/U0/TMDS_ClockingX/PixelClk_int     | zybo_dvi_input_i/dvi2rgb_0/U0/DataDecoders[0].DecoderX/PhaseAlignX/pStateNxt                                         | zybo_dvi_input_i/dvi2rgb_0/U0/DataDecoders[0].DecoderX/pAlignRst_reg_n_0                     |                6 |             11 |
|  zybo_dvi_input_i/dvi2rgb_0/U0/TMDS_ClockingX/PixelClk_int     | zybo_dvi_input_i/dvi2rgb_0/U0/DataDecoders[1].DecoderX/PhaseAlignX/pStateNxt                                         | zybo_dvi_input_i/dvi2rgb_0/U0/DataDecoders[1].DecoderX/pAlignRst_reg_n_0                     |                4 |             11 |
|  zybo_dvi_input_i/dvi2rgb_0/U0/TMDS_ClockingX/PixelClk_int     | zybo_dvi_input_i/dvi2rgb_0/U0/DataDecoders[2].DecoderX/PhaseAlignX/pStateNxt                                         | zybo_dvi_input_i/dvi2rgb_0/U0/DataDecoders[2].DecoderX/pAlignRst                             |                5 |             11 |
|  zybo_dvi_input_i/dvi2rgb_0/U0/TMDS_ClockingX/PixelClk_int     |                                                                                                                      | zybo_dvi_input_i/dvi2rgb_0/U0/LockLostReset/SyncAsyncx/oSyncStages[1]                        |                8 |             12 |
|  zybo_dvi_input_i/clk_wiz_0/inst/clk_out1                      | zybo_dvi_input_i/dvi2rgb_0/U0/GenerateDDC.DDC_EEPROM/I2C_SlaveController/E[0]                                        |                                                                                              |                4 |             14 |
|  zybo_dvi_input_i/dvi2rgb_0/U0/GenerateBUFG.ResyncToBUFG_X/CLK |                                                                                                                      | zybo_dvi_input_i/rgb2vga_0/U0/int_pData[23]_i_1_n_0                                          |                6 |             16 |
|  zybo_dvi_input_i/dvi2rgb_0/U0/TMDS_ClockingX/PixelClk_int     | zybo_dvi_input_i/dvi2rgb_0/U0/DataDecoders[0].DecoderX/PhaseAlignX/pAllVld__0                                        |                                                                                              |                2 |             16 |
|  zybo_dvi_input_i/dvi2rgb_0/U0/TMDS_ClockingX/PixelClk_int     | zybo_dvi_input_i/dvi2rgb_0/U0/DataDecoders[0].DecoderX/PhaseAlignX/pDataFIFO_reg[1]_0                                |                                                                                              |                2 |             16 |
|  zybo_dvi_input_i/dvi2rgb_0/U0/TMDS_ClockingX/PixelClk_int     | zybo_dvi_input_i/dvi2rgb_0/U0/DataDecoders[0].DecoderX/PhaseAlignX/pDataFIFO_reg[1]                                  |                                                                                              |                2 |             16 |
|  zybo_dvi_input_i/dvi2rgb_0/U0/GenerateBUFG.ResyncToBUFG_X/CLK |                                                                                                                      |                                                                                              |                6 |             21 |
|  zybo_dvi_input_i/dvi2rgb_0/U0/TMDS_ClockingX/PixelClk_int     |                                                                                                                      | zybo_dvi_input_i/dvi2rgb_0/U0/DataDecoders[1].DecoderX/PhaseAlignX/SR[0]                     |                5 |             21 |
|  zybo_dvi_input_i/clk_wiz_0/inst/clk_out1                      | zybo_dvi_input_i/dvi2rgb_0/U0/DataDecoders[2].DecoderX/rTimeoutCnt[0]_i_1_n_0                                        | zybo_dvi_input_i/dvi2rgb_0/U0/DataDecoders[2].DecoderX/SyncBaseRst/SyncAsyncx/oSyncStages[1] |                6 |             24 |
|  zybo_dvi_input_i/clk_wiz_0/inst/clk_out1                      | zybo_dvi_input_i/dvi2rgb_0/U0/DataDecoders[1].DecoderX/rTimeoutCnt[0]_i_1__0_n_0                                     | zybo_dvi_input_i/dvi2rgb_0/U0/DataDecoders[1].DecoderX/SyncBaseRst/SyncAsyncx/oSyncStages[1] |                6 |             24 |
|  zybo_dvi_input_i/clk_wiz_0/inst/clk_out1                      | zybo_dvi_input_i/dvi2rgb_0/U0/DataDecoders[0].DecoderX/rTimeoutCnt[0]_i_1__1_n_0                                     | zybo_dvi_input_i/dvi2rgb_0/U0/DataDecoders[0].DecoderX/SyncBaseRst/SyncAsyncx/oSyncStages[1] |                6 |             24 |
|  zybo_dvi_input_i/clk_wiz_0/inst/clk_out1                      |                                                                                                                      |                                                                                              |               17 |             40 |
|  zybo_dvi_input_i/dvi2rgb_0/U0/TMDS_ClockingX/PixelClk_int     |                                                                                                                      |                                                                                              |               40 |            158 |
+----------------------------------------------------------------+----------------------------------------------------------------------------------------------------------------------+----------------------------------------------------------------------------------------------+------------------+----------------+


