19:49:19 **** Build of project zybe_receiver_bsp ****
make -k all 
"Running Make include in ps7_cortexa9_0/libsrc/axicdma_v4_0/src"
make -C ps7_cortexa9_0/libsrc/axicdma_v4_0/src -s include  "SHELL=CMD" "COMPILER=arm-xilinx-eabi-gcc" "ARCHIVER=arm-xilinx-eabi-ar" "COMPILER_FLAGS=  -O2 -c" "EXTRA_COMPILER_FLAGS=-g"
"Running Make include in ps7_cortexa9_0/libsrc/coresightps_dcc_v1_2/src"
make -C ps7_cortexa9_0/libsrc/coresightps_dcc_v1_2/src -s include  "SHELL=CMD" "COMPILER=arm-xilinx-eabi-gcc" "ARCHIVER=arm-xilinx-eabi-ar" "COMPILER_FLAGS=  -O2 -c" "EXTRA_COMPILER_FLAGS=-g"
"Running Make include in ps7_cortexa9_0/libsrc/cpu_cortexa9_v2_1/src"
make -C ps7_cortexa9_0/libsrc/cpu_cortexa9_v2_1/src -s include  "SHELL=CMD" "COMPILER=arm-xilinx-eabi-gcc" "ARCHIVER=arm-xilinx-eabi-ar" "COMPILER_FLAGS=  -O2 -c" "EXTRA_COMPILER_FLAGS=-g"
"Running Make include in ps7_cortexa9_0/libsrc/ddrps_v1_0/src"
make -C ps7_cortexa9_0/libsrc/ddrps_v1_0/src -s include  "SHELL=CMD" "COMPILER=arm-xilinx-eabi-gcc" "ARCHIVER=arm-xilinx-eabi-ar" "COMPILER_FLAGS=  -O2 -c" "EXTRA_COMPILER_FLAGS=-g"
"Running Make include in ps7_cortexa9_0/libsrc/devcfg_v3_3/src"
make -C ps7_cortexa9_0/libsrc/devcfg_v3_3/src -s include  "SHELL=CMD" "COMPILER=arm-xilinx-eabi-gcc" "ARCHIVER=arm-xilinx-eabi-ar" "COMPILER_FLAGS=  -O2 -c" "EXTRA_COMPILER_FLAGS=-g"
"Running Make include in ps7_cortexa9_0/libsrc/dmaps_v2_1/src"
make -C ps7_cortexa9_0/libsrc/dmaps_v2_1/src -s include  "SHELL=CMD" "COMPILER=arm-xilinx-eabi-gcc" "ARCHIVER=arm-xilinx-eabi-ar" "COMPILER_FLAGS=  -O2 -c" "EXTRA_COMPILER_FLAGS=-g"
"Running Make include in ps7_cortexa9_0/libsrc/emacps_v3_1/src"
make -C ps7_cortexa9_0/libsrc/emacps_v3_1/src -s include  "SHELL=CMD" "COMPILER=arm-xilinx-eabi-gcc" "ARCHIVER=arm-xilinx-eabi-ar" "COMPILER_FLAGS=  -O2 -c" "EXTRA_COMPILER_FLAGS=-g"
"Running Make include in ps7_cortexa9_0/libsrc/gpiops_v3_1/src"
make -C ps7_cortexa9_0/libsrc/gpiops_v3_1/src -s include  "SHELL=CMD" "COMPILER=arm-xilinx-eabi-gcc" "ARCHIVER=arm-xilinx-eabi-ar" "COMPILER_FLAGS=  -O2 -c" "EXTRA_COMPILER_FLAGS=-g"
"Running Make include in ps7_cortexa9_0/libsrc/qspips_v3_2/src"
make -C ps7_cortexa9_0/libsrc/qspips_v3_2/src -s include  "SHELL=CMD" "COMPILER=arm-xilinx-eabi-gcc" "ARCHIVER=arm-xilinx-eabi-ar" "COMPILER_FLAGS=  -O2 -c" "EXTRA_COMPILER_FLAGS=-g"
"Running Make include in ps7_cortexa9_0/libsrc/scugic_v3_1/src"
make -C ps7_cortexa9_0/libsrc/scugic_v3_1/src -s include  "SHELL=CMD" "COMPILER=arm-xilinx-eabi-gcc" "ARCHIVER=arm-xilinx-eabi-ar" "COMPILER_FLAGS=  -O2 -c" "EXTRA_COMPILER_FLAGS=-g"
"Running Make include in ps7_cortexa9_0/libsrc/scutimer_v2_1/src"
make -C ps7_cortexa9_0/libsrc/scutimer_v2_1/src -s include  "SHELL=CMD" "COMPILER=arm-xilinx-eabi-gcc" "ARCHIVER=arm-xilinx-eabi-ar" "COMPILER_FLAGS=  -O2 -c" "EXTRA_COMPILER_FLAGS=-g"
"Running Make include in ps7_cortexa9_0/libsrc/scuwdt_v2_1/src"
make -C ps7_cortexa9_0/libsrc/scuwdt_v2_1/src -s include  "SHELL=CMD" "COMPILER=arm-xilinx-eabi-gcc" "ARCHIVER=arm-xilinx-eabi-ar" "COMPILER_FLAGS=  -O2 -c" "EXTRA_COMPILER_FLAGS=-g"
"Running Make include in ps7_cortexa9_0/libsrc/sdps_v2_6/src"
make -C ps7_cortexa9_0/libsrc/sdps_v2_6/src -s include  "SHELL=CMD" "COMPILER=arm-xilinx-eabi-gcc" "ARCHIVER=arm-xilinx-eabi-ar" "COMPILER_FLAGS=  -O2 -c" "EXTRA_COMPILER_FLAGS=-g"
"Running Make include in ps7_cortexa9_0/libsrc/standalone_v5_3/src"
make -C ps7_cortexa9_0/libsrc/standalone_v5_3/src -s include  "SHELL=CMD" "COMPILER=arm-xilinx-eabi-gcc" "ARCHIVER=arm-xilinx-eabi-ar" "COMPILER_FLAGS=  -O2 -c" "EXTRA_COMPILER_FLAGS=-g"
"Running Make include in ps7_cortexa9_0/libsrc/ttcps_v3_0/src"
make -C ps7_cortexa9_0/libsrc/ttcps_v3_0/src -s include  "SHELL=CMD" "COMPILER=arm-xilinx-eabi-gcc" "ARCHIVER=arm-xilinx-eabi-ar" "COMPILER_FLAGS=  -O2 -c" "EXTRA_COMPILER_FLAGS=-g"
"Running Make include in ps7_cortexa9_0/libsrc/uartps_v3_1/src"
make -C ps7_cortexa9_0/libsrc/uartps_v3_1/src -s include  "SHELL=CMD" "COMPILER=arm-xilinx-eabi-gcc" "ARCHIVER=arm-xilinx-eabi-ar" "COMPILER_FLAGS=  -O2 -c" "EXTRA_COMPILER_FLAGS=-g"
"Running Make include in ps7_cortexa9_0/libsrc/usbps_v2_2/src"
make -C ps7_cortexa9_0/libsrc/usbps_v2_2/src -s include  "SHELL=CMD" "COMPILER=arm-xilinx-eabi-gcc" "ARCHIVER=arm-xilinx-eabi-ar" "COMPILER_FLAGS=  -O2 -c" "EXTRA_COMPILER_FLAGS=-g"
"Running Make include in ps7_cortexa9_0/libsrc/xadcps_v2_2/src"
make -C ps7_cortexa9_0/libsrc/xadcps_v2_2/src -s include  "SHELL=CMD" "COMPILER=arm-xilinx-eabi-gcc" "ARCHIVER=arm-xilinx-eabi-ar" "COMPILER_FLAGS=  -O2 -c" "EXTRA_COMPILER_FLAGS=-g"
"Running Make libs in ps7_cortexa9_0/libsrc/axicdma_v4_0/src"
make -C ps7_cortexa9_0/libsrc/axicdma_v4_0/src -s libs  "SHELL=CMD" "COMPILER=arm-xilinx-eabi-gcc" "ARCHIVER=arm-xilinx-eabi-ar" "COMPILER_FLAGS=  -O2 -c" "EXTRA_COMPILER_FLAGS=-g"
"Compiling axicdma"
xaxicdma_bdring.c: In function 'XAxiCdma_BdRingGetCurrBd':
xaxicdma_bdring.c:204:10: warning: cast to pointer from integer of different size [-Wint-to-pointer-cast]
   return (XAxiCdma_Bd *)((XAxiCdma_BdRead(InstancePtr->BaseAddr, XAXICDMA_CDESC_OFFSET)) |
          ^
arm-xilinx-eabi-ar: creating ../../../lib/libxil.a
"Running Make libs in ps7_cortexa9_0/libsrc/coresightps_dcc_v1_2/src"
make -C ps7_cortexa9_0/libsrc/coresightps_dcc_v1_2/src -s libs  "SHELL=CMD" "COMPILER=arm-xilinx-eabi-gcc" "ARCHIVER=arm-xilinx-eabi-ar" "COMPILER_FLAGS=  -O2 -c" "EXTRA_COMPILER_FLAGS=-g"
"Compiling coresightps_dcc"
"Running Make libs in ps7_cortexa9_0/libsrc/cpu_cortexa9_v2_1/src"
make -C ps7_cortexa9_0/libsrc/cpu_cortexa9_v2_1/src -s libs  "SHELL=CMD" "COMPILER=arm-xilinx-eabi-gcc" "ARCHIVER=arm-xilinx-eabi-ar" "COMPILER_FLAGS=  -O2 -c" "EXTRA_COMPILER_FLAGS=-g"
"Compiling cpu_cortexa9"
"Running Make libs in ps7_cortexa9_0/libsrc/ddrps_v1_0/src"
make -C ps7_cortexa9_0/libsrc/ddrps_v1_0/src -s libs  "SHELL=CMD" "COMPILER=arm-xilinx-eabi-gcc" "ARCHIVER=arm-xilinx-eabi-ar" "COMPILER_FLAGS=  -O2 -c" "EXTRA_COMPILER_FLAGS=-g"
"Compiling ddrps"
"Running Make libs in ps7_cortexa9_0/libsrc/devcfg_v3_3/src"
make -C ps7_cortexa9_0/libsrc/devcfg_v3_3/src -s libs  "SHELL=CMD" "COMPILER=arm-xilinx-eabi-gcc" "ARCHIVER=arm-xilinx-eabi-ar" "COMPILER_FLAGS=  -O2 -c" "EXTRA_COMPILER_FLAGS=-g"
"Compiling devcfg"
"Running Make libs in ps7_cortexa9_0/libsrc/dmaps_v2_1/src"
make -C ps7_cortexa9_0/libsrc/dmaps_v2_1/src -s libs  "SHELL=CMD" "COMPILER=arm-xilinx-eabi-gcc" "ARCHIVER=arm-xilinx-eabi-ar" "COMPILER_FLAGS=  -O2 -c" "EXTRA_COMPILER_FLAGS=-g"
"Compiling dmaps"
"Running Make libs in ps7_cortexa9_0/libsrc/emacps_v3_1/src"
make -C ps7_cortexa9_0/libsrc/emacps_v3_1/src -s libs  "SHELL=CMD" "COMPILER=arm-xilinx-eabi-gcc" "ARCHIVER=arm-xilinx-eabi-ar" "COMPILER_FLAGS=  -O2 -c" "EXTRA_COMPILER_FLAGS=-g"
"Compiling emacps"
"Running Make libs in ps7_cortexa9_0/libsrc/gpiops_v3_1/src"
make -C ps7_cortexa9_0/libsrc/gpiops_v3_1/src -s libs  "SHELL=CMD" "COMPILER=arm-xilinx-eabi-gcc" "ARCHIVER=arm-xilinx-eabi-ar" "COMPILER_FLAGS=  -O2 -c" "EXTRA_COMPILER_FLAGS=-g"
"Compiling gpiops"
"Running Make libs in ps7_cortexa9_0/libsrc/qspips_v3_2/src"
make -C ps7_cortexa9_0/libsrc/qspips_v3_2/src -s libs  "SHELL=CMD" "COMPILER=arm-xilinx-eabi-gcc" "ARCHIVER=arm-xilinx-eabi-ar" "COMPILER_FLAGS=  -O2 -c" "EXTRA_COMPILER_FLAGS=-g"
"Compiling qspips"
"Running Make libs in ps7_cortexa9_0/libsrc/scugic_v3_1/src"
make -C ps7_cortexa9_0/libsrc/scugic_v3_1/src -s libs  "SHELL=CMD" "COMPILER=arm-xilinx-eabi-gcc" "ARCHIVER=arm-xilinx-eabi-ar" "COMPILER_FLAGS=  -O2 -c" "EXTRA_COMPILER_FLAGS=-g"
"Compiling scugic"
"Running Make libs in ps7_cortexa9_0/libsrc/scutimer_v2_1/src"
make -C ps7_cortexa9_0/libsrc/scutimer_v2_1/src -s libs  "SHELL=CMD" "COMPILER=arm-xilinx-eabi-gcc" "ARCHIVER=arm-xilinx-eabi-ar" "COMPILER_FLAGS=  -O2 -c" "EXTRA_COMPILER_FLAGS=-g"
"Compiling scutimer"
"Running Make libs in ps7_cortexa9_0/libsrc/scuwdt_v2_1/src"
make -C ps7_cortexa9_0/libsrc/scuwdt_v2_1/src -s libs  "SHELL=CMD" "COMPILER=arm-xilinx-eabi-gcc" "ARCHIVER=arm-xilinx-eabi-ar" "COMPILER_FLAGS=  -O2 -c" "EXTRA_COMPILER_FLAGS=-g"
"Compiling scuwdt"
"Running Make libs in ps7_cortexa9_0/libsrc/sdps_v2_6/src"
make -C ps7_cortexa9_0/libsrc/sdps_v2_6/src -s libs  "SHELL=CMD" "COMPILER=arm-xilinx-eabi-gcc" "ARCHIVER=arm-xilinx-eabi-ar" "COMPILER_FLAGS=  -O2 -c" "EXTRA_COMPILER_FLAGS=-g"
"Compiling sdps"
"Running Make libs in ps7_cortexa9_0/libsrc/standalone_v5_3/src"
make -C ps7_cortexa9_0/libsrc/standalone_v5_3/src -s libs  "SHELL=CMD" "COMPILER=arm-xilinx-eabi-gcc" "ARCHIVER=arm-xilinx-eabi-ar" "COMPILER_FLAGS=  -O2 -c" "EXTRA_COMPILER_FLAGS=-g"
"Compiling standalone"
"Running Make libs in ps7_cortexa9_0/libsrc/ttcps_v3_0/src"
make -C ps7_cortexa9_0/libsrc/ttcps_v3_0/src -s libs  "SHELL=CMD" "COMPILER=arm-xilinx-eabi-gcc" "ARCHIVER=arm-xilinx-eabi-ar" "COMPILER_FLAGS=  -O2 -c" "EXTRA_COMPILER_FLAGS=-g"
"Compiling ttcps"
"Running Make libs in ps7_cortexa9_0/libsrc/uartps_v3_1/src"
make -C ps7_cortexa9_0/libsrc/uartps_v3_1/src -s libs  "SHELL=CMD" "COMPILER=arm-xilinx-eabi-gcc" "ARCHIVER=arm-xilinx-eabi-ar" "COMPILER_FLAGS=  -O2 -c" "EXTRA_COMPILER_FLAGS=-g"
"Compiling uartps"
"Running Make libs in ps7_cortexa9_0/libsrc/usbps_v2_2/src"
make -C ps7_cortexa9_0/libsrc/usbps_v2_2/src -s libs  "SHELL=CMD" "COMPILER=arm-xilinx-eabi-gcc" "ARCHIVER=arm-xilinx-eabi-ar" "COMPILER_FLAGS=  -O2 -c" "EXTRA_COMPILER_FLAGS=-g"
"Compiling usbps"
"Running Make libs in ps7_cortexa9_0/libsrc/xadcps_v2_2/src"
make -C ps7_cortexa9_0/libsrc/xadcps_v2_2/src -s libs  "SHELL=CMD" "COMPILER=arm-xilinx-eabi-gcc" "ARCHIVER=arm-xilinx-eabi-ar" "COMPILER_FLAGS=  -O2 -c" "EXTRA_COMPILER_FLAGS=-g"
"Compiling xadcps"
'Finished building libraries'
19:50:00 **** Build of configuration Debug for project zybe_receiver ****
make all 
'Building file: ../src/helloworld.c'
'Invoking: ARM gcc compiler'
arm-xilinx-eabi-gcc -Wall -O0 -g3 -c -fmessage-length=0 -MT"src/helloworld.o" -I../../zybe_receiver_bsp/ps7_cortexa9_0/include -MMD -MP -MF"src/helloworld.d" -MT"src/helloworld.d" -o "src/helloworld.o" "../src/helloworld.c"
'Finished building: ../src/helloworld.c'
' '
'Building file: ../src/platform.c'
'Invoking: ARM gcc compiler'
arm-xilinx-eabi-gcc -Wall -O0 -g3 -c -fmessage-length=0 -MT"src/platform.o" -I../../zybe_receiver_bsp/ps7_cortexa9_0/include -MMD -MP -MF"src/platform.d" -MT"src/platform.d" -o "src/platform.o" "../src/platform.c"
'Finished building: ../src/platform.c'
' '
'Building target: zybe_receiver.elf'
'Invoking: ARM gcc linker'
arm-xilinx-eabi-gcc -Wl,-T -Wl,../src/lscript.ld -L../../zybe_receiver_bsp/ps7_cortexa9_0/lib -o "zybe_receiver.elf"  ./src/helloworld.o ./src/platform.o   -Wl,--start-group,-lxil,-lgcc,-lc,--end-group
'Finished building target: zybe_receiver.elf'
' '
'Invoking: ARM Print Size'
arm-xilinx-eabi-size zybe_receiver.elf  |tee "zybe_receiver.elf.size"
   text	   data	    bss	    dec	    hex	filename
  22888	   1152	  22564	  46604	   b60c	zybe_receiver.elf
'Finished building: zybe_receiver.elf.size'
' '
19:50:03 **** Auto Build of configuration Debug for project zybe_receiver ****
make all 
make: Nothing to be done for `all'.
19:50:19 **** Auto Build of configuration Debug for project zybe_receiver ****
make all 
make: Nothing to be done for `all'.
19:50:59 **** Clean-only build of configuration Debug for project zybe_receiver ****
make clean 
rm -rf  ./src/helloworld.o ./src/platform.o  ./buf_controller.o ./framebuf.o ./interrupt.o  ./src/helloworld.d ./src/platform.d  ./buf_controller.d ./framebuf.d ./interrupt.d  zybe_receiver.elf.size  zybe_receiver.elf
' '
19:51:00 **** Auto Build of configuration Debug for project zybe_receiver ****
make all 
'Building file: ../src/helloworld.c'
'Invoking: ARM gcc compiler'
arm-xilinx-eabi-gcc -Wall -O0 -g3 -c -fmessage-length=0 -MT"src/helloworld.o" -I../../zybe_receiver_bsp/ps7_cortexa9_0/include -MMD -MP -MF"src/helloworld.d" -MT"src/helloworld.d" -o "src/helloworld.o" "../src/helloworld.c"
'Finished building: ../src/helloworld.c'
' '
'Building file: ../src/platform.c'
'Invoking: ARM gcc compiler'
arm-xilinx-eabi-gcc -Wall -O0 -g3 -c -fmessage-length=0 -MT"src/platform.o" -I../../zybe_receiver_bsp/ps7_cortexa9_0/include -MMD -MP -MF"src/platform.d" -MT"src/platform.d" -o "src/platform.o" "../src/platform.c"
'Finished building: ../src/platform.c'
' '
'Building file: C:/Users/Mike/Documents/osiris-hdl/sw/common/buf_controller.c'
'Invoking: ARM gcc compiler'
arm-xilinx-eabi-gcc -Wall -O0 -g3 -c -fmessage-length=0 -MT"buf_controller.o" -I../../zybe_receiver_bsp/ps7_cortexa9_0/include -MMD -MP -MF"buf_controller.d" -MT"buf_controller.d" -o "buf_controller.o" "C:/Users/Mike/Documents/osiris-hdl/sw/common/buf_controller.c"
C:/Users/Mike/Documents/osiris-hdl/sw/common/buf_controller.c:15:29: fatal error: platform_config.h: No such file or directory
 #include "platform_config.h"
                             ^
compilation terminated.
make: *** [buf_controller.o] Error 1
19:53:38 **** Auto Build of configuration Debug for project zybe_receiver ****
make all 
'Building file: C:/Users/Mike/Documents/osiris-hdl/sw/common/buf_controller.c'
'Invoking: ARM gcc compiler'
arm-xilinx-eabi-gcc -Wall -O0 -g3 -c -fmessage-length=0 -MT"src/buf_controller.o" -I../../zybe_receiver_bsp/ps7_cortexa9_0/include -MMD -MP -MF"src/buf_controller.d" -MT"src/buf_controller.d" -o "src/buf_controller.o" "C:/Users/Mike/Documents/osiris-hdl/sw/common/buf_controller.c"
C:/Users/Mike/Documents/osiris-hdl/sw/common/buf_controller.c:15:29: fatal error: platform_config.h: No such file or directory
 #include "platform_config.h"
                             ^
compilation terminated.
make: *** [src/buf_controller.o] Error 1
19:54:53 **** Auto Build of configuration Debug for project zybe_receiver ****
make all 
'Building file: C:/Users/Mike/Documents/osiris-hdl/sw/common/buf_controller.c'
'Invoking: ARM gcc compiler'
arm-xilinx-eabi-gcc -Wall -O0 -g3 -c -fmessage-length=0 -MT"src/buf_controller.o" -I../../zybe_receiver_bsp/ps7_cortexa9_0/include -MMD -MP -MF"src/buf_controller.d" -MT"src/buf_controller.d" -o "src/buf_controller.o" "C:/Users/Mike/Documents/osiris-hdl/sw/common/buf_controller.c"
C:/Users/Mike/Documents/osiris-hdl/sw/common/buf_controller.c:15:29: fatal error: platform_config.h: No such file or directory
 #include "platform_config.h"
                             ^
compilation terminated.
make: *** [src/buf_controller.o] Error 1
19:55:04 **** Auto Build of configuration Debug for project zybe_receiver ****
make all 
'Building file: C:/Users/Mike/Documents/osiris-hdl/sw/common/buf_controller.c'
'Invoking: ARM gcc compiler'
arm-xilinx-eabi-gcc -Wall -O0 -g3 -c -fmessage-length=0 -MT"src/buf_controller.o" -I../../zybe_receiver_bsp/ps7_cortexa9_0/include -MMD -MP -MF"src/buf_controller.d" -MT"src/buf_controller.d" -o "src/buf_controller.o" "C:/Users/Mike/Documents/osiris-hdl/sw/common/buf_controller.c"
C:/Users/Mike/Documents/osiris-hdl/sw/common/buf_controller.c:15:29: fatal error: platform_config.h: No such file or directory
 #include "platform_config.h"
                             ^
compilation terminated.
make: *** [src/buf_controller.o] Error 1
19:55:31 **** Auto Build of configuration Debug for project zybe_receiver ****
make all 
'Building file: C:/Users/Mike/Documents/osiris-hdl/sw/common/buf_controller.c'
'Invoking: ARM gcc compiler'
arm-xilinx-eabi-gcc -Wall -O0 -g3 -c -fmessage-length=0 -MT"src/buf_controller.o" -I../../zybe_receiver_bsp/ps7_cortexa9_0/include -MMD -MP -MF"src/buf_controller.d" -MT"src/buf_controller.d" -o "src/buf_controller.o" "C:/Users/Mike/Documents/osiris-hdl/sw/common/buf_controller.c"
C:/Users/Mike/Documents/osiris-hdl/sw/common/buf_controller.c:15:29: fatal error: platform_config.h: No such file or directory
 #include "platform_config.h"
                             ^
compilation terminated.
make: *** [src/buf_controller.o] Error 1
19:55:43 **** Auto Build of configuration Debug for project zybe_receiver ****
make all 
'Building file: C:/Users/Mike/Documents/osiris-hdl/sw/common/buf_controller.c'
'Invoking: ARM gcc compiler'
arm-xilinx-eabi-gcc -Wall -O0 -g3 -c -fmessage-length=0 -MT"src/buf_controller.o" -I../../zybe_receiver_bsp/ps7_cortexa9_0/include -MMD -MP -MF"src/buf_controller.d" -MT"src/buf_controller.d" -o "src/buf_controller.o" "C:/Users/Mike/Documents/osiris-hdl/sw/common/buf_controller.c"
C:/Users/Mike/Documents/osiris-hdl/sw/common/buf_controller.c:15:29: fatal error: platform_config.h: No such file or directory
 #include "platform_config.h"
                             ^
compilation terminated.
make: *** [src/buf_controller.o] Error 1
19:55:45 **** Auto Build of configuration Debug for project zybe_receiver ****
make all 
'Building file: C:/Users/Mike/Documents/osiris-hdl/sw/common/buf_controller.c'
'Invoking: ARM gcc compiler'
arm-xilinx-eabi-gcc -Wall -O0 -g3 -c -fmessage-length=0 -MT"src/buf_controller.o" -I../../zybe_receiver_bsp/ps7_cortexa9_0/include -MMD -MP -MF"src/buf_controller.d" -MT"src/buf_controller.d" -o "src/buf_controller.o" "C:/Users/Mike/Documents/osiris-hdl/sw/common/buf_controller.c"
C:/Users/Mike/Documents/osiris-hdl/sw/common/buf_controller.c:15:29: fatal error: platform_config.h: No such file or directory
 #include "platform_config.h"
                             ^
compilation terminated.
make: *** [src/buf_controller.o] Error 1
19:57:03 **** Clean-only build of configuration Debug for project zybe_receiver ****
make clean 
rm -rf  ./src/buf_controller.o ./src/framebuf.o ./src/helloworld.o ./src/interrupt.o ./src/platform.o  ./buf_controller.o ./framebuf.o ./interrupt.o  ./src/buf_controller.d ./src/framebuf.d ./src/helloworld.d ./src/interrupt.d ./src/platform.d  ./buf_controller.d ./framebuf.d ./interrupt.d  zybe_receiver.elf.size  zybe_receiver.elf
' '
19:57:03 **** Clean-only build of project zybe_receiver_bsp ****
make -k clean 
rm -f ps7_cortexa9_0/lib/libxil.a
19:57:03 **** Build of project zybe_receiver_bsp ****
make -k all 
"Running Make include in ps7_cortexa9_0/libsrc/axicdma_v4_0/src"
make -C ps7_cortexa9_0/libsrc/axicdma_v4_0/src -s include  "SHELL=CMD" "COMPILER=arm-xilinx-eabi-gcc" "ARCHIVER=arm-xilinx-eabi-ar" "COMPILER_FLAGS=  -O2 -c" "EXTRA_COMPILER_FLAGS=-g"
"Running Make include in ps7_cortexa9_0/libsrc/coresightps_dcc_v1_2/src"
make -C ps7_cortexa9_0/libsrc/coresightps_dcc_v1_2/src -s include  "SHELL=CMD" "COMPILER=arm-xilinx-eabi-gcc" "ARCHIVER=arm-xilinx-eabi-ar" "COMPILER_FLAGS=  -O2 -c" "EXTRA_COMPILER_FLAGS=-g"
"Running Make include in ps7_cortexa9_0/libsrc/cpu_cortexa9_v2_1/src"
make -C ps7_cortexa9_0/libsrc/cpu_cortexa9_v2_1/src -s include  "SHELL=CMD" "COMPILER=arm-xilinx-eabi-gcc" "ARCHIVER=arm-xilinx-eabi-ar" "COMPILER_FLAGS=  -O2 -c" "EXTRA_COMPILER_FLAGS=-g"
"Running Make include in ps7_cortexa9_0/libsrc/ddrps_v1_0/src"
make -C ps7_cortexa9_0/libsrc/ddrps_v1_0/src -s include  "SHELL=CMD" "COMPILER=arm-xilinx-eabi-gcc" "ARCHIVER=arm-xilinx-eabi-ar" "COMPILER_FLAGS=  -O2 -c" "EXTRA_COMPILER_FLAGS=-g"
"Running Make include in ps7_cortexa9_0/libsrc/devcfg_v3_3/src"
make -C ps7_cortexa9_0/libsrc/devcfg_v3_3/src -s include  "SHELL=CMD" "COMPILER=arm-xilinx-eabi-gcc" "ARCHIVER=arm-xilinx-eabi-ar" "COMPILER_FLAGS=  -O2 -c" "EXTRA_COMPILER_FLAGS=-g"
"Running Make include in ps7_cortexa9_0/libsrc/dmaps_v2_1/src"
make -C ps7_cortexa9_0/libsrc/dmaps_v2_1/src -s include  "SHELL=CMD" "COMPILER=arm-xilinx-eabi-gcc" "ARCHIVER=arm-xilinx-eabi-ar" "COMPILER_FLAGS=  -O2 -c" "EXTRA_COMPILER_FLAGS=-g"
"Running Make include in ps7_cortexa9_0/libsrc/emacps_v3_1/src"
make -C ps7_cortexa9_0/libsrc/emacps_v3_1/src -s include  "SHELL=CMD" "COMPILER=arm-xilinx-eabi-gcc" "ARCHIVER=arm-xilinx-eabi-ar" "COMPILER_FLAGS=  -O2 -c" "EXTRA_COMPILER_FLAGS=-g"
"Running Make include in ps7_cortexa9_0/libsrc/gpiops_v3_1/src"
make -C ps7_cortexa9_0/libsrc/gpiops_v3_1/src -s include  "SHELL=CMD" "COMPILER=arm-xilinx-eabi-gcc" "ARCHIVER=arm-xilinx-eabi-ar" "COMPILER_FLAGS=  -O2 -c" "EXTRA_COMPILER_FLAGS=-g"
"Running Make include in ps7_cortexa9_0/libsrc/qspips_v3_2/src"
make -C ps7_cortexa9_0/libsrc/qspips_v3_2/src -s include  "SHELL=CMD" "COMPILER=arm-xilinx-eabi-gcc" "ARCHIVER=arm-xilinx-eabi-ar" "COMPILER_FLAGS=  -O2 -c" "EXTRA_COMPILER_FLAGS=-g"
"Running Make include in ps7_cortexa9_0/libsrc/scugic_v3_1/src"
make -C ps7_cortexa9_0/libsrc/scugic_v3_1/src -s include  "SHELL=CMD" "COMPILER=arm-xilinx-eabi-gcc" "ARCHIVER=arm-xilinx-eabi-ar" "COMPILER_FLAGS=  -O2 -c" "EXTRA_COMPILER_FLAGS=-g"
"Running Make include in ps7_cortexa9_0/libsrc/scutimer_v2_1/src"
make -C ps7_cortexa9_0/libsrc/scutimer_v2_1/src -s include  "SHELL=CMD" "COMPILER=arm-xilinx-eabi-gcc" "ARCHIVER=arm-xilinx-eabi-ar" "COMPILER_FLAGS=  -O2 -c" "EXTRA_COMPILER_FLAGS=-g"
"Running Make include in ps7_cortexa9_0/libsrc/scuwdt_v2_1/src"
make -C ps7_cortexa9_0/libsrc/scuwdt_v2_1/src -s include  "SHELL=CMD" "COMPILER=arm-xilinx-eabi-gcc" "ARCHIVER=arm-xilinx-eabi-ar" "COMPILER_FLAGS=  -O2 -c" "EXTRA_COMPILER_FLAGS=-g"
"Running Make include in ps7_cortexa9_0/libsrc/sdps_v2_6/src"
make -C ps7_cortexa9_0/libsrc/sdps_v2_6/src -s include  "SHELL=CMD" "COMPILER=arm-xilinx-eabi-gcc" "ARCHIVER=arm-xilinx-eabi-ar" "COMPILER_FLAGS=  -O2 -c" "EXTRA_COMPILER_FLAGS=-g"
"Running Make include in ps7_cortexa9_0/libsrc/standalone_v5_3/src"
make -C ps7_cortexa9_0/libsrc/standalone_v5_3/src -s include  "SHELL=CMD" "COMPILER=arm-xilinx-eabi-gcc" "ARCHIVER=arm-xilinx-eabi-ar" "COMPILER_FLAGS=  -O2 -c" "EXTRA_COMPILER_FLAGS=-g"
"Running Make include in ps7_cortexa9_0/libsrc/ttcps_v3_0/src"
make -C ps7_cortexa9_0/libsrc/ttcps_v3_0/src -s include  "SHELL=CMD" "COMPILER=arm-xilinx-eabi-gcc" "ARCHIVER=arm-xilinx-eabi-ar" "COMPILER_FLAGS=  -O2 -c" "EXTRA_COMPILER_FLAGS=-g"
"Running Make include in ps7_cortexa9_0/libsrc/uartps_v3_1/src"
make -C ps7_cortexa9_0/libsrc/uartps_v3_1/src -s include  "SHELL=CMD" "COMPILER=arm-xilinx-eabi-gcc" "ARCHIVER=arm-xilinx-eabi-ar" "COMPILER_FLAGS=  -O2 -c" "EXTRA_COMPILER_FLAGS=-g"
"Running Make include in ps7_cortexa9_0/libsrc/usbps_v2_2/src"
make -C ps7_cortexa9_0/libsrc/usbps_v2_2/src -s include  "SHELL=CMD" "COMPILER=arm-xilinx-eabi-gcc" "ARCHIVER=arm-xilinx-eabi-ar" "COMPILER_FLAGS=  -O2 -c" "EXTRA_COMPILER_FLAGS=-g"
"Running Make include in ps7_cortexa9_0/libsrc/xadcps_v2_2/src"
make -C ps7_cortexa9_0/libsrc/xadcps_v2_2/src -s include  "SHELL=CMD" "COMPILER=arm-xilinx-eabi-gcc" "ARCHIVER=arm-xilinx-eabi-ar" "COMPILER_FLAGS=  -O2 -c" "EXTRA_COMPILER_FLAGS=-g"
"Running Make libs in ps7_cortexa9_0/libsrc/axicdma_v4_0/src"
make -C ps7_cortexa9_0/libsrc/axicdma_v4_0/src -s libs  "SHELL=CMD" "COMPILER=arm-xilinx-eabi-gcc" "ARCHIVER=arm-xilinx-eabi-ar" "COMPILER_FLAGS=  -O2 -c" "EXTRA_COMPILER_FLAGS=-g"
"Compiling axicdma"
xaxicdma_bdring.c: In function 'XAxiCdma_BdRingGetCurrBd':
xaxicdma_bdring.c:204:10: warning: cast to pointer from integer of different size [-Wint-to-pointer-cast]
   return (XAxiCdma_Bd *)((XAxiCdma_BdRead(InstancePtr->BaseAddr, XAXICDMA_CDESC_OFFSET)) |
          ^
arm-xilinx-eabi-ar: creating ../../../lib/libxil.a
"Running Make libs in ps7_cortexa9_0/libsrc/coresightps_dcc_v1_2/src"
make -C ps7_cortexa9_0/libsrc/coresightps_dcc_v1_2/src -s libs  "SHELL=CMD" "COMPILER=arm-xilinx-eabi-gcc" "ARCHIVER=arm-xilinx-eabi-ar" "COMPILER_FLAGS=  -O2 -c" "EXTRA_COMPILER_FLAGS=-g"
"Compiling coresightps_dcc"
"Running Make libs in ps7_cortexa9_0/libsrc/cpu_cortexa9_v2_1/src"
make -C ps7_cortexa9_0/libsrc/cpu_cortexa9_v2_1/src -s libs  "SHELL=CMD" "COMPILER=arm-xilinx-eabi-gcc" "ARCHIVER=arm-xilinx-eabi-ar" "COMPILER_FLAGS=  -O2 -c" "EXTRA_COMPILER_FLAGS=-g"
"Compiling cpu_cortexa9"
"Running Make libs in ps7_cortexa9_0/libsrc/ddrps_v1_0/src"
make -C ps7_cortexa9_0/libsrc/ddrps_v1_0/src -s libs  "SHELL=CMD" "COMPILER=arm-xilinx-eabi-gcc" "ARCHIVER=arm-xilinx-eabi-ar" "COMPILER_FLAGS=  -O2 -c" "EXTRA_COMPILER_FLAGS=-g"
"Compiling ddrps"
"Running Make libs in ps7_cortexa9_0/libsrc/devcfg_v3_3/src"
make -C ps7_cortexa9_0/libsrc/devcfg_v3_3/src -s libs  "SHELL=CMD" "COMPILER=arm-xilinx-eabi-gcc" "ARCHIVER=arm-xilinx-eabi-ar" "COMPILER_FLAGS=  -O2 -c" "EXTRA_COMPILER_FLAGS=-g"
"Compiling devcfg"
"Running Make libs in ps7_cortexa9_0/libsrc/dmaps_v2_1/src"
make -C ps7_cortexa9_0/libsrc/dmaps_v2_1/src -s libs  "SHELL=CMD" "COMPILER=arm-xilinx-eabi-gcc" "ARCHIVER=arm-xilinx-eabi-ar" "COMPILER_FLAGS=  -O2 -c" "EXTRA_COMPILER_FLAGS=-g"
"Compiling dmaps"
"Running Make libs in ps7_cortexa9_0/libsrc/emacps_v3_1/src"
make -C ps7_cortexa9_0/libsrc/emacps_v3_1/src -s libs  "SHELL=CMD" "COMPILER=arm-xilinx-eabi-gcc" "ARCHIVER=arm-xilinx-eabi-ar" "COMPILER_FLAGS=  -O2 -c" "EXTRA_COMPILER_FLAGS=-g"
"Compiling emacps"
"Running Make libs in ps7_cortexa9_0/libsrc/gpiops_v3_1/src"
make -C ps7_cortexa9_0/libsrc/gpiops_v3_1/src -s libs  "SHELL=CMD" "COMPILER=arm-xilinx-eabi-gcc" "ARCHIVER=arm-xilinx-eabi-ar" "COMPILER_FLAGS=  -O2 -c" "EXTRA_COMPILER_FLAGS=-g"
"Compiling gpiops"
"Running Make libs in ps7_cortexa9_0/libsrc/qspips_v3_2/src"
make -C ps7_cortexa9_0/libsrc/qspips_v3_2/src -s libs  "SHELL=CMD" "COMPILER=arm-xilinx-eabi-gcc" "ARCHIVER=arm-xilinx-eabi-ar" "COMPILER_FLAGS=  -O2 -c" "EXTRA_COMPILER_FLAGS=-g"
"Compiling qspips"
"Running Make libs in ps7_cortexa9_0/libsrc/scugic_v3_1/src"
make -C ps7_cortexa9_0/libsrc/scugic_v3_1/src -s libs  "SHELL=CMD" "COMPILER=arm-xilinx-eabi-gcc" "ARCHIVER=arm-xilinx-eabi-ar" "COMPILER_FLAGS=  -O2 -c" "EXTRA_COMPILER_FLAGS=-g"
"Compiling scugic"
"Running Make libs in ps7_cortexa9_0/libsrc/scutimer_v2_1/src"
make -C ps7_cortexa9_0/libsrc/scutimer_v2_1/src -s libs  "SHELL=CMD" "COMPILER=arm-xilinx-eabi-gcc" "ARCHIVER=arm-xilinx-eabi-ar" "COMPILER_FLAGS=  -O2 -c" "EXTRA_COMPILER_FLAGS=-g"
"Compiling scutimer"
"Running Make libs in ps7_cortexa9_0/libsrc/scuwdt_v2_1/src"
make -C ps7_cortexa9_0/libsrc/scuwdt_v2_1/src -s libs  "SHELL=CMD" "COMPILER=arm-xilinx-eabi-gcc" "ARCHIVER=arm-xilinx-eabi-ar" "COMPILER_FLAGS=  -O2 -c" "EXTRA_COMPILER_FLAGS=-g"
"Compiling scuwdt"
"Running Make libs in ps7_cortexa9_0/libsrc/sdps_v2_6/src"
make -C ps7_cortexa9_0/libsrc/sdps_v2_6/src -s libs  "SHELL=CMD" "COMPILER=arm-xilinx-eabi-gcc" "ARCHIVER=arm-xilinx-eabi-ar" "COMPILER_FLAGS=  -O2 -c" "EXTRA_COMPILER_FLAGS=-g"
"Compiling sdps"
"Running Make libs in ps7_cortexa9_0/libsrc/standalone_v5_3/src"
make -C ps7_cortexa9_0/libsrc/standalone_v5_3/src -s libs  "SHELL=CMD" "COMPILER=arm-xilinx-eabi-gcc" "ARCHIVER=arm-xilinx-eabi-ar" "COMPILER_FLAGS=  -O2 -c" "EXTRA_COMPILER_FLAGS=-g"
"Compiling standalone"
"Running Make libs in ps7_cortexa9_0/libsrc/ttcps_v3_0/src"
make -C ps7_cortexa9_0/libsrc/ttcps_v3_0/src -s libs  "SHELL=CMD" "COMPILER=arm-xilinx-eabi-gcc" "ARCHIVER=arm-xilinx-eabi-ar" "COMPILER_FLAGS=  -O2 -c" "EXTRA_COMPILER_FLAGS=-g"
"Compiling ttcps"
"Running Make libs in ps7_cortexa9_0/libsrc/uartps_v3_1/src"
make -C ps7_cortexa9_0/libsrc/uartps_v3_1/src -s libs  "SHELL=CMD" "COMPILER=arm-xilinx-eabi-gcc" "ARCHIVER=arm-xilinx-eabi-ar" "COMPILER_FLAGS=  -O2 -c" "EXTRA_COMPILER_FLAGS=-g"
"Compiling uartps"
"Running Make libs in ps7_cortexa9_0/libsrc/usbps_v2_2/src"
make -C ps7_cortexa9_0/libsrc/usbps_v2_2/src -s libs  "SHELL=CMD" "COMPILER=arm-xilinx-eabi-gcc" "ARCHIVER=arm-xilinx-eabi-ar" "COMPILER_FLAGS=  -O2 -c" "EXTRA_COMPILER_FLAGS=-g"
"Compiling usbps"
"Running Make libs in ps7_cortexa9_0/libsrc/xadcps_v2_2/src"
make -C ps7_cortexa9_0/libsrc/xadcps_v2_2/src -s libs  "SHELL=CMD" "COMPILER=arm-xilinx-eabi-gcc" "ARCHIVER=arm-xilinx-eabi-ar" "COMPILER_FLAGS=  -O2 -c" "EXTRA_COMPILER_FLAGS=-g"
"Compiling xadcps"
'Finished building libraries'
19:57:30 **** Build of configuration Debug for project zybe_receiver ****
make all 
'Building file: C:/Users/Mike/Documents/osiris-hdl/sw/common/buf_controller.c'
'Invoking: ARM gcc compiler'
arm-xilinx-eabi-gcc -Wall -O0 -g3 -c -fmessage-length=0 -MT"src/buf_controller.o" -I../../zybe_receiver_bsp/ps7_cortexa9_0/include -MMD -MP -MF"src/buf_controller.d" -MT"src/buf_controller.d" -o "src/buf_controller.o" "C:/Users/Mike/Documents/osiris-hdl/sw/common/buf_controller.c"
C:/Users/Mike/Documents/osiris-hdl/sw/common/buf_controller.c:15:29: fatal error: platform_config.h: No such file or directory
 #include "platform_config.h"
                             ^
compilation terminated.
make: *** [src/buf_controller.o] Error 1
19:58:15 **** Clean-only build of configuration Debug for project zybe_receiver ****
make clean 
rm -rf  ./src/buf_controller.o ./src/framebuf.o ./src/helloworld.o ./src/interrupt.o ./src/platform.o  ./buf_controller.o ./framebuf.o ./interrupt.o  ./src/buf_controller.d ./src/framebuf.d ./src/helloworld.d ./src/interrupt.d ./src/platform.d  ./buf_controller.d ./framebuf.d ./interrupt.d  zybe_receiver.elf.size  zybe_receiver.elf
' '
19:58:16 **** Auto Build of configuration Debug for project zybe_receiver ****
make all 
'Building file: C:/Users/Mike/Documents/osiris-hdl/sw/common/buf_controller.c'
'Invoking: ARM gcc compiler'
arm-xilinx-eabi-gcc -Wall -O0 -g3 -I"C:\Users\Mike\Documents\osiris-hdl\projects\zybo_receiver\zybo_receiver.sdk\zybe_receiver\src" -c -fmessage-length=0 -MT"src/buf_controller.o" -I../../zybe_receiver_bsp/ps7_cortexa9_0/include -MMD -MP -MF"src/buf_controller.d" -MT"src/buf_controller.d" -o "src/buf_controller.o" "C:/Users/Mike/Documents/osiris-hdl/sw/common/buf_controller.c"
C:/Users/Mike/Documents/osiris-hdl/sw/common/buf_controller.c:86:6: warning: 'line_valid_isr' defined but not used [-Wunused-function]
 void line_valid_isr(void *line_valid_flag) {
      ^
C:/Users/Mike/Documents/osiris-hdl/sw/common/buf_controller.c:90:6: warning: 'frame_valid_isr' defined but not used [-Wunused-function]
 void frame_valid_isr(void *frame_valid_flag) {
      ^
'Finished building: C:/Users/Mike/Documents/osiris-hdl/sw/common/buf_controller.c'
' '
'Building file: C:/Users/Mike/Documents/osiris-hdl/sw/common/framebuf.c'
'Invoking: ARM gcc compiler'
arm-xilinx-eabi-gcc -Wall -O0 -g3 -I"C:\Users\Mike\Documents\osiris-hdl\projects\zybo_receiver\zybo_receiver.sdk\zybe_receiver\src" -c -fmessage-length=0 -MT"src/framebuf.o" -I../../zybe_receiver_bsp/ps7_cortexa9_0/include -MMD -MP -MF"src/framebuf.d" -MT"src/framebuf.d" -o "src/framebuf.o" "C:/Users/Mike/Documents/osiris-hdl/sw/common/framebuf.c"
'Finished building: C:/Users/Mike/Documents/osiris-hdl/sw/common/framebuf.c'
' '
'Building file: ../src/helloworld.c'
'Invoking: ARM gcc compiler'
arm-xilinx-eabi-gcc -Wall -O0 -g3 -I"C:\Users\Mike\Documents\osiris-hdl\projects\zybo_receiver\zybo_receiver.sdk\zybe_receiver\src" -c -fmessage-length=0 -MT"src/helloworld.o" -I../../zybe_receiver_bsp/ps7_cortexa9_0/include -MMD -MP -MF"src/helloworld.d" -MT"src/helloworld.d" -o "src/helloworld.o" "../src/helloworld.c"
../src/helloworld.c:50:28: fatal error: buf_controller.h: No such file or directory
 #include "buf_controller.h"
                            ^
compilation terminated.
make: *** [src/helloworld.o] Error 1
19:58:20 **** Clean-only build of configuration Debug for project zybe_receiver ****
make clean 
rm -rf  ./src/buf_controller.o ./src/framebuf.o ./src/helloworld.o ./src/interrupt.o ./src/platform.o  ./buf_controller.o ./framebuf.o ./interrupt.o  ./src/buf_controller.d ./src/framebuf.d ./src/helloworld.d ./src/interrupt.d ./src/platform.d  ./buf_controller.d ./framebuf.d ./interrupt.d  zybe_receiver.elf.size zybe_receiver.elf.size  zybe_receiver.elf
' '
19:58:21 **** Auto Build of configuration Debug for project zybe_receiver ****
make all 
'Building file: C:/Users/Mike/Documents/osiris-hdl/sw/common/buf_controller.c'
'Invoking: ARM gcc compiler'
arm-xilinx-eabi-gcc -Wall -O0 -g3 -I"C:\Users\Mike\Documents\osiris-hdl\projects\zybo_receiver\zybo_receiver.sdk\zybe_receiver\src" -c -fmessage-length=0 -MT"src/buf_controller.o" -I../../zybe_receiver_bsp/ps7_cortexa9_0/include -MMD -MP -MF"src/buf_controller.d" -MT"src/buf_controller.d" -o "src/buf_controller.o" "C:/Users/Mike/Documents/osiris-hdl/sw/common/buf_controller.c"
C:/Users/Mike/Documents/osiris-hdl/sw/common/buf_controller.c:86:6: warning: 'line_valid_isr' defined but not used [-Wunused-function]
 void line_valid_isr(void *line_valid_flag) {
      ^
C:/Users/Mike/Documents/osiris-hdl/sw/common/buf_controller.c:90:6: warning: 'frame_valid_isr' defined but not used [-Wunused-function]
 void frame_valid_isr(void *frame_valid_flag) {
      ^
'Finished building: C:/Users/Mike/Documents/osiris-hdl/sw/common/buf_controller.c'
' '
'Building file: C:/Users/Mike/Documents/osiris-hdl/sw/common/framebuf.c'
'Invoking: ARM gcc compiler'
arm-xilinx-eabi-gcc -Wall -O0 -g3 -I"C:\Users\Mike\Documents\osiris-hdl\projects\zybo_receiver\zybo_receiver.sdk\zybe_receiver\src" -c -fmessage-length=0 -MT"src/framebuf.o" -I../../zybe_receiver_bsp/ps7_cortexa9_0/include -MMD -MP -MF"src/framebuf.d" -MT"src/framebuf.d" -o "src/framebuf.o" "C:/Users/Mike/Documents/osiris-hdl/sw/common/framebuf.c"
'Finished building: C:/Users/Mike/Documents/osiris-hdl/sw/common/framebuf.c'
' '
'Building file: ../src/helloworld.c'
'Invoking: ARM gcc compiler'
arm-xilinx-eabi-gcc -Wall -O0 -g3 -I"C:\Users\Mike\Documents\osiris-hdl\projects\zybo_receiver\zybo_receiver.sdk\zybe_receiver\src" -c -fmessage-length=0 -MT"src/helloworld.o" -I../../zybe_receiver_bsp/ps7_cortexa9_0/include -MMD -MP -MF"src/helloworld.d" -MT"src/helloworld.d" -o "src/helloworld.o" "../src/helloworld.c"
../src/helloworld.c:50:28: fatal error: buf_controller.h: No such file or directory
 #include "buf_controller.h"
                            ^
compilation terminated.
make: *** [src/helloworld.o] Error 1
19:58:37 **** Clean-only build of configuration Debug for project zybe_receiver ****
make clean 
rm -rf  ./src/buf_controller.o ./src/framebuf.o ./src/helloworld.o ./src/interrupt.o ./src/platform.o  ./buf_controller.o ./framebuf.o ./interrupt.o  ./src/buf_controller.d ./src/framebuf.d ./src/helloworld.d ./src/interrupt.d ./src/platform.d  ./buf_controller.d ./framebuf.d ./interrupt.d  zybe_receiver.elf.size zybe_receiver.elf.size  zybe_receiver.elf
' '
19:58:37 **** Auto Build of configuration Debug for project zybe_receiver ****
make all 
'Building file: ../src/helloworld.c'
'Invoking: ARM gcc compiler'
arm-xilinx-eabi-gcc -Wall -O0 -g3 -I"C:\Users\Mike\Documents\osiris-hdl\projects\zybo_receiver\zybo_receiver.sdk\zybe_receiver\src" -c -fmessage-length=0 -MT"src/helloworld.o" -I../../zybe_receiver_bsp/ps7_cortexa9_0/include -MMD -MP -MF"src/helloworld.d" -MT"src/helloworld.d" -o "src/helloworld.o" "../src/helloworld.c"
../src/helloworld.c:50:28: fatal error: buf_controller.h: No such file or directory
 #include "buf_controller.h"
                            ^
compilation terminated.
make: *** [src/helloworld.o] Error 1
19:58:44 **** Clean-only build of configuration Debug for project zybe_receiver ****
make clean 
rm -rf  ./src/helloworld.o ./src/interrupt.o ./src/platform.o  ./buf_controller.o ./framebuf.o ./interrupt.o  ./src/helloworld.d ./src/interrupt.d ./src/platform.d  ./buf_controller.d ./framebuf.d ./interrupt.d  zybe_receiver.elf.size zybe_receiver.elf.size  zybe_receiver.elf
' '
19:58:44 **** Auto Build of configuration Debug for project zybe_receiver ****
make all 
'Building file: ../src/helloworld.c'
'Invoking: ARM gcc compiler'
arm-xilinx-eabi-gcc -Wall -O0 -g3 -I"C:\Users\Mike\Documents\osiris-hdl\projects\zybo_receiver\zybo_receiver.sdk\zybe_receiver\src" -c -fmessage-length=0 -MT"src/helloworld.o" -I../../zybe_receiver_bsp/ps7_cortexa9_0/include -MMD -MP -MF"src/helloworld.d" -MT"src/helloworld.d" -o "src/helloworld.o" "../src/helloworld.c"
../src/helloworld.c:50:28: fatal error: buf_controller.h: No such file or directory
 #include "buf_controller.h"
                            ^
compilation terminated.
make: *** [src/helloworld.o] Error 1
19:59:12 **** Auto Build of configuration Debug for project zybe_receiver ****
make all 
'Building file: ../src/helloworld.c'
'Invoking: ARM gcc compiler'
arm-xilinx-eabi-gcc -Wall -O0 -g3 -I"C:\Users\Mike\Documents\osiris-hdl\projects\zybo_receiver\zybo_receiver.sdk\zybe_receiver\src" -c -fmessage-length=0 -MT"src/helloworld.o" -I../../zybe_receiver_bsp/ps7_cortexa9_0/include -MMD -MP -MF"src/helloworld.d" -MT"src/helloworld.d" -o "src/helloworld.o" "../src/helloworld.c"
../src/helloworld.c:50:28: fatal error: buf_controller.h: No such file or directory
 #include "buf_controller.h"
                            ^
compilation terminated.
make: *** [src/helloworld.o] Error 1
19:59:53 **** Clean-only build of configuration Debug for project zybe_receiver ****
make clean 
rm -rf  ./src/helloworld.o ./src/platform.o  ./common/buf_controller.o ./common/framebuf.o ./common/interrupt.o  ./buf_controller.o ./framebuf.o ./interrupt.o  ./src/helloworld.d ./src/platform.d  ./common/buf_controller.d ./common/framebuf.d ./common/interrupt.d  ./buf_controller.d ./framebuf.d ./interrupt.d  zybe_receiver.elf.size zybe_receiver.elf.size  zybe_receiver.elf
' '
19:59:53 **** Auto Build of configuration Debug for project zybe_receiver ****
make all 
'Building file: ../src/helloworld.c'
'Invoking: ARM gcc compiler'
arm-xilinx-eabi-gcc -Wall -O0 -g3 -I"C:\Users\Mike\Documents\osiris-hdl\projects\zybo_receiver\zybo_receiver.sdk\zybe_receiver\src" -c -fmessage-length=0 -MT"src/helloworld.o" -I../../zybe_receiver_bsp/ps7_cortexa9_0/include -MMD -MP -MF"src/helloworld.d" -MT"src/helloworld.d" -o "src/helloworld.o" "../src/helloworld.c"
../src/helloworld.c:50:28: fatal error: buf_controller.h: No such file or directory
 #include "buf_controller.h"
                            ^
compilation terminated.
make: *** [src/helloworld.o] Error 1
20:00:13 **** Clean-only build of configuration Debug for project zybe_receiver ****
make clean 
rm -rf  ./src/helloworld.o ./src/platform.o  ./common/buf_controller.o ./common/framebuf.o ./common/interrupt.o  ./buf_controller.o ./framebuf.o ./interrupt.o  ./src/helloworld.d ./src/platform.d  ./common/buf_controller.d ./common/framebuf.d ./common/interrupt.d  ./buf_controller.d ./framebuf.d ./interrupt.d  zybe_receiver.elf.size zybe_receiver.elf.size  zybe_receiver.elf
' '
20:00:13 **** Clean-only build of project zybe_receiver_bsp ****
make -k clean 
rm -f ps7_cortexa9_0/lib/libxil.a
20:00:13 **** Build of project zybe_receiver_bsp ****
make -k all 
"Running Make include in ps7_cortexa9_0/libsrc/axicdma_v4_0/src"
make -C ps7_cortexa9_0/libsrc/axicdma_v4_0/src -s include  "SHELL=CMD" "COMPILER=arm-xilinx-eabi-gcc" "ARCHIVER=arm-xilinx-eabi-ar" "COMPILER_FLAGS=  -O2 -c" "EXTRA_COMPILER_FLAGS=-g"
"Running Make include in ps7_cortexa9_0/libsrc/coresightps_dcc_v1_2/src"
make -C ps7_cortexa9_0/libsrc/coresightps_dcc_v1_2/src -s include  "SHELL=CMD" "COMPILER=arm-xilinx-eabi-gcc" "ARCHIVER=arm-xilinx-eabi-ar" "COMPILER_FLAGS=  -O2 -c" "EXTRA_COMPILER_FLAGS=-g"
"Running Make include in ps7_cortexa9_0/libsrc/cpu_cortexa9_v2_1/src"
make -C ps7_cortexa9_0/libsrc/cpu_cortexa9_v2_1/src -s include  "SHELL=CMD" "COMPILER=arm-xilinx-eabi-gcc" "ARCHIVER=arm-xilinx-eabi-ar" "COMPILER_FLAGS=  -O2 -c" "EXTRA_COMPILER_FLAGS=-g"
"Running Make include in ps7_cortexa9_0/libsrc/ddrps_v1_0/src"
make -C ps7_cortexa9_0/libsrc/ddrps_v1_0/src -s include  "SHELL=CMD" "COMPILER=arm-xilinx-eabi-gcc" "ARCHIVER=arm-xilinx-eabi-ar" "COMPILER_FLAGS=  -O2 -c" "EXTRA_COMPILER_FLAGS=-g"
"Running Make include in ps7_cortexa9_0/libsrc/devcfg_v3_3/src"
make -C ps7_cortexa9_0/libsrc/devcfg_v3_3/src -s include  "SHELL=CMD" "COMPILER=arm-xilinx-eabi-gcc" "ARCHIVER=arm-xilinx-eabi-ar" "COMPILER_FLAGS=  -O2 -c" "EXTRA_COMPILER_FLAGS=-g"
"Running Make include in ps7_cortexa9_0/libsrc/dmaps_v2_1/src"
make -C ps7_cortexa9_0/libsrc/dmaps_v2_1/src -s include  "SHELL=CMD" "COMPILER=arm-xilinx-eabi-gcc" "ARCHIVER=arm-xilinx-eabi-ar" "COMPILER_FLAGS=  -O2 -c" "EXTRA_COMPILER_FLAGS=-g"
"Running Make include in ps7_cortexa9_0/libsrc/emacps_v3_1/src"
make -C ps7_cortexa9_0/libsrc/emacps_v3_1/src -s include  "SHELL=CMD" "COMPILER=arm-xilinx-eabi-gcc" "ARCHIVER=arm-xilinx-eabi-ar" "COMPILER_FLAGS=  -O2 -c" "EXTRA_COMPILER_FLAGS=-g"
"Running Make include in ps7_cortexa9_0/libsrc/gpiops_v3_1/src"
make -C ps7_cortexa9_0/libsrc/gpiops_v3_1/src -s include  "SHELL=CMD" "COMPILER=arm-xilinx-eabi-gcc" "ARCHIVER=arm-xilinx-eabi-ar" "COMPILER_FLAGS=  -O2 -c" "EXTRA_COMPILER_FLAGS=-g"
"Running Make include in ps7_cortexa9_0/libsrc/qspips_v3_2/src"
make -C ps7_cortexa9_0/libsrc/qspips_v3_2/src -s include  "SHELL=CMD" "COMPILER=arm-xilinx-eabi-gcc" "ARCHIVER=arm-xilinx-eabi-ar" "COMPILER_FLAGS=  -O2 -c" "EXTRA_COMPILER_FLAGS=-g"
"Running Make include in ps7_cortexa9_0/libsrc/scugic_v3_1/src"
make -C ps7_cortexa9_0/libsrc/scugic_v3_1/src -s include  "SHELL=CMD" "COMPILER=arm-xilinx-eabi-gcc" "ARCHIVER=arm-xilinx-eabi-ar" "COMPILER_FLAGS=  -O2 -c" "EXTRA_COMPILER_FLAGS=-g"
"Running Make include in ps7_cortexa9_0/libsrc/scutimer_v2_1/src"
make -C ps7_cortexa9_0/libsrc/scutimer_v2_1/src -s include  "SHELL=CMD" "COMPILER=arm-xilinx-eabi-gcc" "ARCHIVER=arm-xilinx-eabi-ar" "COMPILER_FLAGS=  -O2 -c" "EXTRA_COMPILER_FLAGS=-g"
"Running Make include in ps7_cortexa9_0/libsrc/scuwdt_v2_1/src"
make -C ps7_cortexa9_0/libsrc/scuwdt_v2_1/src -s include  "SHELL=CMD" "COMPILER=arm-xilinx-eabi-gcc" "ARCHIVER=arm-xilinx-eabi-ar" "COMPILER_FLAGS=  -O2 -c" "EXTRA_COMPILER_FLAGS=-g"
"Running Make include in ps7_cortexa9_0/libsrc/sdps_v2_6/src"
make -C ps7_cortexa9_0/libsrc/sdps_v2_6/src -s include  "SHELL=CMD" "COMPILER=arm-xilinx-eabi-gcc" "ARCHIVER=arm-xilinx-eabi-ar" "COMPILER_FLAGS=  -O2 -c" "EXTRA_COMPILER_FLAGS=-g"
"Running Make include in ps7_cortexa9_0/libsrc/standalone_v5_3/src"
make -C ps7_cortexa9_0/libsrc/standalone_v5_3/src -s include  "SHELL=CMD" "COMPILER=arm-xilinx-eabi-gcc" "ARCHIVER=arm-xilinx-eabi-ar" "COMPILER_FLAGS=  -O2 -c" "EXTRA_COMPILER_FLAGS=-g"
"Running Make include in ps7_cortexa9_0/libsrc/ttcps_v3_0/src"
make -C ps7_cortexa9_0/libsrc/ttcps_v3_0/src -s include  "SHELL=CMD" "COMPILER=arm-xilinx-eabi-gcc" "ARCHIVER=arm-xilinx-eabi-ar" "COMPILER_FLAGS=  -O2 -c" "EXTRA_COMPILER_FLAGS=-g"
"Running Make include in ps7_cortexa9_0/libsrc/uartps_v3_1/src"
make -C ps7_cortexa9_0/libsrc/uartps_v3_1/src -s include  "SHELL=CMD" "COMPILER=arm-xilinx-eabi-gcc" "ARCHIVER=arm-xilinx-eabi-ar" "COMPILER_FLAGS=  -O2 -c" "EXTRA_COMPILER_FLAGS=-g"
"Running Make include in ps7_cortexa9_0/libsrc/usbps_v2_2/src"
make -C ps7_cortexa9_0/libsrc/usbps_v2_2/src -s include  "SHELL=CMD" "COMPILER=arm-xilinx-eabi-gcc" "ARCHIVER=arm-xilinx-eabi-ar" "COMPILER_FLAGS=  -O2 -c" "EXTRA_COMPILER_FLAGS=-g"
"Running Make include in ps7_cortexa9_0/libsrc/xadcps_v2_2/src"
make -C ps7_cortexa9_0/libsrc/xadcps_v2_2/src -s include  "SHELL=CMD" "COMPILER=arm-xilinx-eabi-gcc" "ARCHIVER=arm-xilinx-eabi-ar" "COMPILER_FLAGS=  -O2 -c" "EXTRA_COMPILER_FLAGS=-g"
"Running Make libs in ps7_cortexa9_0/libsrc/axicdma_v4_0/src"
make -C ps7_cortexa9_0/libsrc/axicdma_v4_0/src -s libs  "SHELL=CMD" "COMPILER=arm-xilinx-eabi-gcc" "ARCHIVER=arm-xilinx-eabi-ar" "COMPILER_FLAGS=  -O2 -c" "EXTRA_COMPILER_FLAGS=-g"
"Compiling axicdma"
xaxicdma_bdring.c: In function 'XAxiCdma_BdRingGetCurrBd':
xaxicdma_bdring.c:204:10: warning: cast to pointer from integer of different size [-Wint-to-pointer-cast]
   return (XAxiCdma_Bd *)((XAxiCdma_BdRead(InstancePtr->BaseAddr, XAXICDMA_CDESC_OFFSET)) |
          ^
arm-xilinx-eabi-ar: creating ../../../lib/libxil.a
"Running Make libs in ps7_cortexa9_0/libsrc/coresightps_dcc_v1_2/src"
make -C ps7_cortexa9_0/libsrc/coresightps_dcc_v1_2/src -s libs  "SHELL=CMD" "COMPILER=arm-xilinx-eabi-gcc" "ARCHIVER=arm-xilinx-eabi-ar" "COMPILER_FLAGS=  -O2 -c" "EXTRA_COMPILER_FLAGS=-g"
"Compiling coresightps_dcc"
"Running Make libs in ps7_cortexa9_0/libsrc/cpu_cortexa9_v2_1/src"
make -C ps7_cortexa9_0/libsrc/cpu_cortexa9_v2_1/src -s libs  "SHELL=CMD" "COMPILER=arm-xilinx-eabi-gcc" "ARCHIVER=arm-xilinx-eabi-ar" "COMPILER_FLAGS=  -O2 -c" "EXTRA_COMPILER_FLAGS=-g"
"Compiling cpu_cortexa9"
"Running Make libs in ps7_cortexa9_0/libsrc/ddrps_v1_0/src"
make -C ps7_cortexa9_0/libsrc/ddrps_v1_0/src -s libs  "SHELL=CMD" "COMPILER=arm-xilinx-eabi-gcc" "ARCHIVER=arm-xilinx-eabi-ar" "COMPILER_FLAGS=  -O2 -c" "EXTRA_COMPILER_FLAGS=-g"
"Compiling ddrps"
"Running Make libs in ps7_cortexa9_0/libsrc/devcfg_v3_3/src"
make -C ps7_cortexa9_0/libsrc/devcfg_v3_3/src -s libs  "SHELL=CMD" "COMPILER=arm-xilinx-eabi-gcc" "ARCHIVER=arm-xilinx-eabi-ar" "COMPILER_FLAGS=  -O2 -c" "EXTRA_COMPILER_FLAGS=-g"
"Compiling devcfg"
"Running Make libs in ps7_cortexa9_0/libsrc/dmaps_v2_1/src"
make -C ps7_cortexa9_0/libsrc/dmaps_v2_1/src -s libs  "SHELL=CMD" "COMPILER=arm-xilinx-eabi-gcc" "ARCHIVER=arm-xilinx-eabi-ar" "COMPILER_FLAGS=  -O2 -c" "EXTRA_COMPILER_FLAGS=-g"
"Compiling dmaps"
"Running Make libs in ps7_cortexa9_0/libsrc/emacps_v3_1/src"
make -C ps7_cortexa9_0/libsrc/emacps_v3_1/src -s libs  "SHELL=CMD" "COMPILER=arm-xilinx-eabi-gcc" "ARCHIVER=arm-xilinx-eabi-ar" "COMPILER_FLAGS=  -O2 -c" "EXTRA_COMPILER_FLAGS=-g"
"Compiling emacps"
"Running Make libs in ps7_cortexa9_0/libsrc/gpiops_v3_1/src"
make -C ps7_cortexa9_0/libsrc/gpiops_v3_1/src -s libs  "SHELL=CMD" "COMPILER=arm-xilinx-eabi-gcc" "ARCHIVER=arm-xilinx-eabi-ar" "COMPILER_FLAGS=  -O2 -c" "EXTRA_COMPILER_FLAGS=-g"
"Compiling gpiops"
"Running Make libs in ps7_cortexa9_0/libsrc/qspips_v3_2/src"
make -C ps7_cortexa9_0/libsrc/qspips_v3_2/src -s libs  "SHELL=CMD" "COMPILER=arm-xilinx-eabi-gcc" "ARCHIVER=arm-xilinx-eabi-ar" "COMPILER_FLAGS=  -O2 -c" "EXTRA_COMPILER_FLAGS=-g"
"Compiling qspips"
"Running Make libs in ps7_cortexa9_0/libsrc/scugic_v3_1/src"
make -C ps7_cortexa9_0/libsrc/scugic_v3_1/src -s libs  "SHELL=CMD" "COMPILER=arm-xilinx-eabi-gcc" "ARCHIVER=arm-xilinx-eabi-ar" "COMPILER_FLAGS=  -O2 -c" "EXTRA_COMPILER_FLAGS=-g"
"Compiling scugic"
"Running Make libs in ps7_cortexa9_0/libsrc/scutimer_v2_1/src"
make -C ps7_cortexa9_0/libsrc/scutimer_v2_1/src -s libs  "SHELL=CMD" "COMPILER=arm-xilinx-eabi-gcc" "ARCHIVER=arm-xilinx-eabi-ar" "COMPILER_FLAGS=  -O2 -c" "EXTRA_COMPILER_FLAGS=-g"
"Compiling scutimer"
"Running Make libs in ps7_cortexa9_0/libsrc/scuwdt_v2_1/src"
make -C ps7_cortexa9_0/libsrc/scuwdt_v2_1/src -s libs  "SHELL=CMD" "COMPILER=arm-xilinx-eabi-gcc" "ARCHIVER=arm-xilinx-eabi-ar" "COMPILER_FLAGS=  -O2 -c" "EXTRA_COMPILER_FLAGS=-g"
"Compiling scuwdt"
"Running Make libs in ps7_cortexa9_0/libsrc/sdps_v2_6/src"
make -C ps7_cortexa9_0/libsrc/sdps_v2_6/src -s libs  "SHELL=CMD" "COMPILER=arm-xilinx-eabi-gcc" "ARCHIVER=arm-xilinx-eabi-ar" "COMPILER_FLAGS=  -O2 -c" "EXTRA_COMPILER_FLAGS=-g"
"Compiling sdps"
"Running Make libs in ps7_cortexa9_0/libsrc/standalone_v5_3/src"
make -C ps7_cortexa9_0/libsrc/standalone_v5_3/src -s libs  "SHELL=CMD" "COMPILER=arm-xilinx-eabi-gcc" "ARCHIVER=arm-xilinx-eabi-ar" "COMPILER_FLAGS=  -O2 -c" "EXTRA_COMPILER_FLAGS=-g"
"Compiling standalone"
"Running Make libs in ps7_cortexa9_0/libsrc/ttcps_v3_0/src"
make -C ps7_cortexa9_0/libsrc/ttcps_v3_0/src -s libs  "SHELL=CMD" "COMPILER=arm-xilinx-eabi-gcc" "ARCHIVER=arm-xilinx-eabi-ar" "COMPILER_FLAGS=  -O2 -c" "EXTRA_COMPILER_FLAGS=-g"
"Compiling ttcps"
"Running Make libs in ps7_cortexa9_0/libsrc/uartps_v3_1/src"
make -C ps7_cortexa9_0/libsrc/uartps_v3_1/src -s libs  "SHELL=CMD" "COMPILER=arm-xilinx-eabi-gcc" "ARCHIVER=arm-xilinx-eabi-ar" "COMPILER_FLAGS=  -O2 -c" "EXTRA_COMPILER_FLAGS=-g"
"Compiling uartps"
"Running Make libs in ps7_cortexa9_0/libsrc/usbps_v2_2/src"
make -C ps7_cortexa9_0/libsrc/usbps_v2_2/src -s libs  "SHELL=CMD" "COMPILER=arm-xilinx-eabi-gcc" "ARCHIVER=arm-xilinx-eabi-ar" "COMPILER_FLAGS=  -O2 -c" "EXTRA_COMPILER_FLAGS=-g"
"Compiling usbps"
"Running Make libs in ps7_cortexa9_0/libsrc/xadcps_v2_2/src"
make -C ps7_cortexa9_0/libsrc/xadcps_v2_2/src -s libs  "SHELL=CMD" "COMPILER=arm-xilinx-eabi-gcc" "ARCHIVER=arm-xilinx-eabi-ar" "COMPILER_FLAGS=  -O2 -c" "EXTRA_COMPILER_FLAGS=-g"
"Compiling xadcps"
'Finished building libraries'
20:00:41 **** Build of configuration Debug for project zybe_receiver ****
make all 
'Building file: ../src/helloworld.c'
'Invoking: ARM gcc compiler'
arm-xilinx-eabi-gcc -Wall -O0 -g3 -I"C:\Users\Mike\Documents\osiris-hdl\projects\zybo_receiver\zybo_receiver.sdk\zybe_receiver\src" -c -fmessage-length=0 -MT"src/helloworld.o" -I../../zybe_receiver_bsp/ps7_cortexa9_0/include -MMD -MP -MF"src/helloworld.d" -MT"src/helloworld.d" -o "src/helloworld.o" "../src/helloworld.c"
../src/helloworld.c:50:28: fatal error: buf_controller.h: No such file or directory
 #include "buf_controller.h"
                            ^
compilation terminated.
make: *** [src/helloworld.o] Error 1
20:01:00 **** Clean-only build of configuration Debug for project zybe_receiver ****
make clean 
rm -rf  ./src/helloworld.o ./src/platform.o  ./common/buf_controller.o ./common/framebuf.o ./common/interrupt.o  ./buf_controller.o ./framebuf.o ./interrupt.o  ./src/helloworld.d ./src/platform.d  ./common/buf_controller.d ./common/framebuf.d ./common/interrupt.d  ./buf_controller.d ./framebuf.d ./interrupt.d  zybe_receiver.elf.size zybe_receiver.elf.size  zybe_receiver.elf
' '
20:01:00 **** Auto Build of configuration Debug for project zybe_receiver ****
make all 
'Building file: ../src/helloworld.c'
'Invoking: ARM gcc compiler'
arm-xilinx-eabi-gcc -Wall -O0 -g3 -I"C:\Users\Mike\Documents\osiris-hdl\projects\zybo_receiver\zybo_receiver.sdk\zybe_receiver\src" -c -fmessage-length=0 -MT"src/helloworld.o" -I../../zybe_receiver_bsp/ps7_cortexa9_0/include -MMD -MP -MF"src/helloworld.d" -MT"src/helloworld.d" -o "src/helloworld.o" "../src/helloworld.c"
../src/helloworld.c:50:28: fatal error: buf_controller.h: No such file or directory
 #include "buf_controller.h"
                            ^
compilation terminated.
make: *** [src/helloworld.o] Error 1
20:01:40 **** Build of configuration Debug for project zybo_receiver ****
make all 
'Building file: ../src/helloworld.c'
'Invoking: ARM gcc compiler'
arm-xilinx-eabi-gcc -Wall -O0 -g3 -c -fmessage-length=0 -MT"src/helloworld.o" -I../../zybe_receiver_bsp/ps7_cortexa9_0/include -MMD -MP -MF"src/helloworld.d" -MT"src/helloworld.d" -o "src/helloworld.o" "../src/helloworld.c"
'Finished building: ../src/helloworld.c'
' '
'Building file: ../src/platform.c'
'Invoking: ARM gcc compiler'
arm-xilinx-eabi-gcc -Wall -O0 -g3 -c -fmessage-length=0 -MT"src/platform.o" -I../../zybe_receiver_bsp/ps7_cortexa9_0/include -MMD -MP -MF"src/platform.d" -MT"src/platform.d" -o "src/platform.o" "../src/platform.c"
'Finished building: ../src/platform.c'
' '
'Building target: zybo_receiver.elf'
'Invoking: ARM gcc linker'
arm-xilinx-eabi-gcc -Wl,-T -Wl,../src/lscript.ld -L../../zybe_receiver_bsp/ps7_cortexa9_0/lib -o "zybo_receiver.elf"  ./src/helloworld.o ./src/platform.o   -Wl,--start-group,-lxil,-lgcc,-lc,--end-group
'Finished building target: zybo_receiver.elf'
' '
'Invoking: ARM Print Size'
arm-xilinx-eabi-size zybo_receiver.elf  |tee "zybo_receiver.elf.size"
   text	   data	    bss	    dec	    hex	filename
  22888	   1152	  22564	  46604	   b60c	zybo_receiver.elf
'Finished building: zybo_receiver.elf.size'
' '
20:01:43 **** Auto Build of configuration Debug for project zybo_receiver ****
make all 
make: Nothing to be done for `all'.
20:05:30 **** Clean-only build of configuration Debug for project zybo_receiver ****
make clean 
rm -rf  ./src/helloworld.o ./src/platform.o  ./src/helloworld.d ./src/platform.d  zybo_receiver.elf.size  zybo_receiver.elf
' '
20:05:30 **** Auto Build of configuration Debug for project zybo_receiver ****
make all 
'Building file: ../src/helloworld.c'
'Invoking: ARM gcc compiler'
arm-xilinx-eabi-gcc -Wall -O0 -g3 -I"C:\Users\Mike\Documents\osiris-hdl\sw" -c -fmessage-length=0 -MT"src/helloworld.o" -I../../zybe_receiver_bsp/ps7_cortexa9_0/include -MMD -MP -MF"src/helloworld.d" -MT"src/helloworld.d" -o "src/helloworld.o" "../src/helloworld.c"
'Finished building: ../src/helloworld.c'
' '
'Building file: ../src/platform.c'
'Invoking: ARM gcc compiler'
arm-xilinx-eabi-gcc -Wall -O0 -g3 -I"C:\Users\Mike\Documents\osiris-hdl\sw" -c -fmessage-length=0 -MT"src/platform.o" -I../../zybe_receiver_bsp/ps7_cortexa9_0/include -MMD -MP -MF"src/platform.d" -MT"src/platform.d" -o "src/platform.o" "../src/platform.c"
'Finished building: ../src/platform.c'
' '
'Building target: zybo_receiver.elf'
'Invoking: ARM gcc linker'
arm-xilinx-eabi-gcc -Wl,-T -Wl,../src/lscript.ld -L../../zybe_receiver_bsp/ps7_cortexa9_0/lib -o "zybo_receiver.elf"  ./src/helloworld.o ./src/platform.o   -Wl,--start-group,-lxil,-lgcc,-lc,--end-group
'Finished building target: zybo_receiver.elf'
' '
'Invoking: ARM Print Size'
arm-xilinx-eabi-size zybo_receiver.elf  |tee "zybo_receiver.elf.size"
   text	   data	    bss	    dec	    hex	filename
  22888	   1152	  22564	  46604	   b60c	zybo_receiver.elf
'Finished building: zybo_receiver.elf.size'
' '
20:06:07 **** Clean-only build of configuration Debug for project zybo_receiver ****
make clean 
rm -rf  ./src/helloworld.o ./src/platform.o  ./src/helloworld.d ./src/platform.d  zybo_receiver.elf.size  zybo_receiver.elf
' '
20:06:08 **** Auto Build of configuration Debug for project zybo_receiver ****
make all 
'Building file: ../src/helloworld.c'
'Invoking: ARM gcc compiler'
arm-xilinx-eabi-gcc -Wall -O0 -g3 -I"C:\Users\Mike\Documents\osiris-hdl\sw" -c -fmessage-length=0 -MT"src/helloworld.o" -I../../zybe_receiver_bsp/ps7_cortexa9_0/include -MMD -MP -MF"src/helloworld.d" -MT"src/helloworld.d" -o "src/helloworld.o" "../src/helloworld.c"
'Finished building: ../src/helloworld.c'
' '
'Building file: ../src/platform.c'
'Invoking: ARM gcc compiler'
arm-xilinx-eabi-gcc -Wall -O0 -g3 -I"C:\Users\Mike\Documents\osiris-hdl\sw" -c -fmessage-length=0 -MT"src/platform.o" -I../../zybe_receiver_bsp/ps7_cortexa9_0/include -MMD -MP -MF"src/platform.d" -MT"src/platform.d" -o "src/platform.o" "../src/platform.c"
'Finished building: ../src/platform.c'
' '
'Building target: zybo_receiver.elf'
'Invoking: ARM gcc linker'
arm-xilinx-eabi-gcc -L"C:\Users\Mike\Documents\osiris-hdl\sw" -Wl,-T -Wl,../src/lscript.ld -L../../zybe_receiver_bsp/ps7_cortexa9_0/lib -o "zybo_receiver.elf"  ./src/helloworld.o ./src/platform.o   -lsw -Wl,--start-group,-lxil,-lgcc,-lc,--end-group
c:/xilinx/sdk/2015.4/gnu/arm/nt/bin/../lib/gcc/arm-xilinx-eabi/4.9.2/../../../../arm-xilinx-eabi/bin/ld.exe: cannot find -lsw
collect2.exe: error: ld returned 1 exit status
make: *** [zybo_receiver.elf] Error 1
20:06:11 **** Clean-only build of configuration Debug for project zybo_receiver ****
make clean 
rm -rf  ./src/helloworld.o ./src/platform.o  ./src/helloworld.d ./src/platform.d  zybo_receiver.elf.size  zybo_receiver.elf
' '
20:06:11 **** Auto Build of configuration Debug for project zybo_receiver ****
make all 
'Building file: ../src/helloworld.c'
'Invoking: ARM gcc compiler'
arm-xilinx-eabi-gcc -Wall -O0 -g3 -I"C:\Users\Mike\Documents\osiris-hdl\sw" -c -fmessage-length=0 -MT"src/helloworld.o" -I../../zybe_receiver_bsp/ps7_cortexa9_0/include -MMD -MP -MF"src/helloworld.d" -MT"src/helloworld.d" -o "src/helloworld.o" "../src/helloworld.c"
'Finished building: ../src/helloworld.c'
' '
'Building file: ../src/platform.c'
'Invoking: ARM gcc compiler'
arm-xilinx-eabi-gcc -Wall -O0 -g3 -I"C:\Users\Mike\Documents\osiris-hdl\sw" -c -fmessage-length=0 -MT"src/platform.o" -I../../zybe_receiver_bsp/ps7_cortexa9_0/include -MMD -MP -MF"src/platform.d" -MT"src/platform.d" -o "src/platform.o" "../src/platform.c"
'Finished building: ../src/platform.c'
' '
'Building target: zybo_receiver.elf'
'Invoking: ARM gcc linker'
arm-xilinx-eabi-gcc -L"C:\Users\Mike\Documents\osiris-hdl\sw" -Wl,-T -Wl,../src/lscript.ld -L../../zybe_receiver_bsp/ps7_cortexa9_0/lib -o "zybo_receiver.elf"  ./src/helloworld.o ./src/platform.o   -lsw -Wl,--start-group,-lxil,-lgcc,-lc,--end-group
c:/xilinx/sdk/2015.4/gnu/arm/nt/bin/../lib/gcc/arm-xilinx-eabi/4.9.2/../../../../arm-xilinx-eabi/bin/ld.exe: cannot find -lsw
collect2.exe: error: ld returned 1 exit status
make: *** [zybo_receiver.elf] Error 1
20:06:23 **** Clean-only build of configuration Debug for project zybo_receiver ****
make clean 
rm -rf  ./src/helloworld.o ./src/platform.o  ./src/helloworld.d ./src/platform.d  zybo_receiver.elf.size  zybo_receiver.elf
' '
20:06:23 **** Auto Build of configuration Debug for project zybo_receiver ****
make all 
'Building file: ../src/helloworld.c'
'Invoking: ARM gcc compiler'
arm-xilinx-eabi-gcc -Wall -O0 -g3 -I"C:\Users\Mike\Documents\osiris-hdl\sw" -c -fmessage-length=0 -MT"src/helloworld.o" -I../../zybe_receiver_bsp/ps7_cortexa9_0/include -MMD -MP -MF"src/helloworld.d" -MT"src/helloworld.d" -o "src/helloworld.o" "../src/helloworld.c"
'Finished building: ../src/helloworld.c'
' '
'Building file: ../src/platform.c'
'Invoking: ARM gcc compiler'
arm-xilinx-eabi-gcc -Wall -O0 -g3 -I"C:\Users\Mike\Documents\osiris-hdl\sw" -c -fmessage-length=0 -MT"src/platform.o" -I../../zybe_receiver_bsp/ps7_cortexa9_0/include -MMD -MP -MF"src/platform.d" -MT"src/platform.d" -o "src/platform.o" "../src/platform.c"
'Finished building: ../src/platform.c'
' '
'Building target: zybo_receiver.elf'
'Invoking: ARM gcc linker'
arm-xilinx-eabi-gcc -L"C:\Users\Mike\Documents\osiris-hdl\sw" -Wl,-T -Wl,../src/lscript.ld -L../../zybe_receiver_bsp/ps7_cortexa9_0/lib -o "zybo_receiver.elf"  ./src/helloworld.o ./src/platform.o   -Wl,--start-group,-lxil,-lgcc,-lc,--end-group
'Finished building target: zybo_receiver.elf'
' '
'Invoking: ARM Print Size'
arm-xilinx-eabi-size zybo_receiver.elf  |tee "zybo_receiver.elf.size"
   text	   data	    bss	    dec	    hex	filename
  22888	   1152	  22564	  46604	   b60c	zybo_receiver.elf
'Finished building: zybo_receiver.elf.size'
' '
20:06:27 **** Clean-only build of configuration Debug for project zybo_receiver ****
make clean 
rm -rf  ./src/helloworld.o ./src/platform.o  ./src/helloworld.d ./src/platform.d  zybo_receiver.elf.size  zybo_receiver.elf
' '
20:06:28 **** Auto Build of configuration Debug for project zybo_receiver ****
make all 
'Building file: ../src/helloworld.c'
'Invoking: ARM gcc compiler'
arm-xilinx-eabi-gcc -Wall -O0 -g3 -I"C:\Users\Mike\Documents\osiris-hdl\sw" -c -fmessage-length=0 -MT"src/helloworld.o" -I../../zybe_receiver_bsp/ps7_cortexa9_0/include -MMD -MP -MF"src/helloworld.d" -MT"src/helloworld.d" -o "src/helloworld.o" "../src/helloworld.c"
'Finished building: ../src/helloworld.c'
' '
'Building file: ../src/platform.c'
'Invoking: ARM gcc compiler'
arm-xilinx-eabi-gcc -Wall -O0 -g3 -I"C:\Users\Mike\Documents\osiris-hdl\sw" -c -fmessage-length=0 -MT"src/platform.o" -I../../zybe_receiver_bsp/ps7_cortexa9_0/include -MMD -MP -MF"src/platform.d" -MT"src/platform.d" -o "src/platform.o" "../src/platform.c"
'Finished building: ../src/platform.c'
' '
'Building target: zybo_receiver.elf'
'Invoking: ARM gcc linker'
arm-xilinx-eabi-gcc -L"C:\Users\Mike\Documents\osiris-hdl\sw" -Wl,-T -Wl,../src/lscript.ld -L../../zybe_receiver_bsp/ps7_cortexa9_0/lib -o "zybo_receiver.elf"  ./src/helloworld.o ./src/platform.o   -lcommon -Wl,--start-group,-lxil,-lgcc,-lc,--end-group
c:/xilinx/sdk/2015.4/gnu/arm/nt/bin/../lib/gcc/arm-xilinx-eabi/4.9.2/../../../../arm-xilinx-eabi/bin/ld.exe: cannot find -lcommon
collect2.exe: error: ld returned 1 exit status
make: *** [zybo_receiver.elf] Error 1
20:06:36 **** Clean-only build of configuration Debug for project zybo_receiver ****
make clean 
rm -rf  ./src/helloworld.o ./src/platform.o  ./src/helloworld.d ./src/platform.d  zybo_receiver.elf.size  zybo_receiver.elf
' '
20:06:36 **** Auto Build of configuration Debug for project zybo_receiver ****
make all 
'Building file: ../src/helloworld.c'
'Invoking: ARM gcc compiler'
arm-xilinx-eabi-gcc -Wall -O0 -g3 -I"C:\Users\Mike\Documents\osiris-hdl\sw" -c -fmessage-length=0 -MT"src/helloworld.o" -I../../zybe_receiver_bsp/ps7_cortexa9_0/include -MMD -MP -MF"src/helloworld.d" -MT"src/helloworld.d" -o "src/helloworld.o" "../src/helloworld.c"
'Finished building: ../src/helloworld.c'
' '
'Building file: ../src/platform.c'
'Invoking: ARM gcc compiler'
arm-xilinx-eabi-gcc -Wall -O0 -g3 -I"C:\Users\Mike\Documents\osiris-hdl\sw" -c -fmessage-length=0 -MT"src/platform.o" -I../../zybe_receiver_bsp/ps7_cortexa9_0/include -MMD -MP -MF"src/platform.d" -MT"src/platform.d" -o "src/platform.o" "../src/platform.c"
'Finished building: ../src/platform.c'
' '
'Building target: zybo_receiver.elf'
'Invoking: ARM gcc linker'
arm-xilinx-eabi-gcc -L"C:\Users\Mike\Documents\osiris-hdl\sw" -Wl,-T -Wl,../src/lscript.ld -L../../zybe_receiver_bsp/ps7_cortexa9_0/lib -o "zybo_receiver.elf"  ./src/helloworld.o ./src/platform.o   -Wl,--start-group,-lxil,-lgcc,-lc,--end-group
'Finished building target: zybo_receiver.elf'
' '
'Invoking: ARM Print Size'
arm-xilinx-eabi-size zybo_receiver.elf  |tee "zybo_receiver.elf.size"
   text	   data	    bss	    dec	    hex	filename
  22888	   1152	  22564	  46604	   b60c	zybo_receiver.elf
'Finished building: zybo_receiver.elf.size'
' '
20:06:39 **** Clean-only build of configuration Debug for project zybo_receiver ****
make clean 
rm -rf  ./src/helloworld.o ./src/platform.o  ./src/helloworld.d ./src/platform.d  zybo_receiver.elf.size  zybo_receiver.elf
' '
20:06:40 **** Auto Build of configuration Debug for project zybo_receiver ****
make all 
'Building file: ../src/helloworld.c'
'Invoking: ARM gcc compiler'
arm-xilinx-eabi-gcc -Wall -O0 -g3 -I"C:\Users\Mike\Documents\osiris-hdl\sw" -c -fmessage-length=0 -MT"src/helloworld.o" -I../../zybe_receiver_bsp/ps7_cortexa9_0/include -MMD -MP -MF"src/helloworld.d" -MT"src/helloworld.d" -o "src/helloworld.o" "../src/helloworld.c"
'Finished building: ../src/helloworld.c'
' '
'Building file: ../src/platform.c'
'Invoking: ARM gcc compiler'
arm-xilinx-eabi-gcc -Wall -O0 -g3 -I"C:\Users\Mike\Documents\osiris-hdl\sw" -c -fmessage-length=0 -MT"src/platform.o" -I../../zybe_receiver_bsp/ps7_cortexa9_0/include -MMD -MP -MF"src/platform.d" -MT"src/platform.d" -o "src/platform.o" "../src/platform.c"
'Finished building: ../src/platform.c'
' '
'Building target: zybo_receiver.elf'
'Invoking: ARM gcc linker'
arm-xilinx-eabi-gcc -L"C:\Users\Mike\Documents\osiris-hdl\sw" -Wl,-T -Wl,../src/lscript.ld -L../../zybe_receiver_bsp/ps7_cortexa9_0/lib -o "zybo_receiver.elf"  ./src/helloworld.o ./src/platform.o   -Wl,--start-group,-lxil,-lgcc,-lc,--end-group
'Finished building target: zybo_receiver.elf'
' '
'Invoking: ARM Print Size'
arm-xilinx-eabi-size zybo_receiver.elf  |tee "zybo_receiver.elf.size"
   text	   data	    bss	    dec	    hex	filename
  22888	   1152	  22564	  46604	   b60c	zybo_receiver.elf
'Finished building: zybo_receiver.elf.size'
' '
20:06:53 **** Auto Build of configuration Debug for project zybo_receiver ****
make all 
'Building file: ../src/helloworld.c'
'Invoking: ARM gcc compiler'
arm-xilinx-eabi-gcc -Wall -O0 -g3 -I"C:\Users\Mike\Documents\osiris-hdl\sw" -c -fmessage-length=0 -MT"src/helloworld.o" -I../../zybe_receiver_bsp/ps7_cortexa9_0/include -MMD -MP -MF"src/helloworld.d" -MT"src/helloworld.d" -o "src/helloworld.o" "../src/helloworld.c"
../src/helloworld.c:50:28: fatal error: buf_controller.h: No such file or directory
 #include "buf_controller.h"
                            ^
compilation terminated.
make: *** [src/helloworld.o] Error 1
20:07:19 **** Auto Build of configuration Debug for project zybo_receiver ****
make all 
'Building file: ../src/helloworld.c'
'Invoking: ARM gcc compiler'
arm-xilinx-eabi-gcc -Wall -O0 -g3 -I"C:\Users\Mike\Documents\osiris-hdl\sw" -c -fmessage-length=0 -MT"src/helloworld.o" -I../../zybe_receiver_bsp/ps7_cortexa9_0/include -MMD -MP -MF"src/helloworld.d" -MT"src/helloworld.d" -o "src/helloworld.o" "../src/helloworld.c"
'Finished building: ../src/helloworld.c'
' '
'Building target: zybo_receiver.elf'
'Invoking: ARM gcc linker'
arm-xilinx-eabi-gcc -L"C:\Users\Mike\Documents\osiris-hdl\sw" -Wl,-T -Wl,../src/lscript.ld -L../../zybe_receiver_bsp/ps7_cortexa9_0/lib -o "zybo_receiver.elf"  ./src/helloworld.o ./src/platform.o   -Wl,--start-group,-lxil,-lgcc,-lc,--end-group
'Finished building target: zybo_receiver.elf'
' '
'Invoking: ARM Print Size'
arm-xilinx-eabi-size zybo_receiver.elf  |tee "zybo_receiver.elf.size"
   text	   data	    bss	    dec	    hex	filename
  22888	   1152	  22564	  46604	   b60c	zybo_receiver.elf
'Finished building: zybo_receiver.elf.size'
' '
20:07:52 **** Auto Build of configuration Debug for project zybo_receiver ****
make all 
'Building file: ../src/helloworld.c'
'Invoking: ARM gcc compiler'
arm-xilinx-eabi-gcc -Wall -O0 -g3 -I"C:\Users\Mike\Documents\osiris-hdl\sw" -c -fmessage-length=0 -MT"src/helloworld.o" -I../../zybe_receiver_bsp/ps7_cortexa9_0/include -MMD -MP -MF"src/helloworld.d" -MT"src/helloworld.d" -o "src/helloworld.o" "../src/helloworld.c"
In file included from ../src/helloworld.c:51:0:
C:\Users\Mike\Documents\osiris-hdl\sw/common/framebuf.h:15:29: fatal error: platform_config.h: No such file or directory
 #include "platform_config.h"
                             ^
compilation terminated.
make: *** [src/helloworld.o] Error 1
20:07:56 **** Auto Build of configuration Debug for project zybo_receiver ****
make all 
'Building file: ../src/helloworld.c'
'Invoking: ARM gcc compiler'
arm-xilinx-eabi-gcc -Wall -O0 -g3 -I"C:\Users\Mike\Documents\osiris-hdl\sw" -c -fmessage-length=0 -MT"src/helloworld.o" -I../../zybe_receiver_bsp/ps7_cortexa9_0/include -MMD -MP -MF"src/helloworld.d" -MT"src/helloworld.d" -o "src/helloworld.o" "../src/helloworld.c"
In file included from ../src/helloworld.c:50:0:
C:\Users\Mike\Documents\osiris-hdl\sw/common/framebuf.h:15:29: fatal error: platform_config.h: No such file or directory
 #include "platform_config.h"
                             ^
compilation terminated.
make: *** [src/helloworld.o] Error 1
20:09:26 **** Clean-only build of configuration Debug for project zybo_receiver ****
make clean 
rm -rf  ./src/helloworld.o ./src/platform.o  ./src/helloworld.d ./src/platform.d  zybo_receiver.elf.size  zybo_receiver.elf
' '
20:09:26 **** Clean-only build of project zybe_receiver_bsp ****
make -k clean 
rm -f ps7_cortexa9_0/lib/libxil.a
20:09:26 **** Build of project zybe_receiver_bsp ****
make -k all 
"Running Make include in ps7_cortexa9_0/libsrc/axicdma_v4_0/src"
make -C ps7_cortexa9_0/libsrc/axicdma_v4_0/src -s include  "SHELL=CMD" "COMPILER=arm-xilinx-eabi-gcc" "ARCHIVER=arm-xilinx-eabi-ar" "COMPILER_FLAGS=  -O2 -c" "EXTRA_COMPILER_FLAGS=-g"
"Running Make include in ps7_cortexa9_0/libsrc/coresightps_dcc_v1_2/src"
make -C ps7_cortexa9_0/libsrc/coresightps_dcc_v1_2/src -s include  "SHELL=CMD" "COMPILER=arm-xilinx-eabi-gcc" "ARCHIVER=arm-xilinx-eabi-ar" "COMPILER_FLAGS=  -O2 -c" "EXTRA_COMPILER_FLAGS=-g"
"Running Make include in ps7_cortexa9_0/libsrc/cpu_cortexa9_v2_1/src"
make -C ps7_cortexa9_0/libsrc/cpu_cortexa9_v2_1/src -s include  "SHELL=CMD" "COMPILER=arm-xilinx-eabi-gcc" "ARCHIVER=arm-xilinx-eabi-ar" "COMPILER_FLAGS=  -O2 -c" "EXTRA_COMPILER_FLAGS=-g"
"Running Make include in ps7_cortexa9_0/libsrc/ddrps_v1_0/src"
make -C ps7_cortexa9_0/libsrc/ddrps_v1_0/src -s include  "SHELL=CMD" "COMPILER=arm-xilinx-eabi-gcc" "ARCHIVER=arm-xilinx-eabi-ar" "COMPILER_FLAGS=  -O2 -c" "EXTRA_COMPILER_FLAGS=-g"
"Running Make include in ps7_cortexa9_0/libsrc/devcfg_v3_3/src"
make -C ps7_cortexa9_0/libsrc/devcfg_v3_3/src -s include  "SHELL=CMD" "COMPILER=arm-xilinx-eabi-gcc" "ARCHIVER=arm-xilinx-eabi-ar" "COMPILER_FLAGS=  -O2 -c" "EXTRA_COMPILER_FLAGS=-g"
"Running Make include in ps7_cortexa9_0/libsrc/dmaps_v2_1/src"
make -C ps7_cortexa9_0/libsrc/dmaps_v2_1/src -s include  "SHELL=CMD" "COMPILER=arm-xilinx-eabi-gcc" "ARCHIVER=arm-xilinx-eabi-ar" "COMPILER_FLAGS=  -O2 -c" "EXTRA_COMPILER_FLAGS=-g"
"Running Make include in ps7_cortexa9_0/libsrc/emacps_v3_1/src"
make -C ps7_cortexa9_0/libsrc/emacps_v3_1/src -s include  "SHELL=CMD" "COMPILER=arm-xilinx-eabi-gcc" "ARCHIVER=arm-xilinx-eabi-ar" "COMPILER_FLAGS=  -O2 -c" "EXTRA_COMPILER_FLAGS=-g"
"Running Make include in ps7_cortexa9_0/libsrc/gpiops_v3_1/src"
make -C ps7_cortexa9_0/libsrc/gpiops_v3_1/src -s include  "SHELL=CMD" "COMPILER=arm-xilinx-eabi-gcc" "ARCHIVER=arm-xilinx-eabi-ar" "COMPILER_FLAGS=  -O2 -c" "EXTRA_COMPILER_FLAGS=-g"
"Running Make include in ps7_cortexa9_0/libsrc/qspips_v3_2/src"
make -C ps7_cortexa9_0/libsrc/qspips_v3_2/src -s include  "SHELL=CMD" "COMPILER=arm-xilinx-eabi-gcc" "ARCHIVER=arm-xilinx-eabi-ar" "COMPILER_FLAGS=  -O2 -c" "EXTRA_COMPILER_FLAGS=-g"
"Running Make include in ps7_cortexa9_0/libsrc/scugic_v3_1/src"
make -C ps7_cortexa9_0/libsrc/scugic_v3_1/src -s include  "SHELL=CMD" "COMPILER=arm-xilinx-eabi-gcc" "ARCHIVER=arm-xilinx-eabi-ar" "COMPILER_FLAGS=  -O2 -c" "EXTRA_COMPILER_FLAGS=-g"
"Running Make include in ps7_cortexa9_0/libsrc/scutimer_v2_1/src"
make -C ps7_cortexa9_0/libsrc/scutimer_v2_1/src -s include  "SHELL=CMD" "COMPILER=arm-xilinx-eabi-gcc" "ARCHIVER=arm-xilinx-eabi-ar" "COMPILER_FLAGS=  -O2 -c" "EXTRA_COMPILER_FLAGS=-g"
"Running Make include in ps7_cortexa9_0/libsrc/scuwdt_v2_1/src"
make -C ps7_cortexa9_0/libsrc/scuwdt_v2_1/src -s include  "SHELL=CMD" "COMPILER=arm-xilinx-eabi-gcc" "ARCHIVER=arm-xilinx-eabi-ar" "COMPILER_FLAGS=  -O2 -c" "EXTRA_COMPILER_FLAGS=-g"
"Running Make include in ps7_cortexa9_0/libsrc/sdps_v2_6/src"
make -C ps7_cortexa9_0/libsrc/sdps_v2_6/src -s include  "SHELL=CMD" "COMPILER=arm-xilinx-eabi-gcc" "ARCHIVER=arm-xilinx-eabi-ar" "COMPILER_FLAGS=  -O2 -c" "EXTRA_COMPILER_FLAGS=-g"
"Running Make include in ps7_cortexa9_0/libsrc/standalone_v5_3/src"
make -C ps7_cortexa9_0/libsrc/standalone_v5_3/src -s include  "SHELL=CMD" "COMPILER=arm-xilinx-eabi-gcc" "ARCHIVER=arm-xilinx-eabi-ar" "COMPILER_FLAGS=  -O2 -c" "EXTRA_COMPILER_FLAGS=-g"
"Running Make include in ps7_cortexa9_0/libsrc/ttcps_v3_0/src"
make -C ps7_cortexa9_0/libsrc/ttcps_v3_0/src -s include  "SHELL=CMD" "COMPILER=arm-xilinx-eabi-gcc" "ARCHIVER=arm-xilinx-eabi-ar" "COMPILER_FLAGS=  -O2 -c" "EXTRA_COMPILER_FLAGS=-g"
"Running Make include in ps7_cortexa9_0/libsrc/uartps_v3_1/src"
make -C ps7_cortexa9_0/libsrc/uartps_v3_1/src -s include  "SHELL=CMD" "COMPILER=arm-xilinx-eabi-gcc" "ARCHIVER=arm-xilinx-eabi-ar" "COMPILER_FLAGS=  -O2 -c" "EXTRA_COMPILER_FLAGS=-g"
"Running Make include in ps7_cortexa9_0/libsrc/usbps_v2_2/src"
make -C ps7_cortexa9_0/libsrc/usbps_v2_2/src -s include  "SHELL=CMD" "COMPILER=arm-xilinx-eabi-gcc" "ARCHIVER=arm-xilinx-eabi-ar" "COMPILER_FLAGS=  -O2 -c" "EXTRA_COMPILER_FLAGS=-g"
"Running Make include in ps7_cortexa9_0/libsrc/xadcps_v2_2/src"
make -C ps7_cortexa9_0/libsrc/xadcps_v2_2/src -s include  "SHELL=CMD" "COMPILER=arm-xilinx-eabi-gcc" "ARCHIVER=arm-xilinx-eabi-ar" "COMPILER_FLAGS=  -O2 -c" "EXTRA_COMPILER_FLAGS=-g"
"Running Make libs in ps7_cortexa9_0/libsrc/axicdma_v4_0/src"
make -C ps7_cortexa9_0/libsrc/axicdma_v4_0/src -s libs  "SHELL=CMD" "COMPILER=arm-xilinx-eabi-gcc" "ARCHIVER=arm-xilinx-eabi-ar" "COMPILER_FLAGS=  -O2 -c" "EXTRA_COMPILER_FLAGS=-g"
"Compiling axicdma"
xaxicdma_bdring.c: In function 'XAxiCdma_BdRingGetCurrBd':
xaxicdma_bdring.c:204:10: warning: cast to pointer from integer of different size [-Wint-to-pointer-cast]
   return (XAxiCdma_Bd *)((XAxiCdma_BdRead(InstancePtr->BaseAddr, XAXICDMA_CDESC_OFFSET)) |
          ^
arm-xilinx-eabi-ar: creating ../../../lib/libxil.a
"Running Make libs in ps7_cortexa9_0/libsrc/coresightps_dcc_v1_2/src"
make -C ps7_cortexa9_0/libsrc/coresightps_dcc_v1_2/src -s libs  "SHELL=CMD" "COMPILER=arm-xilinx-eabi-gcc" "ARCHIVER=arm-xilinx-eabi-ar" "COMPILER_FLAGS=  -O2 -c" "EXTRA_COMPILER_FLAGS=-g"
"Compiling coresightps_dcc"
"Running Make libs in ps7_cortexa9_0/libsrc/cpu_cortexa9_v2_1/src"
make -C ps7_cortexa9_0/libsrc/cpu_cortexa9_v2_1/src -s libs  "SHELL=CMD" "COMPILER=arm-xilinx-eabi-gcc" "ARCHIVER=arm-xilinx-eabi-ar" "COMPILER_FLAGS=  -O2 -c" "EXTRA_COMPILER_FLAGS=-g"
"Compiling cpu_cortexa9"
"Running Make libs in ps7_cortexa9_0/libsrc/ddrps_v1_0/src"
make -C ps7_cortexa9_0/libsrc/ddrps_v1_0/src -s libs  "SHELL=CMD" "COMPILER=arm-xilinx-eabi-gcc" "ARCHIVER=arm-xilinx-eabi-ar" "COMPILER_FLAGS=  -O2 -c" "EXTRA_COMPILER_FLAGS=-g"
"Compiling ddrps"
"Running Make libs in ps7_cortexa9_0/libsrc/devcfg_v3_3/src"
make -C ps7_cortexa9_0/libsrc/devcfg_v3_3/src -s libs  "SHELL=CMD" "COMPILER=arm-xilinx-eabi-gcc" "ARCHIVER=arm-xilinx-eabi-ar" "COMPILER_FLAGS=  -O2 -c" "EXTRA_COMPILER_FLAGS=-g"
"Compiling devcfg"
"Running Make libs in ps7_cortexa9_0/libsrc/dmaps_v2_1/src"
make -C ps7_cortexa9_0/libsrc/dmaps_v2_1/src -s libs  "SHELL=CMD" "COMPILER=arm-xilinx-eabi-gcc" "ARCHIVER=arm-xilinx-eabi-ar" "COMPILER_FLAGS=  -O2 -c" "EXTRA_COMPILER_FLAGS=-g"
"Compiling dmaps"
"Running Make libs in ps7_cortexa9_0/libsrc/emacps_v3_1/src"
make -C ps7_cortexa9_0/libsrc/emacps_v3_1/src -s libs  "SHELL=CMD" "COMPILER=arm-xilinx-eabi-gcc" "ARCHIVER=arm-xilinx-eabi-ar" "COMPILER_FLAGS=  -O2 -c" "EXTRA_COMPILER_FLAGS=-g"
"Compiling emacps"
"Running Make libs in ps7_cortexa9_0/libsrc/gpiops_v3_1/src"
make -C ps7_cortexa9_0/libsrc/gpiops_v3_1/src -s libs  "SHELL=CMD" "COMPILER=arm-xilinx-eabi-gcc" "ARCHIVER=arm-xilinx-eabi-ar" "COMPILER_FLAGS=  -O2 -c" "EXTRA_COMPILER_FLAGS=-g"
"Compiling gpiops"
"Running Make libs in ps7_cortexa9_0/libsrc/qspips_v3_2/src"
make -C ps7_cortexa9_0/libsrc/qspips_v3_2/src -s libs  "SHELL=CMD" "COMPILER=arm-xilinx-eabi-gcc" "ARCHIVER=arm-xilinx-eabi-ar" "COMPILER_FLAGS=  -O2 -c" "EXTRA_COMPILER_FLAGS=-g"
"Compiling qspips"
"Running Make libs in ps7_cortexa9_0/libsrc/scugic_v3_1/src"
make -C ps7_cortexa9_0/libsrc/scugic_v3_1/src -s libs  "SHELL=CMD" "COMPILER=arm-xilinx-eabi-gcc" "ARCHIVER=arm-xilinx-eabi-ar" "COMPILER_FLAGS=  -O2 -c" "EXTRA_COMPILER_FLAGS=-g"
"Compiling scugic"
"Running Make libs in ps7_cortexa9_0/libsrc/scutimer_v2_1/src"
make -C ps7_cortexa9_0/libsrc/scutimer_v2_1/src -s libs  "SHELL=CMD" "COMPILER=arm-xilinx-eabi-gcc" "ARCHIVER=arm-xilinx-eabi-ar" "COMPILER_FLAGS=  -O2 -c" "EXTRA_COMPILER_FLAGS=-g"
"Compiling scutimer"
"Running Make libs in ps7_cortexa9_0/libsrc/scuwdt_v2_1/src"
make -C ps7_cortexa9_0/libsrc/scuwdt_v2_1/src -s libs  "SHELL=CMD" "COMPILER=arm-xilinx-eabi-gcc" "ARCHIVER=arm-xilinx-eabi-ar" "COMPILER_FLAGS=  -O2 -c" "EXTRA_COMPILER_FLAGS=-g"
"Compiling scuwdt"
"Running Make libs in ps7_cortexa9_0/libsrc/sdps_v2_6/src"
make -C ps7_cortexa9_0/libsrc/sdps_v2_6/src -s libs  "SHELL=CMD" "COMPILER=arm-xilinx-eabi-gcc" "ARCHIVER=arm-xilinx-eabi-ar" "COMPILER_FLAGS=  -O2 -c" "EXTRA_COMPILER_FLAGS=-g"
"Compiling sdps"
"Running Make libs in ps7_cortexa9_0/libsrc/standalone_v5_3/src"
make -C ps7_cortexa9_0/libsrc/standalone_v5_3/src -s libs  "SHELL=CMD" "COMPILER=arm-xilinx-eabi-gcc" "ARCHIVER=arm-xilinx-eabi-ar" "COMPILER_FLAGS=  -O2 -c" "EXTRA_COMPILER_FLAGS=-g"
"Compiling standalone"
"Running Make libs in ps7_cortexa9_0/libsrc/ttcps_v3_0/src"
make -C ps7_cortexa9_0/libsrc/ttcps_v3_0/src -s libs  "SHELL=CMD" "COMPILER=arm-xilinx-eabi-gcc" "ARCHIVER=arm-xilinx-eabi-ar" "COMPILER_FLAGS=  -O2 -c" "EXTRA_COMPILER_FLAGS=-g"
"Compiling ttcps"
"Running Make libs in ps7_cortexa9_0/libsrc/uartps_v3_1/src"
make -C ps7_cortexa9_0/libsrc/uartps_v3_1/src -s libs  "SHELL=CMD" "COMPILER=arm-xilinx-eabi-gcc" "ARCHIVER=arm-xilinx-eabi-ar" "COMPILER_FLAGS=  -O2 -c" "EXTRA_COMPILER_FLAGS=-g"
"Compiling uartps"
"Running Make libs in ps7_cortexa9_0/libsrc/usbps_v2_2/src"
make -C ps7_cortexa9_0/libsrc/usbps_v2_2/src -s libs  "SHELL=CMD" "COMPILER=arm-xilinx-eabi-gcc" "ARCHIVER=arm-xilinx-eabi-ar" "COMPILER_FLAGS=  -O2 -c" "EXTRA_COMPILER_FLAGS=-g"
"Compiling usbps"
"Running Make libs in ps7_cortexa9_0/libsrc/xadcps_v2_2/src"
make -C ps7_cortexa9_0/libsrc/xadcps_v2_2/src -s libs  "SHELL=CMD" "COMPILER=arm-xilinx-eabi-gcc" "ARCHIVER=arm-xilinx-eabi-ar" "COMPILER_FLAGS=  -O2 -c" "EXTRA_COMPILER_FLAGS=-g"
"Compiling xadcps"
'Finished building libraries'
20:09:53 **** Build of configuration Debug for project zybo_receiver ****
make all 
'Building file: ../src/helloworld.c'
'Invoking: ARM gcc compiler'
arm-xilinx-eabi-gcc -Wall -O0 -g3 -I"C:\Users\Mike\Documents\osiris-hdl\sw" -c -fmessage-length=0 -MT"src/helloworld.o" -I../../zybe_receiver_bsp/ps7_cortexa9_0/include -MMD -MP -MF"src/helloworld.d" -MT"src/helloworld.d" -o "src/helloworld.o" "../src/helloworld.c"
In file included from ../src/helloworld.c:50:0:
C:\Users\Mike\Documents\osiris-hdl\sw/common/framebuf.h:15:22: fatal error: platform.h: No such file or directory
 #include "platform.h"
                      ^
compilation terminated.
make: *** [src/helloworld.o] Error 1
20:11:03 **** Clean-only build of configuration Debug for project zybo_receiver ****
make clean 
rm -rf  ./src/helloworld.o ./src/platform.o  ./src/helloworld.d ./src/platform.d  zybo_receiver.elf.size  zybo_receiver.elf
' '
20:11:03 **** Auto Build of configuration Debug for project zybo_receiver ****
make all 
'Building file: ../src/helloworld.c'
'Invoking: ARM gcc compiler'
arm-xilinx-eabi-gcc -Wall -O0 -g3 -I"C:\Users\Mike\Documents\osiris-hdl\sw" -I"C:\Users\Mike\Documents\osiris-hdl\projects\zybo_receiver\zybo_receiver.sdk\zybo_receiver\src" -c -fmessage-length=0 -MT"src/helloworld.o" -I../../zybe_receiver_bsp/ps7_cortexa9_0/include -MMD -MP -MF"src/helloworld.d" -MT"src/helloworld.d" -o "src/helloworld.o" "../src/helloworld.c"
In file included from ../src/helloworld.c:50:0:
C:\Users\Mike\Documents\osiris-hdl\sw/common/framebuf.h:25:22: error: 'FRAMEBUF_HEIGHT' undeclared here (not in a function)
 extern u8 g_framebuf[FRAMEBUF_HEIGHT][FRAMEBUF_WIDTH];
                      ^
C:\Users\Mike\Documents\osiris-hdl\sw/common/framebuf.h:25:39: error: 'FRAMEBUF_WIDTH' undeclared here (not in a function)
 extern u8 g_framebuf[FRAMEBUF_HEIGHT][FRAMEBUF_WIDTH];
                                       ^
make: *** [src/helloworld.o] Error 1
20:11:05 **** Clean-only build of configuration Debug for project zybo_receiver ****
make clean 
rm -rf  ./src/helloworld.o ./src/platform.o  ./src/helloworld.d ./src/platform.d  zybo_receiver.elf.size  zybo_receiver.elf
' '
20:11:05 **** Auto Build of configuration Debug for project zybo_receiver ****
make all 
'Building file: ../src/helloworld.c'
'Invoking: ARM gcc compiler'
arm-xilinx-eabi-gcc -Wall -O0 -g3 -I"C:\Users\Mike\Documents\osiris-hdl\sw" -I"C:\Users\Mike\Documents\osiris-hdl\projects\zybo_receiver\zybo_receiver.sdk\zybo_receiver\src" -c -fmessage-length=0 -MT"src/helloworld.o" -I../../zybe_receiver_bsp/ps7_cortexa9_0/include -MMD -MP -MF"src/helloworld.d" -MT"src/helloworld.d" -o "src/helloworld.o" "../src/helloworld.c"
In file included from ../src/helloworld.c:50:0:
C:\Users\Mike\Documents\osiris-hdl\sw/common/framebuf.h:25:22: error: 'FRAMEBUF_HEIGHT' undeclared here (not in a function)
 extern u8 g_framebuf[FRAMEBUF_HEIGHT][FRAMEBUF_WIDTH];
                      ^
C:\Users\Mike\Documents\osiris-hdl\sw/common/framebuf.h:25:39: error: 'FRAMEBUF_WIDTH' undeclared here (not in a function)
 extern u8 g_framebuf[FRAMEBUF_HEIGHT][FRAMEBUF_WIDTH];
                                       ^
make: *** [src/helloworld.o] Error 1
20:11:50 **** Auto Build of configuration Debug for project zybo_receiver ****
make all 
'Building file: ../src/helloworld.c'
'Invoking: ARM gcc compiler'
arm-xilinx-eabi-gcc -Wall -O0 -g3 -I"C:\Users\Mike\Documents\osiris-hdl\sw" -I"C:\Users\Mike\Documents\osiris-hdl\projects\zybo_receiver\zybo_receiver.sdk\zybo_receiver\src" -c -fmessage-length=0 -MT"src/helloworld.o" -I../../zybe_receiver_bsp/ps7_cortexa9_0/include -MMD -MP -MF"src/helloworld.d" -MT"src/helloworld.d" -o "src/helloworld.o" "../src/helloworld.c"
In file included from ../src/helloworld.c:50:0:
C:\Users\Mike\Documents\osiris-hdl\sw/common/framebuf.h:25:22: error: 'FRAMEBUF_HEIGHT' undeclared here (not in a function)
 extern u8 g_framebuf[FRAMEBUF_HEIGHT][FRAMEBUF_WIDTH];
                      ^
C:\Users\Mike\Documents\osiris-hdl\sw/common/framebuf.h:25:39: error: 'FRAMEBUF_WIDTH' undeclared here (not in a function)
 extern u8 g_framebuf[FRAMEBUF_HEIGHT][FRAMEBUF_WIDTH];
                                       ^
make: *** [src/helloworld.o] Error 1
20:11:54 **** Auto Build of configuration Debug for project zybo_receiver ****
make all 
'Building file: ../src/helloworld.c'
'Invoking: ARM gcc compiler'
[...]
'Finished building: C:/Users/Mike/Documents/osiris-hdl/sw/common/framebuf.c'
' '
'Building file: C:/Users/Mike/Documents/osiris-hdl/sw/common/interrupt.c'
'Invoking: ARM gcc compiler'
arm-xilinx-eabi-gcc -Wall -O0 -g3 -I"C:\Users\Mike\Documents\osiris-hdl\projects\zybo_receiver\zybo_receiver.sdk\zybo_receiver_bsp\ps7_cortexa9_0\include" -I"C:\Users\Mike\Documents\osiris-hdl\projects\zybo_receiver\zybo_receiver.sdk\zybo_receiver\src" -I"C:\Users\Mike\Documents\osiris-hdl\sw\common" -c -fmessage-length=0 -MT"sw/common/interrupt.o" -I../../zybo_receiver_bsp/ps7_cortexa9_0/include -MMD -MP -MF"sw/common/interrupt.d" -MT"sw/common/interrupt.d" -o "sw/common/interrupt.o" "C:/Users/Mike/Documents/osiris-hdl/sw/common/interrupt.c"
'Finished building: C:/Users/Mike/Documents/osiris-hdl/sw/common/interrupt.c'
' '
'Building file: ../src/helloworld.c'
'Invoking: ARM gcc compiler'
arm-xilinx-eabi-gcc -Wall -O0 -g3 -I"C:\Users\Mike\Documents\osiris-hdl\projects\zybo_receiver\zybo_receiver.sdk\zybo_receiver_bsp\ps7_cortexa9_0\include" -I"C:\Users\Mike\Documents\osiris-hdl\projects\zybo_receiver\zybo_receiver.sdk\zybo_receiver\src" -I"C:\Users\Mike\Documents\osiris-hdl\sw\common" -c -fmessage-length=0 -MT"src/helloworld.o" -I../../zybo_receiver_bsp/ps7_cortexa9_0/include -MMD -MP -MF"src/helloworld.d" -MT"src/helloworld.d" -o "src/helloworld.o" "../src/helloworld.c"
'Finished building: ../src/helloworld.c'
' '
'Building file: ../src/platform.c'
'Invoking: ARM gcc compiler'
arm-xilinx-eabi-gcc -Wall -O0 -g3 -I"C:\Users\Mike\Documents\osiris-hdl\projects\zybo_receiver\zybo_receiver.sdk\zybo_receiver_bsp\ps7_cortexa9_0\include" -I"C:\Users\Mike\Documents\osiris-hdl\projects\zybo_receiver\zybo_receiver.sdk\zybo_receiver\src" -I"C:\Users\Mike\Documents\osiris-hdl\sw\common" -c -fmessage-length=0 -MT"src/platform.o" -I../../zybo_receiver_bsp/ps7_cortexa9_0/include -MMD -MP -MF"src/platform.d" -MT"src/platform.d" -o "src/platform.o" "../src/platform.c"
'Finished building: ../src/platform.c'
' '
'Building target: zybo_receiver.elf'
'Invoking: ARM gcc linker'
arm-xilinx-eabi-gcc -Wl,-T -Wl,../src/lscript.ld -L../../zybo_receiver_bsp/ps7_cortexa9_0/lib -o "zybo_receiver.elf"  ./sw/common/buf_controller.o ./sw/common/framebuf.o ./sw/common/interrupt.o  ./src/helloworld.o ./src/platform.o   -Wl,--start-group,-lxil,-lgcc,-lc,--end-group
'Finished building target: zybo_receiver.elf'
' '
'Invoking: ARM Print Size'
arm-xilinx-eabi-size zybo_receiver.elf  |tee "zybo_receiver.elf.size"
   text	   data	    bss	    dec	    hex	filename
  37032	 309184	 330548	 676764	  a539c	zybo_receiver.elf
'Finished building: zybo_receiver.elf.size'
' '
17:36:04 **** Incremental Build of configuration Debug for project zybo_receiver ****
make all 
make: Nothing to be done for `all'.
17:36:52 **** Auto Build of configuration Debug for project zybo_receiver ****
make all 
'Building file: C:/Users/Mike/Documents/osiris-hdl/sw/common/buf_controller.c'
'Invoking: ARM gcc compiler'
arm-xilinx-eabi-gcc -Wall -O0 -g3 -I"C:\Users\Mike\Documents\osiris-hdl\projects\zybo_receiver\zybo_receiver.sdk\zybo_receiver_bsp\ps7_cortexa9_0\include" -I"C:\Users\Mike\Documents\osiris-hdl\projects\zybo_receiver\zybo_receiver.sdk\zybo_receiver\src" -I"C:\Users\Mike\Documents\osiris-hdl\sw\common" -c -fmessage-length=0 -MT"sw/common/buf_controller.o" -I../../zybo_receiver_bsp/ps7_cortexa9_0/include -MMD -MP -MF"sw/common/buf_controller.d" -MT"sw/common/buf_controller.d" -o "sw/common/buf_controller.o" "C:/Users/Mike/Documents/osiris-hdl/sw/common/buf_controller.c"
'Finished building: C:/Users/Mike/Documents/osiris-hdl/sw/common/buf_controller.c'
' '
'Building target: zybo_receiver.elf'
'Invoking: ARM gcc linker'
arm-xilinx-eabi-gcc -Wl,-T -Wl,../src/lscript.ld -L../../zybo_receiver_bsp/ps7_cortexa9_0/lib -o "zybo_receiver.elf"  ./sw/common/buf_controller.o ./sw/common/framebuf.o ./sw/common/interrupt.o  ./src/helloworld.o ./src/platform.o   -Wl,--start-group,-lxil,-lgcc,-lc,--end-group
'Finished building target: zybo_receiver.elf'
' '
'Invoking: ARM Print Size'
arm-xilinx-eabi-size zybo_receiver.elf  |tee "zybo_receiver.elf.size"
   text	   data	    bss	    dec	    hex	filename
  37172	 309184	 330548	 676904	  a5428	zybo_receiver.elf
'Finished building: zybo_receiver.elf.size'
' '
17:37:01 **** Incremental Build of configuration Debug for project zybo_receiver ****
make all 
make: Nothing to be done for `all'.
19:20:57 **** Auto Build of configuration Debug for project zybo_receiver ****
make all 
'Building file: C:/Users/Mike/Documents/osiris-hdl/sw/common/buf_controller.c'
'Invoking: ARM gcc compiler'
arm-xilinx-eabi-gcc -Wall -O0 -g3 -I"C:\Users\Mike\Documents\osiris-hdl\projects\zybo_receiver\zybo_receiver.sdk\zybo_receiver_bsp\ps7_cortexa9_0\include" -I"C:\Users\Mike\Documents\osiris-hdl\projects\zybo_receiver\zybo_receiver.sdk\zybo_receiver\src" -I"C:\Users\Mike\Documents\osiris-hdl\sw\common" -c -fmessage-length=0 -MT"sw/common/buf_controller.o" -I../../zybo_receiver_bsp/ps7_cortexa9_0/include -MMD -MP -MF"sw/common/buf_controller.d" -MT"sw/common/buf_controller.d" -o "sw/common/buf_controller.o" "C:/Users/Mike/Documents/osiris-hdl/sw/common/buf_controller.c"
In file included from C:/Users/Mike/Documents/osiris-hdl/sw/common/buf_controller.c:14:0:
C:/Users/Mike/Documents/osiris-hdl/sw/common/interrupt.h:15:23: fatal error: xil_types.h: No such file or directory
 #include "xil_types.h"
                       ^
compilation terminated.
make: *** [sw/common/buf_controller.o] Error 1
19:21:11 **** Auto Build of project zybo_receiver_bsp ****
make -k all 
"Running Make include in ps7_cortexa9_0/libsrc/axicdma_v4_0/src"
make -C ps7_cortexa9_0/libsrc/axicdma_v4_0/src -s include  "SHELL=CMD" "COMPILER=arm-xilinx-eabi-gcc" "ARCHIVER=arm-xilinx-eabi-ar" "COMPILER_FLAGS=  -O2 -c" "EXTRA_COMPILER_FLAGS=-g"
"Running Make include in ps7_cortexa9_0/libsrc/coresightps_dcc_v1_2/src"
make -C ps7_cortexa9_0/libsrc/coresightps_dcc_v1_2/src -s include  "SHELL=CMD" "COMPILER=arm-xilinx-eabi-gcc" "ARCHIVER=arm-xilinx-eabi-ar" "COMPILER_FLAGS=  -O2 -c" "EXTRA_COMPILER_FLAGS=-g"
"Running Make include in ps7_cortexa9_0/libsrc/cpu_cortexa9_v2_1/src"
make -C ps7_cortexa9_0/libsrc/cpu_cortexa9_v2_1/src -s include  "SHELL=CMD" "COMPILER=arm-xilinx-eabi-gcc" "ARCHIVER=arm-xilinx-eabi-ar" "COMPILER_FLAGS=  -O2 -c" "EXTRA_COMPILER_FLAGS=-g"
"Running Make include in ps7_cortexa9_0/libsrc/ddrps_v1_0/src"
make -C ps7_cortexa9_0/libsrc/ddrps_v1_0/src -s include  "SHELL=CMD" "COMPILER=arm-xilinx-eabi-gcc" "ARCHIVER=arm-xilinx-eabi-ar" "COMPILER_FLAGS=  -O2 -c" "EXTRA_COMPILER_FLAGS=-g"
"Running Make include in ps7_cortexa9_0/libsrc/devcfg_v3_3/src"
make -C ps7_cortexa9_0/libsrc/devcfg_v3_3/src -s include  "SHELL=CMD" "COMPILER=arm-xilinx-eabi-gcc" "ARCHIVER=arm-xilinx-eabi-ar" "COMPILER_FLAGS=  -O2 -c" "EXTRA_COMPILER_FLAGS=-g"
"Running Make include in ps7_cortexa9_0/libsrc/dmaps_v2_1/src"
make -C ps7_cortexa9_0/libsrc/dmaps_v2_1/src -s include  "SHELL=CMD" "COMPILER=arm-xilinx-eabi-gcc" "ARCHIVER=arm-xilinx-eabi-ar" "COMPILER_FLAGS=  -O2 -c" "EXTRA_COMPILER_FLAGS=-g"
"Running Make include in ps7_cortexa9_0/libsrc/emacps_v3_1/src"
make -C ps7_cortexa9_0/libsrc/emacps_v3_1/src -s include  "SHELL=CMD" "COMPILER=arm-xilinx-eabi-gcc" "ARCHIVER=arm-xilinx-eabi-ar" "COMPILER_FLAGS=  -O2 -c" "EXTRA_COMPILER_FLAGS=-g"
"Running Make include in ps7_cortexa9_0/libsrc/gpiops_v3_1/src"
make -C ps7_cortexa9_0/libsrc/gpiops_v3_1/src -s include  "SHELL=CMD" "COMPILER=arm-xilinx-eabi-gcc" "ARCHIVER=arm-xilinx-eabi-ar" "COMPILER_FLAGS=  -O2 -c" "EXTRA_COMPILER_FLAGS=-g"
"Running Make include in ps7_cortexa9_0/libsrc/qspips_v3_2/src"
make -C ps7_cortexa9_0/libsrc/qspips_v3_2/src -s include  "SHELL=CMD" "COMPILER=arm-xilinx-eabi-gcc" "ARCHIVER=arm-xilinx-eabi-ar" "COMPILER_FLAGS=  -O2 -c" "EXTRA_COMPILER_FLAGS=-g"
"Running Make include in ps7_cortexa9_0/libsrc/scugic_v3_1/src"
make -C ps7_cortexa9_0/libsrc/scugic_v3_1/src -s include  "SHELL=CMD" "COMPILER=arm-xilinx-eabi-gcc" "ARCHIVER=arm-xilinx-eabi-ar" "COMPILER_FLAGS=  -O2 -c" "EXTRA_COMPILER_FLAGS=-g"
"Running Make include in ps7_cortexa9_0/libsrc/scutimer_v2_1/src"
make -C ps7_cortexa9_0/libsrc/scutimer_v2_1/src -s include  "SHELL=CMD" "COMPILER=arm-xilinx-eabi-gcc" "ARCHIVER=arm-xilinx-eabi-ar" "COMPILER_FLAGS=  -O2 -c" "EXTRA_COMPILER_FLAGS=-g"
"Running Make include in ps7_cortexa9_0/libsrc/scuwdt_v2_1/src"
make -C ps7_cortexa9_0/libsrc/scuwdt_v2_1/src -s include  "SHELL=CMD" "COMPILER=arm-xilinx-eabi-gcc" "ARCHIVER=arm-xilinx-eabi-ar" "COMPILER_FLAGS=  -O2 -c" "EXTRA_COMPILER_FLAGS=-g"
"Running Make include in ps7_cortexa9_0/libsrc/sdps_v2_6/src"
make -C ps7_cortexa9_0/libsrc/sdps_v2_6/src -s include  "SHELL=CMD" "COMPILER=arm-xilinx-eabi-gcc" "ARCHIVER=arm-xilinx-eabi-ar" "COMPILER_FLAGS=  -O2 -c" "EXTRA_COMPILER_FLAGS=-g"
"Running Make include in ps7_cortexa9_0/libsrc/standalone_v5_3/src"
make -C ps7_cortexa9_0/libsrc/standalone_v5_3/src -s include  "SHELL=CMD" "COMPILER=arm-xilinx-eabi-gcc" "ARCHIVER=arm-xilinx-eabi-ar" "COMPILER_FLAGS=  -O2 -c" "EXTRA_COMPILER_FLAGS=-g"
"Running Make include in ps7_cortexa9_0/libsrc/ttcps_v3_0/src"
make -C ps7_cortexa9_0/libsrc/ttcps_v3_0/src -s include  "SHELL=CMD" "COMPILER=arm-xilinx-eabi-gcc" "ARCHIVER=arm-xilinx-eabi-ar" "COMPILER_FLAGS=  -O2 -c" "EXTRA_COMPILER_FLAGS=-g"
"Running Make include in ps7_cortexa9_0/libsrc/uartps_v3_1/src"
make -C ps7_cortexa9_0/libsrc/uartps_v3_1/src -s include  "SHELL=CMD" "COMPILER=arm-xilinx-eabi-gcc" "ARCHIVER=arm-xilinx-eabi-ar" "COMPILER_FLAGS=  -O2 -c" "EXTRA_COMPILER_FLAGS=-g"
"Running Make include in ps7_cortexa9_0/libsrc/usbps_v2_2/src"
make -C ps7_cortexa9_0/libsrc/usbps_v2_2/src -s include  "SHELL=CMD" "COMPILER=arm-xilinx-eabi-gcc" "ARCHIVER=arm-xilinx-eabi-ar" "COMPILER_FLAGS=  -O2 -c" "EXTRA_COMPILER_FLAGS=-g"
"Running Make include in ps7_cortexa9_0/libsrc/xadcps_v2_2/src"
make -C ps7_cortexa9_0/libsrc/xadcps_v2_2/src -s include  "SHELL=CMD" "COMPILER=arm-xilinx-eabi-gcc" "ARCHIVER=arm-xilinx-eabi-ar" "COMPILER_FLAGS=  -O2 -c" "EXTRA_COMPILER_FLAGS=-g"
"Running Make libs in ps7_cortexa9_0/libsrc/axicdma_v4_0/src"
make -C ps7_cortexa9_0/libsrc/axicdma_v4_0/src -s libs  "SHELL=CMD" "COMPILER=arm-xilinx-eabi-gcc" "ARCHIVER=arm-xilinx-eabi-ar" "COMPILER_FLAGS=  -O2 -c" "EXTRA_COMPILER_FLAGS=-g"
"Compiling axicdma"
xaxicdma_bdring.c: In function 'XAxiCdma_BdRingGetCurrBd':
xaxicdma_bdring.c:204:10: warning: cast to pointer from integer of different size [-Wint-to-pointer-cast]
   return (XAxiCdma_Bd *)((XAxiCdma_BdRead(InstancePtr->BaseAddr, XAXICDMA_CDESC_OFFSET)) |
          ^
arm-xilinx-eabi-ar: creating ../../../lib/libxil.a
"Running Make libs in ps7_cortexa9_0/libsrc/coresightps_dcc_v1_2/src"
make -C ps7_cortexa9_0/libsrc/coresightps_dcc_v1_2/src -s libs  "SHELL=CMD" "COMPILER=arm-xilinx-eabi-gcc" "ARCHIVER=arm-xilinx-eabi-ar" "COMPILER_FLAGS=  -O2 -c" "EXTRA_COMPILER_FLAGS=-g"
"Compiling coresightps_dcc"
"Running Make libs in ps7_cortexa9_0/libsrc/cpu_cortexa9_v2_1/src"
make -C ps7_cortexa9_0/libsrc/cpu_cortexa9_v2_1/src -s libs  "SHELL=CMD" "COMPILER=arm-xilinx-eabi-gcc" "ARCHIVER=arm-xilinx-eabi-ar" "COMPILER_FLAGS=  -O2 -c" "EXTRA_COMPILER_FLAGS=-g"
"Compiling cpu_cortexa9"
"Running Make libs in ps7_cortexa9_0/libsrc/ddrps_v1_0/src"
make -C ps7_cortexa9_0/libsrc/ddrps_v1_0/src -s libs  "SHELL=CMD" "COMPILER=arm-xilinx-eabi-gcc" "ARCHIVER=arm-xilinx-eabi-ar" "COMPILER_FLAGS=  -O2 -c" "EXTRA_COMPILER_FLAGS=-g"
"Compiling ddrps"
"Running Make libs in ps7_cortexa9_0/libsrc/devcfg_v3_3/src"
make -C ps7_cortexa9_0/libsrc/devcfg_v3_3/src -s libs  "SHELL=CMD" "COMPILER=arm-xilinx-eabi-gcc" "ARCHIVER=arm-xilinx-eabi-ar" "COMPILER_FLAGS=  -O2 -c" "EXTRA_COMPILER_FLAGS=-g"
"Compiling devcfg"
"Running Make libs in ps7_cortexa9_0/libsrc/dmaps_v2_1/src"
make -C ps7_cortexa9_0/libsrc/dmaps_v2_1/src -s libs  "SHELL=CMD" "COMPILER=arm-xilinx-eabi-gcc" "ARCHIVER=arm-xilinx-eabi-ar" "COMPILER_FLAGS=  -O2 -c" "EXTRA_COMPILER_FLAGS=-g"
"Compiling dmaps"
"Running Make libs in ps7_cortexa9_0/libsrc/emacps_v3_1/src"
make -C ps7_cortexa9_0/libsrc/emacps_v3_1/src -s libs  "SHELL=CMD" "COMPILER=arm-xilinx-eabi-gcc" "ARCHIVER=arm-xilinx-eabi-ar" "COMPILER_FLAGS=  -O2 -c" "EXTRA_COMPILER_FLAGS=-g"
"Compiling emacps"
"Running Make libs in ps7_cortexa9_0/libsrc/gpiops_v3_1/src"
make -C ps7_cortexa9_0/libsrc/gpiops_v3_1/src -s libs  "SHELL=CMD" "COMPILER=arm-xilinx-eabi-gcc" "ARCHIVER=arm-xilinx-eabi-ar" "COMPILER_FLAGS=  -O2 -c" "EXTRA_COMPILER_FLAGS=-g"
"Compiling gpiops"
"Running Make libs in ps7_cortexa9_0/libsrc/qspips_v3_2/src"
make -C ps7_cortexa9_0/libsrc/qspips_v3_2/src -s libs  "SHELL=CMD" "COMPILER=arm-xilinx-eabi-gcc" "ARCHIVER=arm-xilinx-eabi-ar" "COMPILER_FLAGS=  -O2 -c" "EXTRA_COMPILER_FLAGS=-g"
"Compiling qspips"
"Running Make libs in ps7_cortexa9_0/libsrc/scugic_v3_1/src"
make -C ps7_cortexa9_0/libsrc/scugic_v3_1/src -s libs  "SHELL=CMD" "COMPILER=arm-xilinx-eabi-gcc" "ARCHIVER=arm-xilinx-eabi-ar" "COMPILER_FLAGS=  -O2 -c" "EXTRA_COMPILER_FLAGS=-g"
"Compiling scugic"
"Running Make libs in ps7_cortexa9_0/libsrc/scutimer_v2_1/src"
make -C ps7_cortexa9_0/libsrc/scutimer_v2_1/src -s libs  "SHELL=CMD" "COMPILER=arm-xilinx-eabi-gcc" "ARCHIVER=arm-xilinx-eabi-ar" "COMPILER_FLAGS=  -O2 -c" "EXTRA_COMPILER_FLAGS=-g"
"Compiling scutimer"
"Running Make libs in ps7_cortexa9_0/libsrc/scuwdt_v2_1/src"
make -C ps7_cortexa9_0/libsrc/scuwdt_v2_1/src -s libs  "SHELL=CMD" "COMPILER=arm-xilinx-eabi-gcc" "ARCHIVER=arm-xilinx-eabi-ar" "COMPILER_FLAGS=  -O2 -c" "EXTRA_COMPILER_FLAGS=-g"
"Compiling scuwdt"
"Running Make libs in ps7_cortexa9_0/libsrc/sdps_v2_6/src"
make -C ps7_cortexa9_0/libsrc/sdps_v2_6/src -s libs  "SHELL=CMD" "COMPILER=arm-xilinx-eabi-gcc" "ARCHIVER=arm-xilinx-eabi-ar" "COMPILER_FLAGS=  -O2 -c" "EXTRA_COMPILER_FLAGS=-g"
"Compiling sdps"
"Running Make libs in ps7_cortexa9_0/libsrc/standalone_v5_3/src"
make -C ps7_cortexa9_0/libsrc/standalone_v5_3/src -s libs  "SHELL=CMD" "COMPILER=arm-xilinx-eabi-gcc" "ARCHIVER=arm-xilinx-eabi-ar" "COMPILER_FLAGS=  -O2 -c" "EXTRA_COMPILER_FLAGS=-g"
"Compiling standalone"
"Running Make libs in ps7_cortexa9_0/libsrc/ttcps_v3_0/src"
make -C ps7_cortexa9_0/libsrc/ttcps_v3_0/src -s libs  "SHELL=CMD" "COMPILER=arm-xilinx-eabi-gcc" "ARCHIVER=arm-xilinx-eabi-ar" "COMPILER_FLAGS=  -O2 -c" "EXTRA_COMPILER_FLAGS=-g"
"Compiling ttcps"
"Running Make libs in ps7_cortexa9_0/libsrc/uartps_v3_1/src"
make -C ps7_cortexa9_0/libsrc/uartps_v3_1/src -s libs  "SHELL=CMD" "COMPILER=arm-xilinx-eabi-gcc" "ARCHIVER=arm-xilinx-eabi-ar" "COMPILER_FLAGS=  -O2 -c" "EXTRA_COMPILER_FLAGS=-g"
"Compiling uartps"
"Running Make libs in ps7_cortexa9_0/libsrc/usbps_v2_2/src"
make -C ps7_cortexa9_0/libsrc/usbps_v2_2/src -s libs  "SHELL=CMD" "COMPILER=arm-xilinx-eabi-gcc" "ARCHIVER=arm-xilinx-eabi-ar" "COMPILER_FLAGS=  -O2 -c" "EXTRA_COMPILER_FLAGS=-g"
"Compiling usbps"
"Running Make libs in ps7_cortexa9_0/libsrc/xadcps_v2_2/src"
make -C ps7_cortexa9_0/libsrc/xadcps_v2_2/src -s libs  "SHELL=CMD" "COMPILER=arm-xilinx-eabi-gcc" "ARCHIVER=arm-xilinx-eabi-ar" "COMPILER_FLAGS=  -O2 -c" "EXTRA_COMPILER_FLAGS=-g"
"Compiling xadcps"
'Finished building libraries'
19:21:34 **** Auto Build of configuration Debug for project zybo_receiver ****
make all 
'Building file: C:/Users/Mike/Documents/osiris-hdl/sw/common/buf_controller.c'
'Invoking: ARM gcc compiler'
arm-xilinx-eabi-gcc -Wall -O0 -g3 -I"C:\Users\Mike\Documents\osiris-hdl\projects\zybo_receiver\zybo_receiver.sdk\zybo_receiver_bsp\ps7_cortexa9_0\include" -I"C:\Users\Mike\Documents\osiris-hdl\projects\zybo_receiver\zybo_receiver.sdk\zybo_receiver\src" -I"C:\Users\Mike\Documents\osiris-hdl\sw\common" -c -fmessage-length=0 -MT"sw/common/buf_controller.o" -I../../zybo_receiver_bsp/ps7_cortexa9_0/include -MMD -MP -MF"sw/common/buf_controller.d" -MT"sw/common/buf_controller.d" -o "sw/common/buf_controller.o" "C:/Users/Mike/Documents/osiris-hdl/sw/common/buf_controller.c"
C:/Users/Mike/Documents/osiris-hdl/sw/common/buf_controller.c: In function 'update_buf_controller':
C:/Users/Mike/Documents/osiris-hdl/sw/common/buf_controller.c:149:6: warning: unused variable 'i' [-Wunused-variable]
  int i;
      ^
'Finished building: C:/Users/Mike/Documents/osiris-hdl/sw/common/buf_controller.c'
' '
'Building file: C:/Users/Mike/Documents/osiris-hdl/sw/common/framebuf.c'
'Invoking: ARM gcc compiler'
arm-xilinx-eabi-gcc -Wall -O0 -g3 -I"C:\Users\Mike\Documents\osiris-hdl\projects\zybo_receiver\zybo_receiver.sdk\zybo_receiver_bsp\ps7_cortexa9_0\include" -I"C:\Users\Mike\Documents\osiris-hdl\projects\zybo_receiver\zybo_receiver.sdk\zybo_receiver\src" -I"C:\Users\Mike\Documents\osiris-hdl\sw\common" -c -fmessage-length=0 -MT"sw/common/framebuf.o" -I../../zybo_receiver_bsp/ps7_cortexa9_0/include -MMD -MP -MF"sw/common/framebuf.d" -MT"sw/common/framebuf.d" -o "sw/common/framebuf.o" "C:/Users/Mike/Documents/osiris-hdl/sw/common/framebuf.c"
'Finished building: C:/Users/Mike/Documents/osiris-hdl/sw/common/framebuf.c'
' '
'Building file: C:/Users/Mike/Documents/osiris-hdl/sw/common/interrupt.c'
'Invoking: ARM gcc compiler'
arm-xilinx-eabi-gcc -Wall -O0 -g3 -I"C:\Users\Mike\Documents\osiris-hdl\projects\zybo_receiver\zybo_receiver.sdk\zybo_receiver_bsp\ps7_cortexa9_0\include" -I"C:\Users\Mike\Documents\osiris-hdl\projects\zybo_receiver\zybo_receiver.sdk\zybo_receiver\src" -I"C:\Users\Mike\Documents\osiris-hdl\sw\common" -c -fmessage-length=0 -MT"sw/common/interrupt.o" -I../../zybo_receiver_bsp/ps7_cortexa9_0/include -MMD -MP -MF"sw/common/interrupt.d" -MT"sw/common/interrupt.d" -o "sw/common/interrupt.o" "C:/Users/Mike/Documents/osiris-hdl/sw/common/interrupt.c"
'Finished building: C:/Users/Mike/Documents/osiris-hdl/sw/common/interrupt.c'
' '
'Building file: ../src/helloworld.c'
'Invoking: ARM gcc compiler'
arm-xilinx-eabi-gcc -Wall -O0 -g3 -I"C:\Users\Mike\Documents\osiris-hdl\projects\zybo_receiver\zybo_receiver.sdk\zybo_receiver_bsp\ps7_cortexa9_0\include" -I"C:\Users\Mike\Documents\osiris-hdl\projects\zybo_receiver\zybo_receiver.sdk\zybo_receiver\src" -I"C:\Users\Mike\Documents\osiris-hdl\sw\common" -c -fmessage-length=0 -MT"src/helloworld.o" -I../../zybo_receiver_bsp/ps7_cortexa9_0/include -MMD -MP -MF"src/helloworld.d" -MT"src/helloworld.d" -o "src/helloworld.o" "../src/helloworld.c"
'Finished building: ../src/helloworld.c'
' '
'Building file: ../src/platform.c'
'Invoking: ARM gcc compiler'
arm-xilinx-eabi-gcc -Wall -O0 -g3 -I"C:\Users\Mike\Documents\osiris-hdl\projects\zybo_receiver\zybo_receiver.sdk\zybo_receiver_bsp\ps7_cortexa9_0\include" -I"C:\Users\Mike\Documents\osiris-hdl\projects\zybo_receiver\zybo_receiver.sdk\zybo_receiver\src" -I"C:\Users\Mike\Documents\osiris-hdl\sw\common" -c -fmessage-length=0 -MT"src/platform.o" -I../../zybo_receiver_bsp/ps7_cortexa9_0/include -MMD -MP -MF"src/platform.d" -MT"src/platform.d" -o "src/platform.o" "../src/platform.c"
'Finished building: ../src/platform.c'
' '
'Building target: zybo_receiver.elf'
'Invoking: ARM gcc linker'
arm-xilinx-eabi-gcc -Wl,-T -Wl,../src/lscript.ld -L../../zybo_receiver_bsp/ps7_cortexa9_0/lib -o "zybo_receiver.elf"  ./sw/common/buf_controller.o ./sw/common/framebuf.o ./sw/common/interrupt.o  ./src/helloworld.o ./src/platform.o   -Wl,--start-group,-lxil,-lgcc,-lc,--end-group
'Finished building target: zybo_receiver.elf'
' '
'Invoking: ARM Print Size'
arm-xilinx-eabi-size zybo_receiver.elf  |tee "zybo_receiver.elf.size"
   text	   data	    bss	    dec	    hex	filename
  37032	 309184	 330548	 676764	  a539c	zybo_receiver.elf
'Finished building: zybo_receiver.elf.size'
' '
19:21:45 **** Incremental Build of configuration Debug for project zybo_receiver ****
make all 
make: Nothing to be done for `all'.
