20:35:01 **** Build of project linebuffer_test_bsp ****
make -k all 
Running Make include in ps7_cortexa9_0/libsrc/axicdma_v4_0/src
make -C ps7_cortexa9_0/libsrc/axicdma_v4_0/src -s include  "SHELL=/bin/sh" "COMPILER=arm-xilinx-eabi-gcc" "ARCHIVER=arm-xilinx-eabi-ar" "COMPILER_FLAGS=  -O2 -c" "EXTRA_COMPILER_FLAGS=-g"
Running Make include in ps7_cortexa9_0/libsrc/coresightps_dcc_v1_2/src
make -C ps7_cortexa9_0/libsrc/coresightps_dcc_v1_2/src -s include  "SHELL=/bin/sh" "COMPILER=arm-xilinx-eabi-gcc" "ARCHIVER=arm-xilinx-eabi-ar" "COMPILER_FLAGS=  -O2 -c" "EXTRA_COMPILER_FLAGS=-g"
Running Make include in ps7_cortexa9_0/libsrc/cpu_cortexa9_v2_1/src
make -C ps7_cortexa9_0/libsrc/cpu_cortexa9_v2_1/src -s include  "SHELL=/bin/sh" "COMPILER=arm-xilinx-eabi-gcc" "ARCHIVER=arm-xilinx-eabi-ar" "COMPILER_FLAGS=  -O2 -c" "EXTRA_COMPILER_FLAGS=-g"
Running Make include in ps7_cortexa9_0/libsrc/ddrps_v1_0/src
make -C ps7_cortexa9_0/libsrc/ddrps_v1_0/src -s include  "SHELL=/bin/sh" "COMPILER=arm-xilinx-eabi-gcc" "ARCHIVER=arm-xilinx-eabi-ar" "COMPILER_FLAGS=  -O2 -c" "EXTRA_COMPILER_FLAGS=-g"
Running Make include in ps7_cortexa9_0/libsrc/devcfg_v3_3/src
make -C ps7_cortexa9_0/libsrc/devcfg_v3_3/src -s include  "SHELL=/bin/sh" "COMPILER=arm-xilinx-eabi-gcc" "ARCHIVER=arm-xilinx-eabi-ar" "COMPILER_FLAGS=  -O2 -c" "EXTRA_COMPILER_FLAGS=-g"
Running Make include in ps7_cortexa9_0/libsrc/dmaps_v2_1/src
make -C ps7_cortexa9_0/libsrc/dmaps_v2_1/src -s include  "SHELL=/bin/sh" "COMPILER=arm-xilinx-eabi-gcc" "ARCHIVER=arm-xilinx-eabi-ar" "COMPILER_FLAGS=  -O2 -c" "EXTRA_COMPILER_FLAGS=-g"
Running Make include in ps7_cortexa9_0/libsrc/emacps_v3_1/src
make -C ps7_cortexa9_0/libsrc/emacps_v3_1/src -s include  "SHELL=/bin/sh" "COMPILER=arm-xilinx-eabi-gcc" "ARCHIVER=arm-xilinx-eabi-ar" "COMPILER_FLAGS=  -O2 -c" "EXTRA_COMPILER_FLAGS=-g"
Running Make include in ps7_cortexa9_0/libsrc/gpiops_v3_1/src
make -C ps7_cortexa9_0/libsrc/gpiops_v3_1/src -s include  "SHELL=/bin/sh" "COMPILER=arm-xilinx-eabi-gcc" "ARCHIVER=arm-xilinx-eabi-ar" "COMPILER_FLAGS=  -O2 -c" "EXTRA_COMPILER_FLAGS=-g"
Running Make include in ps7_cortexa9_0/libsrc/qspips_v3_2/src
make -C ps7_cortexa9_0/libsrc/qspips_v3_2/src -s include  "SHELL=/bin/sh" "COMPILER=arm-xilinx-eabi-gcc" "ARCHIVER=arm-xilinx-eabi-ar" "COMPILER_FLAGS=  -O2 -c" "EXTRA_COMPILER_FLAGS=-g"
Running Make include in ps7_cortexa9_0/libsrc/scugic_v3_1/src
make -C ps7_cortexa9_0/libsrc/scugic_v3_1/src -s include  "SHELL=/bin/sh" "COMPILER=arm-xilinx-eabi-gcc" "ARCHIVER=arm-xilinx-eabi-ar" "COMPILER_FLAGS=  -O2 -c" "EXTRA_COMPILER_FLAGS=-g"
Running Make include in ps7_cortexa9_0/libsrc/scutimer_v2_1/src
make -C ps7_cortexa9_0/libsrc/scutimer_v2_1/src -s include  "SHELL=/bin/sh" "COMPILER=arm-xilinx-eabi-gcc" "ARCHIVER=arm-xilinx-eabi-ar" "COMPILER_FLAGS=  -O2 -c" "EXTRA_COMPILER_FLAGS=-g"
Running Make include in ps7_cortexa9_0/libsrc/scuwdt_v2_1/src
make -C ps7_cortexa9_0/libsrc/scuwdt_v2_1/src -s include  "SHELL=/bin/sh" "COMPILER=arm-xilinx-eabi-gcc" "ARCHIVER=arm-xilinx-eabi-ar" "COMPILER_FLAGS=  -O2 -c" "EXTRA_COMPILER_FLAGS=-g"
Running Make include in ps7_cortexa9_0/libsrc/sdps_v2_6/src
make -C ps7_cortexa9_0/libsrc/sdps_v2_6/src -s include  "SHELL=/bin/sh" "COMPILER=arm-xilinx-eabi-gcc" "ARCHIVER=arm-xilinx-eabi-ar" "COMPILER_FLAGS=  -O2 -c" "EXTRA_COMPILER_FLAGS=-g"
Running Make include in ps7_cortexa9_0/libsrc/standalone_v5_3/src
make -C ps7_cortexa9_0/libsrc/standalone_v5_3/src -s include  "SHELL=/bin/sh" "COMPILER=arm-xilinx-eabi-gcc" "ARCHIVER=arm-xilinx-eabi-ar" "COMPILER_FLAGS=  -O2 -c" "EXTRA_COMPILER_FLAGS=-g"
Running Make include in ps7_cortexa9_0/libsrc/ttcps_v3_0/src
make -C ps7_cortexa9_0/libsrc/ttcps_v3_0/src -s include  "SHELL=/bin/sh" "COMPILER=arm-xilinx-eabi-gcc" "ARCHIVER=arm-xilinx-eabi-ar" "COMPILER_FLAGS=  -O2 -c" "EXTRA_COMPILER_FLAGS=-g"
Running Make include in ps7_cortexa9_0/libsrc/uartps_v3_1/src
make -C ps7_cortexa9_0/libsrc/uartps_v3_1/src -s include  "SHELL=/bin/sh" "COMPILER=arm-xilinx-eabi-gcc" "ARCHIVER=arm-xilinx-eabi-ar" "COMPILER_FLAGS=  -O2 -c" "EXTRA_COMPILER_FLAGS=-g"
Running Make include in ps7_cortexa9_0/libsrc/usbps_v2_2/src
make -C ps7_cortexa9_0/libsrc/usbps_v2_2/src -s include  "SHELL=/bin/sh" "COMPILER=arm-xilinx-eabi-gcc" "ARCHIVER=arm-xilinx-eabi-ar" "COMPILER_FLAGS=  -O2 -c" "EXTRA_COMPILER_FLAGS=-g"
Running Make include in ps7_cortexa9_0/libsrc/xadcps_v2_2/src
make -C ps7_cortexa9_0/libsrc/xadcps_v2_2/src -s include  "SHELL=/bin/sh" "COMPILER=arm-xilinx-eabi-gcc" "ARCHIVER=arm-xilinx-eabi-ar" "COMPILER_FLAGS=  -O2 -c" "EXTRA_COMPILER_FLAGS=-g"
Running Make libs in ps7_cortexa9_0/libsrc/axicdma_v4_0/src
make -C ps7_cortexa9_0/libsrc/axicdma_v4_0/src -s libs  "SHELL=/bin/sh" "COMPILER=arm-xilinx-eabi-gcc" "ARCHIVER=arm-xilinx-eabi-ar" "COMPILER_FLAGS=  -O2 -c" "EXTRA_COMPILER_FLAGS=-g"
Compiling axicdma
xaxicdma_bdring.c: In function 'XAxiCdma_BdRingGetCurrBd':
xaxicdma_bdring.c:204:10: warning: cast to pointer from integer of different size [-Wint-to-pointer-cast]
   return (XAxiCdma_Bd *)((XAxiCdma_BdRead(InstancePtr->BaseAddr, XAXICDMA_CDESC_OFFSET)) |
          ^
arm-xilinx-eabi-ar: creating ../../../lib/libxil.a
Running Make libs in ps7_cortexa9_0/libsrc/coresightps_dcc_v1_2/src
make -C ps7_cortexa9_0/libsrc/coresightps_dcc_v1_2/src -s libs  "SHELL=/bin/sh" "COMPILER=arm-xilinx-eabi-gcc" "ARCHIVER=arm-xilinx-eabi-ar" "COMPILER_FLAGS=  -O2 -c" "EXTRA_COMPILER_FLAGS=-g"
Compiling coresightps_dcc
Running Make libs in ps7_cortexa9_0/libsrc/cpu_cortexa9_v2_1/src
make -C ps7_cortexa9_0/libsrc/cpu_cortexa9_v2_1/src -s libs  "SHELL=/bin/sh" "COMPILER=arm-xilinx-eabi-gcc" "ARCHIVER=arm-xilinx-eabi-ar" "COMPILER_FLAGS=  -O2 -c" "EXTRA_COMPILER_FLAGS=-g"
Compiling cpu_cortexa9
Running Make libs in ps7_cortexa9_0/libsrc/ddrps_v1_0/src
make -C ps7_cortexa9_0/libsrc/ddrps_v1_0/src -s libs  "SHELL=/bin/sh" "COMPILER=arm-xilinx-eabi-gcc" "ARCHIVER=arm-xilinx-eabi-ar" "COMPILER_FLAGS=  -O2 -c" "EXTRA_COMPILER_FLAGS=-g"
Compiling ddrps
Running Make libs in ps7_cortexa9_0/libsrc/devcfg_v3_3/src
make -C ps7_cortexa9_0/libsrc/devcfg_v3_3/src -s libs  "SHELL=/bin/sh" "COMPILER=arm-xilinx-eabi-gcc" "ARCHIVER=arm-xilinx-eabi-ar" "COMPILER_FLAGS=  -O2 -c" "EXTRA_COMPILER_FLAGS=-g"
Compiling devcfg
Running Make libs in ps7_cortexa9_0/libsrc/dmaps_v2_1/src
make -C ps7_cortexa9_0/libsrc/dmaps_v2_1/src -s libs  "SHELL=/bin/sh" "COMPILER=arm-xilinx-eabi-gcc" "ARCHIVER=arm-xilinx-eabi-ar" "COMPILER_FLAGS=  -O2 -c" "EXTRA_COMPILER_FLAGS=-g"
Compiling dmaps
Running Make libs in ps7_cortexa9_0/libsrc/emacps_v3_1/src
make -C ps7_cortexa9_0/libsrc/emacps_v3_1/src -s libs  "SHELL=/bin/sh" "COMPILER=arm-xilinx-eabi-gcc" "ARCHIVER=arm-xilinx-eabi-ar" "COMPILER_FLAGS=  -O2 -c" "EXTRA_COMPILER_FLAGS=-g"
Compiling emacps
Running Make libs in ps7_cortexa9_0/libsrc/gpiops_v3_1/src
make -C ps7_cortexa9_0/libsrc/gpiops_v3_1/src -s libs  "SHELL=/bin/sh" "COMPILER=arm-xilinx-eabi-gcc" "ARCHIVER=arm-xilinx-eabi-ar" "COMPILER_FLAGS=  -O2 -c" "EXTRA_COMPILER_FLAGS=-g"
Compiling gpiops
Running Make libs in ps7_cortexa9_0/libsrc/qspips_v3_2/src
make -C ps7_cortexa9_0/libsrc/qspips_v3_2/src -s libs  "SHELL=/bin/sh" "COMPILER=arm-xilinx-eabi-gcc" "ARCHIVER=arm-xilinx-eabi-ar" "COMPILER_FLAGS=  -O2 -c" "EXTRA_COMPILER_FLAGS=-g"
Compiling qspips
Running Make libs in ps7_cortexa9_0/libsrc/scugic_v3_1/src
make -C ps7_cortexa9_0/libsrc/scugic_v3_1/src -s libs  "SHELL=/bin/sh" "COMPILER=arm-xilinx-eabi-gcc" "ARCHIVER=arm-xilinx-eabi-ar" "COMPILER_FLAGS=  -O2 -c" "EXTRA_COMPILER_FLAGS=-g"
Compiling scugic
Running Make libs in ps7_cortexa9_0/libsrc/scutimer_v2_1/src
make -C ps7_cortexa9_0/libsrc/scutimer_v2_1/src -s libs  "SHELL=/bin/sh" "COMPILER=arm-xilinx-eabi-gcc" "ARCHIVER=arm-xilinx-eabi-ar" "COMPILER_FLAGS=  -O2 -c" "EXTRA_COMPILER_FLAGS=-g"
Compiling scutimer
Running Make libs in ps7_cortexa9_0/libsrc/scuwdt_v2_1/src
make -C ps7_cortexa9_0/libsrc/scuwdt_v2_1/src -s libs  "SHELL=/bin/sh" "COMPILER=arm-xilinx-eabi-gcc" "ARCHIVER=arm-xilinx-eabi-ar" "COMPILER_FLAGS=  -O2 -c" "EXTRA_COMPILER_FLAGS=-g"
Compiling scuwdt
Running Make libs in ps7_cortexa9_0/libsrc/sdps_v2_6/src
make -C ps7_cortexa9_0/libsrc/sdps_v2_6/src -s libs  "SHELL=/bin/sh" "COMPILER=arm-xilinx-eabi-gcc" "ARCHIVER=arm-xilinx-eabi-ar" "COMPILER_FLAGS=  -O2 -c" "EXTRA_COMPILER_FLAGS=-g"
Compiling sdps
Running Make libs in ps7_cortexa9_0/libsrc/standalone_v5_3/src
make -C ps7_cortexa9_0/libsrc/standalone_v5_3/src -s libs  "SHELL=/bin/sh" "COMPILER=arm-xilinx-eabi-gcc" "ARCHIVER=arm-xilinx-eabi-ar" "COMPILER_FLAGS=  -O2 -c" "EXTRA_COMPILER_FLAGS=-g"
Compiling standalone
Running Make libs in ps7_cortexa9_0/libsrc/ttcps_v3_0/src
make -C ps7_cortexa9_0/libsrc/ttcps_v3_0/src -s libs  "SHELL=/bin/sh" "COMPILER=arm-xilinx-eabi-gcc" "ARCHIVER=arm-xilinx-eabi-ar" "COMPILER_FLAGS=  -O2 -c" "EXTRA_COMPILER_FLAGS=-g"
Compiling ttcps
Running Make libs in ps7_cortexa9_0/libsrc/uartps_v3_1/src
make -C ps7_cortexa9_0/libsrc/uartps_v3_1/src -s libs  "SHELL=/bin/sh" "COMPILER=arm-xilinx-eabi-gcc" "ARCHIVER=arm-xilinx-eabi-ar" "COMPILER_FLAGS=  -O2 -c" "EXTRA_COMPILER_FLAGS=-g"
Compiling uartps
Running Make libs in ps7_cortexa9_0/libsrc/usbps_v2_2/src
make -C ps7_cortexa9_0/libsrc/usbps_v2_2/src -s libs  "SHELL=/bin/sh" "COMPILER=arm-xilinx-eabi-gcc" "ARCHIVER=arm-xilinx-eabi-ar" "COMPILER_FLAGS=  -O2 -c" "EXTRA_COMPILER_FLAGS=-g"
Compiling usbps
Running Make libs in ps7_cortexa9_0/libsrc/xadcps_v2_2/src
make -C ps7_cortexa9_0/libsrc/xadcps_v2_2/src -s libs  "SHELL=/bin/sh" "COMPILER=arm-xilinx-eabi-gcc" "ARCHIVER=arm-xilinx-eabi-ar" "COMPILER_FLAGS=  -O2 -c" "EXTRA_COMPILER_FLAGS=-g"
Compiling xadcps
Finished building libraries
20:35:09 **** Build of configuration Debug for project linebuffer_test ****
make all 
Building file: ../src/helloworld.c
Invoking: ARM gcc compiler
arm-xilinx-eabi-gcc -Wall -O0 -g3 -c -fmessage-length=0 -MT"src/helloworld.o" -I../../linebuffer_test_bsp/ps7_cortexa9_0/include -MMD -MP -MF"src/helloworld.d" -MT"src/helloworld.d" -o "src/helloworld.o" "../src/helloworld.c"
Finished building: ../src/helloworld.c
 
Building file: ../src/platform.c
Invoking: ARM gcc compiler
arm-xilinx-eabi-gcc -Wall -O0 -g3 -c -fmessage-length=0 -MT"src/platform.o" -I../../linebuffer_test_bsp/ps7_cortexa9_0/include -MMD -MP -MF"src/platform.d" -MT"src/platform.d" -o "src/platform.o" "../src/platform.c"
Finished building: ../src/platform.c
 
Building target: linebuffer_test.elf
Invoking: ARM gcc linker
arm-xilinx-eabi-gcc -Wl,-T -Wl,../src/lscript.ld -L../../linebuffer_test_bsp/ps7_cortexa9_0/lib -o "linebuffer_test.elf"  ./src/helloworld.o ./src/platform.o   -Wl,--start-group,-lxil,-lgcc,-lc,--end-group
Finished building target: linebuffer_test.elf
 
Invoking: ARM Print Size
arm-xilinx-eabi-size linebuffer_test.elf  |tee "linebuffer_test.elf.size"
   text	   data	    bss	    dec	    hex	filename
  22888	   1152	  22564	  46604	   b60c	linebuffer_test.elf
Finished building: linebuffer_test.elf.size
 
20:35:10 **** Auto Build of configuration Debug for project linebuffer_test ****
make all 
make: Nothing to be done for `all'.
20:39:38 **** Auto Build of configuration Debug for project linebuffer_test ****
make all 
make: Nothing to be done for `all'.
20:44:07 **** Auto Build of configuration Debug for project linebuffer_test ****
make all 
Building file: /home/mike/Documents/osiris-hdl/sw/common/buf_controller.c
Invoking: ARM gcc compiler
arm-xilinx-eabi-gcc -Wall -O0 -g3 -c -fmessage-length=0 -MT"sw/common/buf_controller.o" -I../../linebuffer_test_bsp/ps7_cortexa9_0/include -MMD -MP -MF"sw/common/buf_controller.d" -MT"sw/common/buf_controller.d" -o "sw/common/buf_controller.o" "/home/mike/Documents/osiris-hdl/sw/common/buf_controller.c"
In file included from /home/mike/Documents/osiris-hdl/sw/common/buf_controller.c:14:0:
/home/mike/Documents/osiris-hdl/sw/common/interrupt.h:18:1: warning: data definition has no type or storage class
 TRIGGER_TYPE_LEVEL_ACTIVE_LOW   = 0
 ^
/home/mike/Documents/osiris-hdl/sw/common/interrupt.h:18:1: warning: type defaults to 'int' in declaration of 'TRIGGER_TYPE_LEVEL_ACTIVE_LOW' [-Wimplicit-int]
/home/mike/Documents/osiris-hdl/sw/common/interrupt.h:19:1: error: expected ',' or ';' before 'TRIGGER_TYPE_LEVEL_ACTIVE_HIGH'
 TRIGGER_TYPE_LEVEL_ACTIVE_HIGH  = 1
 ^
/home/mike/Documents/osiris-hdl/sw/common/buf_controller.c:15:20: fatal error: config.h: No such file or directory
 #include "config.h"
                    ^
compilation terminated.
make: *** [sw/common/buf_controller.o] Error 1
20:44:46 **** Auto Build of configuration Debug for project linebuffer_test ****
make all 
Building file: /home/mike/Documents/osiris-hdl/sw/common/buf_controller.c
Invoking: ARM gcc compiler
arm-xilinx-eabi-gcc -Wall -O0 -g3 -c -fmessage-length=0 -MT"sw/common/buf_controller.o" -I../../linebuffer_test_bsp/ps7_cortexa9_0/include -MMD -MP -MF"sw/common/buf_controller.d" -MT"sw/common/buf_controller.d" -o "sw/common/buf_controller.o" "/home/mike/Documents/osiris-hdl/sw/common/buf_controller.c"
In file included from /home/mike/Documents/osiris-hdl/sw/common/buf_controller.c:14:0:
/home/mike/Documents/osiris-hdl/sw/common/interrupt.h:33:22: error: unknown type name 'XScuGic'
 int create_interrupt(XScuGic *, u32, u8, u8, Xil_InterruptHandler, void *);
                      ^
/home/mike/Documents/osiris-hdl/sw/common/interrupt.h:33:33: error: unknown type name 'u32'
 int create_interrupt(XScuGic *, u32, u8, u8, Xil_InterruptHandler, void *);
                                 ^
/home/mike/Documents/osiris-hdl/sw/common/interrupt.h:33:38: error: unknown type name 'u8'
 int create_interrupt(XScuGic *, u32, u8, u8, Xil_InterruptHandler, void *);
                                      ^
/home/mike/Documents/osiris-hdl/sw/common/interrupt.h:33:42: error: unknown type name 'u8'
 int create_interrupt(XScuGic *, u32, u8, u8, Xil_InterruptHandler, void *);
                                          ^
/home/mike/Documents/osiris-hdl/sw/common/interrupt.h:33:46: error: unknown type name 'Xil_InterruptHandler'
 int create_interrupt(XScuGic *, u32, u8, u8, Xil_InterruptHandler, void *);
                                              ^
/home/mike/Documents/osiris-hdl/sw/common/buf_controller.c:15:20: fatal error: config.h: No such file or directory
 #include "config.h"
                    ^
compilation terminated.
make: *** [sw/common/buf_controller.o] Error 1
20:46:12 **** Auto Build of configuration Debug for project linebuffer_test ****
make all 
Building file: /home/mike/Documents/osiris-hdl/sw/common/buf_controller.c
Invoking: ARM gcc compiler
arm-xilinx-eabi-gcc -Wall -O0 -g3 -c -fmessage-length=0 -MT"sw/common/buf_controller.o" -I../../linebuffer_test_bsp/ps7_cortexa9_0/include -MMD -MP -MF"sw/common/buf_controller.d" -MT"sw/common/buf_controller.d" -o "sw/common/buf_controller.o" "/home/mike/Documents/osiris-hdl/sw/common/buf_controller.c"
In file included from /home/mike/Documents/osiris-hdl/sw/common/buf_controller.c:14:0:
/home/mike/Documents/osiris-hdl/sw/common/interrupt.h:33:22: error: unknown type name 'XScuGic'
 int create_interrupt(XScuGic *, u32, u8, u8, Xil_InterruptHandler, void *);
                      ^
/home/mike/Documents/osiris-hdl/sw/common/interrupt.h:33:33: error: unknown type name 'u32'
 int create_interrupt(XScuGic *, u32, u8, u8, Xil_InterruptHandler, void *);
                                 ^
/home/mike/Documents/osiris-hdl/sw/common/interrupt.h:33:38: error: unknown type name 'u8'
 int create_interrupt(XScuGic *, u32, u8, u8, Xil_InterruptHandler, void *);
                                      ^
/home/mike/Documents/osiris-hdl/sw/common/interrupt.h:33:42: error: unknown type name 'u8'
 int create_interrupt(XScuGic *, u32, u8, u8, Xil_InterruptHandler, void *);
                                          ^
/home/mike/Documents/osiris-hdl/sw/common/interrupt.h:33:46: error: unknown type name 'Xil_InterruptHandler'
 int create_interrupt(XScuGic *, u32, u8, u8, Xil_InterruptHandler, void *);
                                              ^
/home/mike/Documents/osiris-hdl/sw/common/buf_controller.c:15:20: fatal error: config.h: No such file or directory
 #include "config.h"
                    ^
compilation terminated.
make: *** [sw/common/buf_controller.o] Error 1
20:46:20 **** Auto Build of configuration Debug for project linebuffer_test ****
make all 
Building file: /home/mike/Documents/osiris-hdl/sw/common/buf_controller.c
Invoking: ARM gcc compiler
arm-xilinx-eabi-gcc -Wall -O0 -g3 -c -fmessage-length=0 -MT"sw/common/buf_controller.o" -I../../linebuffer_test_bsp/ps7_cortexa9_0/include -MMD -MP -MF"sw/common/buf_controller.d" -MT"sw/common/buf_controller.d" -o "sw/common/buf_controller.o" "/home/mike/Documents/osiris-hdl/sw/common/buf_controller.c"
In file included from /home/mike/Documents/osiris-hdl/sw/common/buf_controller.c:14:0:
/home/mike/Documents/osiris-hdl/sw/common/interrupt.h:33:22: error: unknown type name 'XScuGic'
 int create_interrupt(XScuGic *, u32, u8, u8, Xil_InterruptHandler, void *);
                      ^
/home/mike/Documents/osiris-hdl/sw/common/interrupt.h:33:33: error: unknown type name 'u32'
 int create_interrupt(XScuGic *, u32, u8, u8, Xil_InterruptHandler, void *);
                                 ^
/home/mike/Documents/osiris-hdl/sw/common/interrupt.h:33:38: error: unknown type name 'u8'
 int create_interrupt(XScuGic *, u32, u8, u8, Xil_InterruptHandler, void *);
                                      ^
/home/mike/Documents/osiris-hdl/sw/common/interrupt.h:33:42: error: unknown type name 'u8'
 int create_interrupt(XScuGic *, u32, u8, u8, Xil_InterruptHandler, void *);
                                          ^
/home/mike/Documents/osiris-hdl/sw/common/interrupt.h:33:46: error: unknown type name 'Xil_InterruptHandler'
 int create_interrupt(XScuGic *, u32, u8, u8, Xil_InterruptHandler, void *);
                                              ^
/home/mike/Documents/osiris-hdl/sw/common/buf_controller.c:15:20: fatal error: config.h: No such file or directory
 #include "config.h"
                    ^
compilation terminated.
make: *** [sw/common/buf_controller.o] Error 1
20:46:35 **** Auto Build of configuration Debug for project linebuffer_test ****
make all 
Building file: /home/mike/Documents/osiris-hdl/sw/common/buf_controller.c
Invoking: ARM gcc compiler
arm-xilinx-eabi-gcc -Wall -O0 -g3 -c -fmessage-length=0 -MT"sw/common/buf_controller.o" -I../../linebuffer_test_bsp/ps7_cortexa9_0/include -MMD -MP -MF"sw/common/buf_controller.d" -MT"sw/common/buf_controller.d" -o "sw/common/buf_controller.o" "/home/mike/Documents/osiris-hdl/sw/common/buf_controller.c"
In file included from /home/mike/Documents/osiris-hdl/sw/common/buf_controller.c:14:0:
/home/mike/Documents/osiris-hdl/sw/common/interrupt.h:33:22: error: unknown type name 'XScuGic'
 int create_interrupt(XScuGic *, u32, u8, u8, Xil_InterruptHandler, void *);
                      ^
/home/mike/Documents/osiris-hdl/sw/common/interrupt.h:33:33: error: unknown type name 'u32'
 int create_interrupt(XScuGic *, u32, u8, u8, Xil_InterruptHandler, void *);
                                 ^
/home/mike/Documents/osiris-hdl/sw/common/interrupt.h:33:38: error: unknown type name 'u8'
 int create_interrupt(XScuGic *, u32, u8, u8, Xil_InterruptHandler, void *);
                                      ^
/home/mike/Documents/osiris-hdl/sw/common/interrupt.h:33:42: error: unknown type name 'u8'
 int create_interrupt(XScuGic *, u32, u8, u8, Xil_InterruptHandler, void *);
                                          ^
/home/mike/Documents/osiris-hdl/sw/common/interrupt.h:33:46: error: unknown type name 'Xil_InterruptHandler'
 int create_interrupt(XScuGic *, u32, u8, u8, Xil_InterruptHandler, void *);
                                              ^
/home/mike/Documents/osiris-hdl/sw/common/buf_controller.c:15:20: fatal error: config.h: No such file or directory
 #include "config.h"
                    ^
compilation terminated.
make: *** [sw/common/buf_controller.o] Error 1
20:47:37 **** Auto Build of configuration Debug for project linebuffer_test ****
make all 
Building file: /home/mike/Documents/osiris-hdl/sw/common/buf_controller.c
Invoking: ARM gcc compiler
arm-xilinx-eabi-gcc -Wall -O0 -g3 -c -fmessage-length=0 -MT"sw/common/buf_controller.o" -I../../linebuffer_test_bsp/ps7_cortexa9_0/include -MMD -MP -MF"sw/common/buf_controller.d" -MT"sw/common/buf_controller.d" -o "sw/common/buf_controller.o" "/home/mike/Documents/osiris-hdl/sw/common/buf_controller.c"
In file included from /home/mike/Documents/osiris-hdl/sw/common/buf_controller.c:14:0:
/home/mike/Documents/osiris-hdl/sw/common/interrupt.h:33:22: error: unknown type name 'XScuGic'
 int create_interrupt(XScuGic *, u32, u8, u8, Xil_InterruptHandler, void *);
                      ^
/home/mike/Documents/osiris-hdl/sw/common/interrupt.h:33:46: error: unknown type name 'Xil_InterruptHandler'
 int create_interrupt(XScuGic *, u32, u8, u8, Xil_InterruptHandler, void *);
                                              ^
/home/mike/Documents/osiris-hdl/sw/common/buf_controller.c:15:20: fatal error: config.h: No such file or directory
 #include "config.h"
                    ^
compilation terminated.
make: *** [sw/common/buf_controller.o] Error 1
20:47:51 **** Auto Build of configuration Debug for project linebuffer_test ****
make all 
Building file: /home/mike/Documents/osiris-hdl/sw/common/buf_controller.c
Invoking: ARM gcc compiler
arm-xilinx-eabi-gcc -Wall -O0 -g3 -c -fmessage-length=0 -MT"sw/common/buf_controller.o" -I../../linebuffer_test_bsp/ps7_cortexa9_0/include -MMD -MP -MF"sw/common/buf_controller.d" -MT"sw/common/buf_controller.d" -o "sw/common/buf_controller.o" "/home/mike/Documents/osiris-hdl/sw/common/buf_controller.c"
/home/mike/Documents/osiris-hdl/sw/common/buf_controller.c:15:20: fatal error: config.h: No such file or directory
 #include "config.h"
                    ^
compilation terminated.
make: *** [sw/common/buf_controller.o] Error 1
20:50:57 **** Auto Build of configuration Debug for project linebuffer_test ****
make all 
Building file: /home/mike/Documents/osiris-hdl/sw/common/buf_controller.c
Invoking: ARM gcc compiler
arm-xilinx-eabi-gcc -Wall -O0 -g3 -c -fmessage-length=0 -MT"sw/common/buf_controller.o" -I../../linebuffer_test_bsp/ps7_cortexa9_0/include -MMD -MP -MF"sw/common/buf_controller.d" -MT"sw/common/buf_controller.d" -o "sw/common/buf_controller.o" "/home/mike/Documents/osiris-hdl/sw/common/buf_controller.c"
/home/mike/Documents/osiris-hdl/sw/common/buf_controller.c:15:26: fatal error: ../../config.h: No such file or directory
 #include "../../config.h"
                          ^
compilation terminated.
make: *** [sw/common/buf_controller.o] Error 1
20:51:04 **** Auto Build of configuration Debug for project linebuffer_test ****
make all 
Building file: /home/mike/Documents/osiris-hdl/sw/common/buf_controller.c
Invoking: ARM gcc compiler
arm-xilinx-eabi-gcc -Wall -O0 -g3 -c -fmessage-length=0 -MT"sw/common/buf_controller.o" -I../../linebuffer_test_bsp/ps7_cortexa9_0/include -MMD -MP -MF"sw/common/buf_controller.d" -MT"sw/common/buf_controller.d" -o "sw/common/buf_controller.o" "/home/mike/Documents/osiris-hdl/sw/common/buf_controller.c"
/home/mike/Documents/osiris-hdl/sw/common/buf_controller.c:15:20: fatal error: config.h: No such file or directory
 #include "config.h"
                    ^
compilation terminated.
make: *** [sw/common/buf_controller.o] Error 1
20:59:30 **** Auto Build of configuration Debug for project linebuffer_test ****
make all 
Building file: ../src/helloworld.c
Invoking: ARM gcc compiler
arm-xilinx-eabi-gcc -Wall -O0 -g3 -c -fmessage-length=0 -MT"src/helloworld.o" -I../../linebuffer_test_bsp/ps7_cortexa9_0/include -MMD -MP -MF"src/helloworld.d" -MT"src/helloworld.d" -o "src/helloworld.o" "../src/helloworld.c"
Finished building: ../src/helloworld.c
 
Building file: ../src/platform.c
Invoking: ARM gcc compiler
arm-xilinx-eabi-gcc -Wall -O0 -g3 -c -fmessage-length=0 -MT"src/platform.o" -I../../linebuffer_test_bsp/ps7_cortexa9_0/include -MMD -MP -MF"src/platform.d" -MT"src/platform.d" -o "src/platform.o" "../src/platform.c"
Finished building: ../src/platform.c
 
Building file: /home/mike/Documents/osiris-hdl/sw/common/buf_controller.c
Invoking: ARM gcc compiler
arm-xilinx-eabi-gcc -Wall -O0 -g3 -c -fmessage-length=0 -MT"sw/common/buf_controller.o" -I../../linebuffer_test_bsp/ps7_cortexa9_0/include -MMD -MP -MF"sw/common/buf_controller.d" -MT"sw/common/buf_controller.d" -o "sw/common/buf_controller.o" "/home/mike/Documents/osiris-hdl/sw/common/buf_controller.c"
/home/mike/Documents/osiris-hdl/sw/common/buf_controller.c:15:20: fatal error: config.h: No such file or directory
 #include "config.h"
                    ^
compilation terminated.
make: *** [sw/common/buf_controller.o] Error 1
20:59:34 **** Auto Build of configuration Debug for project linebuffer_test ****
make all 
Building file: ../src/helloworld.c
Invoking: ARM gcc compiler
arm-xilinx-eabi-gcc -Wall -O0 -g3 -c -fmessage-length=0 -MT"src/helloworld.o" -I../../linebuffer_test_bsp/ps7_cortexa9_0/include -MMD -MP -MF"src/helloworld.d" -MT"src/helloworld.d" -o "src/helloworld.o" "../src/helloworld.c"
Finished building: ../src/helloworld.c
 
Building file: ../src/platform.c
Invoking: ARM gcc compiler
arm-xilinx-eabi-gcc -Wall -O0 -g3 -c -fmessage-length=0 -MT"src/platform.o" -I../../linebuffer_test_bsp/ps7_cortexa9_0/include -MMD -MP -MF"src/platform.d" -MT"src/platform.d" -o "src/platform.o" "../src/platform.c"
Finished building: ../src/platform.c
 
Building file: /home/mike/Documents/osiris-hdl/sw/common/buf_controller.c
Invoking: ARM gcc compiler
arm-xilinx-eabi-gcc -Wall -O0 -g3 -c -fmessage-length=0 -MT"sw/common/buf_controller.o" -I../../linebuffer_test_bsp/ps7_cortexa9_0/include -MMD -MP -MF"sw/common/buf_controller.d" -MT"sw/common/buf_controller.d" -o "sw/common/buf_controller.o" "/home/mike/Documents/osiris-hdl/sw/common/buf_controller.c"
/home/mike/Documents/osiris-hdl/sw/common/buf_controller.c:15:20: fatal error: config.h: No such file or directory
 #include "config.h"
                    ^
compilation terminated.
make: *** [sw/common/buf_controller.o] Error 1
20:59:45 **** Clean-only build of configuration Debug for project linebuffer_test ****
make clean 
rm -rf  ./sw/common/buf_controller.o ./sw/common/framebuf.o ./sw/common/interrupt.o  ./src/helloworld.o ./src/platform.o  ./sw/common/buf_controller.d ./sw/common/framebuf.d ./sw/common/interrupt.d  ./src/helloworld.d ./src/platform.d  linebuffer_test.elf.size  linebuffer_test.elf
 
20:59:45 **** Auto Build of configuration Debug for project linebuffer_test ****
make all 
Building file: /home/mike/Documents/osiris-hdl/sw/common/buf_controller.c
Invoking: ARM gcc compiler
arm-xilinx-eabi-gcc -Wall -O0 -g3 -c -fmessage-length=0 -MT"sw/common/buf_controller.o" -I../../linebuffer_test_bsp/ps7_cortexa9_0/include -MMD -MP -MF"sw/common/buf_controller.d" -MT"sw/common/buf_controller.d" -o "sw/common/buf_controller.o" "/home/mike/Documents/osiris-hdl/sw/common/buf_controller.c"
/home/mike/Documents/osiris-hdl/sw/common/buf_controller.c:15:20: fatal error: config.h: No such file or directory
 #include "config.h"
                    ^
compilation terminated.
make: *** [sw/common/buf_controller.o] Error 1
20:59:55 **** Auto Build of configuration Debug for project linebuffer_test ****
make all 
Building file: /home/mike/Documents/osiris-hdl/sw/common/buf_controller.c
Invoking: ARM gcc compiler
arm-xilinx-eabi-gcc -Wall -O0 -g3 -c -fmessage-length=0 -MT"sw/common/buf_controller.o" -I../../linebuffer_test_bsp/ps7_cortexa9_0/include -MMD -MP -MF"sw/common/buf_controller.d" -MT"sw/common/buf_controller.d" -o "sw/common/buf_controller.o" "/home/mike/Documents/osiris-hdl/sw/common/buf_controller.c"
/home/mike/Documents/osiris-hdl/sw/common/buf_controller.c:15:29: fatal error: platform_config.h: No such file or directory
 #include "platform_config.h"
                             ^
compilation terminated.
make: *** [sw/common/buf_controller.o] Error 1
21:01:10 **** Clean-only build of configuration Debug for project linebuffer_test ****
make clean 
rm -rf  ./sw/common/buf_controller.o ./sw/common/framebuf.o ./sw/common/interrupt.o  ./src/helloworld.o ./src/platform.o  ./sw/common/buf_controller.d ./sw/common/framebuf.d ./sw/common/interrupt.d  ./src/helloworld.d ./src/platform.d  linebuffer_test.elf.size  linebuffer_test.elf
 
21:01:10 **** Auto Build of configuration Debug for project linebuffer_test ****
make all 
Building file: /home/mike/Documents/osiris-hdl/sw/common/buf_controller.c
Invoking: ARM gcc compiler
arm-xilinx-eabi-gcc -Wall -O0 -g3 -c -fmessage-length=0 -MT"sw/common/buf_controller.o" -I../../linebuffer_test_bsp/ps7_cortexa9_0/include -MMD -MP -MF"sw/common/buf_controller.d" -MT"sw/common/buf_controller.d" -o "sw/common/buf_controller.o" "/home/mike/Documents/osiris-hdl/sw/common/buf_controller.c"
/home/mike/Documents/osiris-hdl/sw/common/buf_controller.c:15:29: fatal error: platform_config.h: No such file or directory
 #include "platform_config.h"
                             ^
compilation terminated.
make: *** [sw/common/buf_controller.o] Error 1
21:01:21 **** Auto Build of configuration Debug for project linebuffer_test ****
make all 
Building file: /home/mike/Documents/osiris-hdl/sw/common/buf_controller.c
Invoking: ARM gcc compiler
arm-xilinx-eabi-gcc -Wall -O0 -g3 -c -fmessage-length=0 -MT"sw/common/buf_controller.o" -I../../linebuffer_test_bsp/ps7_cortexa9_0/include -MMD -MP -MF"sw/common/buf_controller.d" -MT"sw/common/buf_controller.d" -o "sw/common/buf_controller.o" "/home/mike/Documents/osiris-hdl/sw/common/buf_controller.c"
/home/mike/Documents/osiris-hdl/sw/common/buf_controller.c:15:29: fatal error: platform_config.h: No such file or directory
 #include <platform_config.h>
                             ^
compilation terminated.
make: *** [sw/common/buf_controller.o] Error 1
21:01:30 **** Auto Build of configuration Debug for project linebuffer_test ****
make all 
Building file: /home/mike/Documents/osiris-hdl/sw/common/buf_controller.c
Invoking: ARM gcc compiler
arm-xilinx-eabi-gcc -Wall -O0 -g3 -c -fmessage-length=0 -MT"sw/common/buf_controller.o" -I../../linebuffer_test_bsp/ps7_cortexa9_0/include -MMD -MP -MF"sw/common/buf_controller.d" -MT"sw/common/buf_controller.d" -o "sw/common/buf_controller.o" "/home/mike/Documents/osiris-hdl/sw/common/buf_controller.c"
/home/mike/Documents/osiris-hdl/sw/common/buf_controller.c:15:29: fatal error: platform_config.h: No such file or directory
 #include "platform_config.h"
                             ^
compilation terminated.
make: *** [sw/common/buf_controller.o] Error 1
21:01:42 **** Auto Build of configuration Debug for project linebuffer_test ****
make all 
Building file: /home/mike/Documents/osiris-hdl/sw/common/buf_controller.c
Invoking: ARM gcc compiler
arm-xilinx-eabi-gcc -Wall -O0 -g3 -c -fmessage-length=0 -MT"sw/common/buf_controller.o" -I../../linebuffer_test_bsp/ps7_cortexa9_0/include -MMD -MP -MF"sw/common/buf_controller.d" -MT"sw/common/buf_controller.d" -o "sw/common/buf_controller.o" "/home/mike/Documents/osiris-hdl/sw/common/buf_controller.c"
/home/mike/Documents/osiris-hdl/sw/common/buf_controller.c:15:42: fatal error: ../../../src/platform_config.h: No such file or directory
 #include "../../../src/platform_config.h"
                                          ^
compilation terminated.
make: *** [sw/common/buf_controller.o] Error 1
21:01:58 **** Auto Build of configuration Debug for project linebuffer_test ****
make all 
Building file: /home/mike/Documents/osiris-hdl/sw/common/buf_controller.c
Invoking: ARM gcc compiler
arm-xilinx-eabi-gcc -Wall -O0 -g3 -c -fmessage-length=0 -MT"sw/common/buf_controller.o" -I../../linebuffer_test_bsp/ps7_cortexa9_0/include -MMD -MP -MF"sw/common/buf_controller.d" -MT"sw/common/buf_controller.d" -o "sw/common/buf_controller.o" "/home/mike/Documents/osiris-hdl/sw/common/buf_controller.c"
/home/mike/Documents/osiris-hdl/sw/common/buf_controller.c:15:39: fatal error: ../../src/platform_config.h: No such file or directory
 #include "../../src/platform_config.h"
                                       ^
compilation terminated.
make: *** [sw/common/buf_controller.o] Error 1
21:02:03 **** Auto Build of configuration Debug for project linebuffer_test ****
make all 
Building file: /home/mike/Documents/osiris-hdl/sw/common/buf_controller.c
Invoking: ARM gcc compiler
arm-xilinx-eabi-gcc -Wall -O0 -g3 -c -fmessage-length=0 -MT"sw/common/buf_controller.o" -I../../linebuffer_test_bsp/ps7_cortexa9_0/include -MMD -MP -MF"sw/common/buf_controller.d" -MT"sw/common/buf_controller.d" -o "sw/common/buf_controller.o" "/home/mike/Documents/osiris-hdl/sw/common/buf_controller.c"
/home/mike/Documents/osiris-hdl/sw/common/buf_controller.c:15:42: fatal error: ../../../src/platform_config.h: No such file or directory
 #include "../../../src/platform_config.h"
                                          ^
compilation terminated.
make: *** [sw/common/buf_controller.o] Error 1
21:10:32 **** Clean-only build of configuration Debug for project linebuffer_test ****
make clean 
rm -rf  ./sw/common/buf_controller.o ./sw/common/framebuf.o ./sw/common/interrupt.o  ./src/helloworld.o ./src/platform.o  ./sw/common/buf_controller.d ./sw/common/framebuf.d ./sw/common/interrupt.d  ./src/helloworld.d ./src/platform.d  linebuffer_test.elf.size  linebuffer_test.elf
 
21:10:32 **** Auto Build of configuration Debug for project linebuffer_test ****
make all 
Building file: /home/mike/Documents/osiris-hdl/sw/common/buf_controller.c
Invoking: ARM gcc compiler
arm-xilinx-eabi-gcc -Wall -O0 -g3 -I../../linebuffer_test_bsp/ps7_cortexa9_0/include -I"/home/mike/Documents/osiris-hdl/projects/zybo_linebuffer_test/zybo_linebuffer_test.sdk/linebuffer_test/src" -c -fmessage-length=0 -MT"sw/common/buf_controller.o" -MMD -MP -MF"sw/common/buf_controller.d" -MT"sw/common/buf_controller.d" -o "sw/common/buf_controller.o" "/home/mike/Documents/osiris-hdl/sw/common/buf_controller.c"
/home/mike/Documents/osiris-hdl/sw/common/buf_controller.c:15:42: fatal error: ../../../src/platform_config.h: No such file or directory
 #include "../../../src/platform_config.h"
                                          ^
compilation terminated.
make: *** [sw/common/buf_controller.o] Error 1
21:10:41 **** Clean-only build of configuration Debug for project linebuffer_test ****
make clean 
rm -rf  ./sw/common/buf_controller.o ./sw/common/framebuf.o ./sw/common/interrupt.o  ./src/helloworld.o ./src/platform.o  ./sw/common/buf_controller.d ./sw/common/framebuf.d ./sw/common/interrupt.d  ./src/helloworld.d ./src/platform.d  linebuffer_test.elf.size  linebuffer_test.elf
 
21:10:42 **** Auto Build of configuration Debug for project linebuffer_test ****
make all 
Building file: /home/mike/Documents/osiris-hdl/sw/common/buf_controller.c
Invoking: ARM gcc compiler
arm-xilinx-eabi-gcc -Wall -O0 -g3 -I../../linebuffer_test_bsp/ps7_cortexa9_0/include -I"/home/mike/Documents/osiris-hdl/projects/zybo_linebuffer_test/zybo_linebuffer_test.sdk/linebuffer_test/src" -c -fmessage-length=0 -MT"sw/common/buf_controller.o" -MMD -MP -MF"sw/common/buf_controller.d" -MT"sw/common/buf_controller.d" -o "sw/common/buf_controller.o" "/home/mike/Documents/osiris-hdl/sw/common/buf_controller.c"
/home/mike/Documents/osiris-hdl/sw/common/buf_controller.c:15:42: fatal error: ../../../src/platform_config.h: No such file or directory
 #include "../../../src/platform_config.h"
                                          ^
compilation terminated.
make: *** [sw/common/buf_controller.o] Error 1
21:10:59 **** Auto Build of configuration Debug for project linebuffer_test ****
make all 
Building file: /home/mike/Documents/osiris-hdl/sw/common/buf_controller.c
Invoking: ARM gcc compiler
arm-xilinx-eabi-gcc -Wall -O0 -g3 -I../../linebuffer_test_bsp/ps7_cortexa9_0/include -I"/home/mike/Documents/osiris-hdl/projects/zybo_linebuffer_test/zybo_linebuffer_test.sdk/linebuffer_test/src" -c -fmessage-length=0 -MT"sw/common/buf_controller.o" -MMD -MP -MF"sw/common/buf_controller.d" -MT"sw/common/buf_controller.d" -o "sw/common/buf_controller.o" "/home/mike/Documents/osiris-hdl/sw/common/buf_controller.c"
In file included from /home/mike/Documents/osiris-hdl/sw/common/buf_controller.c:16:0:
/home/mike/Documents/osiris-hdl/sw/common/framebuf.h:15:20: fatal error: config.h: No such file or directory
 #include "config.h"
                    ^
compilation terminated.
make: *** [sw/common/buf_controller.o] Error 1
21:11:12 **** Auto Build of configuration Debug for project linebuffer_test ****
make all 
Building file: /home/mike/Documents/osiris-hdl/sw/common/buf_controller.c
Invoking: ARM gcc compiler
arm-xilinx-eabi-gcc -Wall -O0 -g3 -I../../linebuffer_test_bsp/ps7_cortexa9_0/include -I"/home/mike/Documents/osiris-hdl/projects/zybo_linebuffer_test/zybo_linebuffer_test.sdk/linebuffer_test/src" -c -fmessage-length=0 -MT"sw/common/buf_controller.o" -MMD -MP -MF"sw/common/buf_controller.d" -MT"sw/common/buf_controller.d" -o "sw/common/buf_controller.o" "/home/mike/Documents/osiris-hdl/sw/common/buf_controller.c"
/home/mike/Documents/osiris-hdl/sw/common/buf_controller.c: In function 'setup_buf_ctrl_interrupts':
/home/mike/Documents/osiris-hdl/sw/common/buf_controller.c:55:32: error: 'g_int_ctrl' undeclared (first use in this function)
     status = create_interrupt(&g_int_ctrl, LINE_VALID_INT_ID, 0x8, TRIGGER_TYPE_EDGE_RISING, line_valid_isr);
                                ^
/home/mike/Documents/osiris-hdl/sw/common/buf_controller.c:55:32: note: each undeclared identifier is reported only once for each function it appears in
/home/mike/Documents/osiris-hdl/sw/common/buf_controller.c:55:44: error: 'LINE_VALID_INT_ID' undeclared (first use in this function)
     status = create_interrupt(&g_int_ctrl, LINE_VALID_INT_ID, 0x8, TRIGGER_TYPE_EDGE_RISING, line_valid_isr);
                                            ^
In file included from /home/mike/Documents/osiris-hdl/sw/common/buf_controller.c:14:0:
/home/mike/Documents/osiris-hdl/sw/common/interrupt.h:22:41: error: expected expression before '=' token
 #define TRIGGER_TYPE_EDGE_RISING        = 3
                                         ^
/home/mike/Documents/osiris-hdl/sw/common/buf_controller.c:55:68: note: in expansion of macro 'TRIGGER_TYPE_EDGE_RISING'
     status = create_interrupt(&g_int_ctrl, LINE_VALID_INT_ID, 0x8, TRIGGER_TYPE_EDGE_RISING, line_valid_isr);
                                                                    ^
/home/mike/Documents/osiris-hdl/sw/common/buf_controller.c:55:14: error: too few arguments to function 'create_interrupt'
     status = create_interrupt(&g_int_ctrl, LINE_VALID_INT_ID, 0x8, TRIGGER_TYPE_EDGE_RISING, line_valid_isr);
              ^
In file included from /home/mike/Documents/osiris-hdl/sw/common/buf_controller.c:14:0:
/home/mike/Documents/osiris-hdl/sw/common/interrupt.h:34:5: note: declared here
 int create_interrupt(XScuGic *, u32, u8, u8, Xil_InterruptHandler, void *);
     ^
/home/mike/Documents/osiris-hdl/sw/common/buf_controller.c:61:44: error: 'FRAME_VALID_INT_ID' undeclared (first use in this function)
     status = create_interrupt(&g_int_ctrl, FRAME_VALID_INT_ID, 0x0, TRIGGER_TYPE_EDGE_RISING, frame_valid_isr);
                                            ^
In file included from /home/mike/Documents/osiris-hdl/sw/common/buf_controller.c:14:0:
/home/mike/Documents/osiris-hdl/sw/common/interrupt.h:22:41: error: expected expression before '=' token
 #define TRIGGER_TYPE_EDGE_RISING        = 3
                                         ^
/home/mike/Documents/osiris-hdl/sw/common/buf_controller.c:61:69: note: in expansion of macro 'TRIGGER_TYPE_EDGE_RISING'
     status = create_interrupt(&g_int_ctrl, FRAME_VALID_INT_ID, 0x0, TRIGGER_TYPE_EDGE_RISING, frame_valid_isr);
                                                                     ^
/home/mike/Documents/osiris-hdl/sw/common/buf_controller.c:61:14: error: too few arguments to function 'create_interrupt'
     status = create_interrupt(&g_int_ctrl, FRAME_VALID_INT_ID, 0x0, TRIGGER_TYPE_EDGE_RISING, frame_valid_isr);
              ^
In file included from /home/mike/Documents/osiris-hdl/sw/common/buf_controller.c:14:0:
/home/mike/Documents/osiris-hdl/sw/common/interrupt.h:34:5: note: declared here
 int create_interrupt(XScuGic *, u32, u8, u8, Xil_InterruptHandler, void *);
     ^
/home/mike/Documents/osiris-hdl/sw/common/buf_controller.c:67:44: error: 'REQ_LINE_INT_ID' undeclared (first use in this function)
     status = create_interrupt(&g_int_ctrl, REQ_LINE_INT_ID, 0x8, TRIGGER_TYPE_EDGE_RISING, req_line_isr);
                                            ^
In file included from /home/mike/Documents/osiris-hdl/sw/common/buf_controller.c:14:0:
/home/mike/Documents/osiris-hdl/sw/common/interrupt.h:22:41: error: expected expression before '=' token
 #define TRIGGER_TYPE_EDGE_RISING        = 3
                                         ^
/home/mike/Documents/osiris-hdl/sw/common/buf_controller.c:67:66: note: in expansion of macro 'TRIGGER_TYPE_EDGE_RISING'
     status = create_interrupt(&g_int_ctrl, REQ_LINE_INT_ID, 0x8, TRIGGER_TYPE_EDGE_RISING, req_line_isr);
                                                                  ^
/home/mike/Documents/osiris-hdl/sw/common/buf_controller.c:67:14: error: too few arguments to function 'create_interrupt'
     status = create_interrupt(&g_int_ctrl, REQ_LINE_INT_ID, 0x8, TRIGGER_TYPE_EDGE_RISING, req_line_isr);
              ^
In file included from /home/mike/Documents/osiris-hdl/sw/common/buf_controller.c:14:0:
/home/mike/Documents/osiris-hdl/sw/common/interrupt.h:34:5: note: declared here
 int create_interrupt(XScuGic *, u32, u8, u8, Xil_InterruptHandler, void *);
     ^
/home/mike/Documents/osiris-hdl/sw/common/buf_controller.c:73:44: error: 'REQ_FRAME_INT_ID' undeclared (first use in this function)
     status = create_interrupt(&g_int_ctrl, REQ_FRAME_INT_ID, 0x0, TRIGGER_TYPE_EDGE_RISING, req_frame_isr);
                                            ^
In file included from /home/mike/Documents/osiris-hdl/sw/common/buf_controller.c:14:0:
/home/mike/Documents/osiris-hdl/sw/common/interrupt.h:22:41: error: expected expression before '=' token
 #define TRIGGER_TYPE_EDGE_RISING        = 3
                                         ^
/home/mike/Documents/osiris-hdl/sw/common/buf_controller.c:73:67: note: in expansion of macro 'TRIGGER_TYPE_EDGE_RISING'
     status = create_interrupt(&g_int_ctrl, REQ_FRAME_INT_ID, 0x0, TRIGGER_TYPE_EDGE_RISING, req_frame_isr);
                                                                   ^
/home/mike/Documents/osiris-hdl/sw/common/buf_controller.c:73:14: error: too few arguments to function 'create_interrupt'
     status = create_interrupt(&g_int_ctrl, REQ_FRAME_INT_ID, 0x0, TRIGGER_TYPE_EDGE_RISING, req_frame_isr);
              ^
In file included from /home/mike/Documents/osiris-hdl/sw/common/buf_controller.c:14:0:
/home/mike/Documents/osiris-hdl/sw/common/interrupt.h:34:5: note: declared here
 int create_interrupt(XScuGic *, u32, u8, u8, Xil_InterruptHandler, void *);
     ^
/home/mike/Documents/osiris-hdl/sw/common/buf_controller.c: In function 'line_valid_isr':
/home/mike/Documents/osiris-hdl/sw/common/buf_controller.c:83:21: warning: assignment makes pointer from integer without a cast
     line_valid_flag = 1;
                     ^
/home/mike/Documents/osiris-hdl/sw/common/buf_controller.c: In function 'frame_valid_isr':
/home/mike/Documents/osiris-hdl/sw/common/buf_controller.c:87:22: warning: assignment makes pointer from integer without a cast
     frame_valid_flag = 1;
                      ^
/home/mike/Documents/osiris-hdl/sw/common/buf_controller.c: In function 'req_line_isr':
/home/mike/Documents/osiris-hdl/sw/common/buf_controller.c:91:19: warning: assignment makes pointer from integer without a cast
     req_line_flag = 1;
                   ^
/home/mike/Documents/osiris-hdl/sw/common/buf_controller.c: In function 'req_frame_isr':
/home/mike/Documents/osiris-hdl/sw/common/buf_controller.c:95:20: warning: assignment makes pointer from integer without a cast
     req_frame_flag = 1;
                    ^
/home/mike/Documents/osiris-hdl/sw/common/buf_controller.c: In function 'init_axi_cdma':
/home/mike/Documents/osiris-hdl/sw/common/buf_controller.c:104:42: error: 'I_CDMA_DEVICE_ID' undeclared (first use in this function)
     i_cdma_cfg_p = XAxiCdma_LookupConfig(I_CDMA_DEVICE_ID);
                                          ^
/home/mike/Documents/osiris-hdl/sw/common/buf_controller.c:115:42: error: 'O_CDMA_DEVICE_ID' undeclared (first use in this function)
     o_cdma_cfg_p = XAxiCdma_LookupConfig(O_CDMA_DEVICE_ID);
                                          ^
/home/mike/Documents/osiris-hdl/sw/common/buf_controller.c: In function 'buf_controller_setup':
/home/mike/Documents/osiris-hdl/sw/common/buf_controller.c:131:9: warning: unused variable 'status' [-Wunused-variable]
     int status;
         ^
/home/mike/Documents/osiris-hdl/sw/common/buf_controller.c: At top level:
/home/mike/Documents/osiris-hdl/sw/common/buf_controller.c:137:6: error: conflicting types for 'buf_controller_update'
 void buf_controller_update(void) {
      ^
In file included from /home/mike/Documents/osiris-hdl/sw/common/buf_controller.c:13:0:
/home/mike/Documents/osiris-hdl/sw/common/buf_controller.h:32:5: note: previous declaration of 'buf_controller_update' was here
 int buf_controller_update(void);
     ^
/home/mike/Documents/osiris-hdl/sw/common/buf_controller.c: In function 'buf_controller_update':
/home/mike/Documents/osiris-hdl/sw/common/buf_controller.c:145:9: warning: implicit declaration of function 'XAxiCdma_Simple_Transfer' [-Wimplicit-function-declaration]
         XAxiCdma_Simple_Transfer(&i_cdma, I_BRAM_AXI_ADDR, i_framebuffer_line_p, FRAMEBUF_WIDTH, void, void)
         ^
/home/mike/Documents/osiris-hdl/sw/common/buf_controller.c:145:43: error: 'I_BRAM_AXI_ADDR' undeclared (first use in this function)
         XAxiCdma_Simple_Transfer(&i_cdma, I_BRAM_AXI_ADDR, i_framebuffer_line_p, FRAMEBUF_WIDTH, void, void)
                                           ^
/home/mike/Documents/osiris-hdl/sw/common/buf_controller.c:145:98: error: expected expression before 'void'
         XAxiCdma_Simple_Transfer(&i_cdma, I_BRAM_AXI_ADDR, i_framebuffer_line_p, FRAMEBUF_WIDTH, void, void)
                                                                                                  ^
/home/mike/Documents/osiris-hdl/sw/common/buf_controller.c:146:9: error: expected ';' before 'i_framebuffer_line_p'
         i_framebuffer_line_p++;
         ^
/home/mike/Documents/osiris-hdl/sw/common/buf_controller.c:156:65: error: 'O_BRAM_AXI_ADDR' undeclared (first use in this function)
         XAxiCdma_Simple_Transfer(&o_cdma, o_framebuffer_line_p, O_BRAM_AXI_ADDR, FRAMEBUF_WIDTH, void, void)
                                                                 ^
/home/mike/Documents/osiris-hdl/sw/common/buf_controller.c:156:98: error: expected expression before 'void'
         XAxiCdma_Simple_Transfer(&o_cdma, o_framebuffer_line_p, O_BRAM_AXI_ADDR, FRAMEBUF_WIDTH, void, void)
                                                                                                  ^
/home/mike/Documents/osiris-hdl/sw/common/buf_controller.c:157:9: error: expected ';' before 'o_framebuffer_line_p'
         o_framebuffer_line_p++;
         ^
/home/mike/Documents/osiris-hdl/sw/common/buf_controller.c: At top level:
/home/mike/Documents/osiris-hdl/sw/common/buf_controller.c:51:5: warning: 'setup_buf_ctrl_interrupts' defined but not used [-Wunused-function]
 int setup_buf_ctrl_interrupts(void) {
     ^
make: *** [sw/common/buf_controller.o] Error 1
21:12:01 **** Auto Build of configuration Debug for project linebuffer_test ****
make all 
Building file: /home/mike/Documents/osiris-hdl/sw/common/buf_controller.c
Invoking: ARM gcc compiler
arm-xilinx-eabi-gcc -Wall -O0 -g3 -I../../linebuffer_test_bsp/ps7_cortexa9_0/include -I"/home/mike/Documents/osiris-hdl/projects/zybo_linebuffer_test/zybo_linebuffer_test.sdk/linebuffer_test/src" -c -fmessage-length=0 -MT"sw/common/buf_controller.o" -MMD -MP -MF"sw/common/buf_controller.d" -MT"sw/common/buf_controller.d" -o "sw/common/buf_controller.o" "/home/mike/Documents/osiris-hdl/sw/common/buf_controller.c"
In file included from /home/mike/Documents/osiris-hdl/sw/common/buf_controller.c:15:0:
/home/mike/Documents/osiris-hdl/projects/zybo_linebuffer_test/zybo_linebuffer_test.sdk/linebuffer_test/src/platform_config.h:10:8: error: no macro name given in #define directive
 #define
        ^
/home/mike/Documents/osiris-hdl/sw/common/buf_controller.c: In function 'setup_buf_ctrl_interrupts':
/home/mike/Documents/osiris-hdl/sw/common/buf_controller.c:55:32: error: 'g_int_ctrl' undeclared (first use in this function)
     status = create_interrupt(&g_int_ctrl, LINE_VALID_INT_ID, 0x8, TRIGGER_TYPE_EDGE_RISING, line_valid_isr);
                                ^
/home/mike/Documents/osiris-hdl/sw/common/buf_controller.c:55:32: note: each undeclared identifier is reported only once for each function it appears in
/home/mike/Documents/osiris-hdl/sw/common/buf_controller.c:55:44: error: 'LINE_VALID_INT_ID' undeclared (first use in this function)
     status = create_interrupt(&g_int_ctrl, LINE_VALID_INT_ID, 0x8, TRIGGER_TYPE_EDGE_RISING, line_valid_isr);
                                            ^
In file included from /home/mike/Documents/osiris-hdl/sw/common/buf_controller.c:14:0:
/home/mike/Documents/osiris-hdl/sw/common/interrupt.h:22:41: error: expected expression before '=' token
 #define TRIGGER_TYPE_EDGE_RISING        = 3
                                         ^
/home/mike/Documents/osiris-hdl/sw/common/buf_controller.c:55:68: note: in expansion of macro 'TRIGGER_TYPE_EDGE_RISING'
     status = create_interrupt(&g_int_ctrl, LINE_VALID_INT_ID, 0x8, TRIGGER_TYPE_EDGE_RISING, line_valid_isr);
                                                                    ^
/home/mike/Documents/osiris-hdl/sw/common/buf_controller.c:55:14: error: too few arguments to function 'create_interrupt'
     status = create_interrupt(&g_int_ctrl, LINE_VALID_INT_ID, 0x8, TRIGGER_TYPE_EDGE_RISING, line_valid_isr);
              ^
In file included from /home/mike/Documents/osiris-hdl/sw/common/buf_controller.c:14:0:
/home/mike/Documents/osiris-hdl/sw/common/interrupt.h:34:5: note: declared here
 int create_interrupt(XScuGic *, u32, u8, u8, Xil_InterruptHandler, void *);
     ^
/home/mike/Documents/osiris-hdl/sw/common/buf_controller.c:61:44: error: 'FRAME_VALID_INT_ID' undeclared (first use in this function)
     status = create_interrupt(&g_int_ctrl, FRAME_VALID_INT_ID, 0x0, TRIGGER_TYPE_EDGE_RISING, frame_valid_isr);
                                            ^
In file included from /home/mike/Documents/osiris-hdl/sw/common/buf_controller.c:14:0:
/home/mike/Documents/osiris-hdl/sw/common/interrupt.h:22:41: error: expected expression before '=' token
 #define TRIGGER_TYPE_EDGE_RISING        = 3
                                         ^
/home/mike/Documents/osiris-hdl/sw/common/buf_controller.c:61:69: note: in expansion of macro 'TRIGGER_TYPE_EDGE_RISING'
     status = create_interrupt(&g_int_ctrl, FRAME_VALID_INT_ID, 0x0, TRIGGER_TYPE_EDGE_RISING, frame_valid_isr);
                                                                     ^
/home/mike/Documents/osiris-hdl/sw/common/buf_controller.c:61:14: error: too few arguments to function 'create_interrupt'
     status = create_interrupt(&g_int_ctrl, FRAME_VALID_INT_ID, 0x0, TRIGGER_TYPE_EDGE_RISING, frame_valid_isr);
              ^
In file included from /home/mike/Documents/osiris-hdl/sw/common/buf_controller.c:14:0:
/home/mike/Documents/osiris-hdl/sw/common/interrupt.h:34:5: note: declared here
 int create_interrupt(XScuGic *, u32, u8, u8, Xil_InterruptHandler, void *);
     ^
/home/mike/Documents/osiris-hdl/sw/common/buf_controller.c:67:44: error: 'REQ_LINE_INT_ID' undeclared (first use in this function)
     status = create_interrupt(&g_int_ctrl, REQ_LINE_INT_ID, 0x8, TRIGGER_TYPE_EDGE_RISING, req_line_isr);
                                            ^
In file included from /home/mike/Documents/osiris-hdl/sw/common/buf_controller.c:14:0:
/home/mike/Documents/osiris-hdl/sw/common/interrupt.h:22:41: error: expected expression before '=' token
 #define TRIGGER_TYPE_EDGE_RISING        = 3
                                         ^
/home/mike/Documents/osiris-hdl/sw/common/buf_controller.c:67:66: note: in expansion of macro 'TRIGGER_TYPE_EDGE_RISING'
     status = create_interrupt(&g_int_ctrl, REQ_LINE_INT_ID, 0x8, TRIGGER_TYPE_EDGE_RISING, req_line_isr);
                                                                  ^
/home/mike/Documents/osiris-hdl/sw/common/buf_controller.c:67:14: error: too few arguments to function 'create_interrupt'
     status = create_interrupt(&g_int_ctrl, REQ_LINE_INT_ID, 0x8, TRIGGER_TYPE_EDGE_RISING, req_line_isr);
              ^
In file included from /home/mike/Documents/osiris-hdl/sw/common/buf_controller.c:14:0:
/home/mike/Documents/osiris-hdl/sw/common/interrupt.h:34:5: note: declared here
 int create_interrupt(XScuGic *, u32, u8, u8, Xil_InterruptHandler, void *);
     ^
/home/mike/Documents/osiris-hdl/sw/common/buf_controller.c:73:44: error: 'REQ_FRAME_INT_ID' undeclared (first use in this function)
     status = create_interrupt(&g_int_ctrl, REQ_FRAME_INT_ID, 0x0, TRIGGER_TYPE_EDGE_RISING, req_frame_isr);
                                            ^
In file included from /home/mike/Documents/osiris-hdl/sw/common/buf_controller.c:14:0:
/home/mike/Documents/osiris-hdl/sw/common/interrupt.h:22:41: error: expected expression before '=' token
 #define TRIGGER_TYPE_EDGE_RISING        = 3
                                         ^
/home/mike/Documents/osiris-hdl/sw/common/buf_controller.c:73:67: note: in expansion of macro 'TRIGGER_TYPE_EDGE_RISING'
     status = create_interrupt(&g_int_ctrl, REQ_FRAME_INT_ID, 0x0, TRIGGER_TYPE_EDGE_RISING, req_frame_isr);
                                                                   ^
/home/mike/Documents/osiris-hdl/sw/common/buf_controller.c:73:14: error: too few arguments to function 'create_interrupt'
     status = create_interrupt(&g_int_ctrl, REQ_FRAME_INT_ID, 0x0, TRIGGER_TYPE_EDGE_RISING, req_frame_isr);
              ^
In file included from /home/mike/Documents/osiris-hdl/sw/common/buf_controller.c:14:0:
/home/mike/Documents/osiris-hdl/sw/common/interrupt.h:34:5: note: declared here
 int create_interrupt(XScuGic *, u32, u8, u8, Xil_InterruptHandler, void *);
     ^
/home/mike/Documents/osiris-hdl/sw/common/buf_controller.c: In function 'line_valid_isr':
/home/mike/Documents/osiris-hdl/sw/common/buf_controller.c:83:21: warning: assignment makes pointer from integer without a cast
     line_valid_flag = 1;
                     ^
/home/mike/Documents/osiris-hdl/sw/common/buf_controller.c: In function 'frame_valid_isr':
/home/mike/Documents/osiris-hdl/sw/common/buf_controller.c:87:22: warning: assignment makes pointer from integer without a cast
     frame_valid_flag = 1;
                      ^
/home/mike/Documents/osiris-hdl/sw/common/buf_controller.c: In function 'req_line_isr':
/home/mike/Documents/osiris-hdl/sw/common/buf_controller.c:91:19: warning: assignment makes pointer from integer without a cast
     req_line_flag = 1;
                   ^
/home/mike/Documents/osiris-hdl/sw/common/buf_controller.c: In function 'req_frame_isr':
/home/mike/Documents/osiris-hdl/sw/common/buf_controller.c:95:20: warning: assignment makes pointer from integer without a cast
     req_frame_flag = 1;
                    ^
/home/mike/Documents/osiris-hdl/sw/common/buf_controller.c: In function 'init_axi_cdma':
/home/mike/Documents/osiris-hdl/sw/common/buf_controller.c:104:42: error: 'I_CDMA_DEVICE_ID' undeclared (first use in this function)
     i_cdma_cfg_p = XAxiCdma_LookupConfig(I_CDMA_DEVICE_ID);
                                          ^
/home/mike/Documents/osiris-hdl/sw/common/buf_controller.c:115:42: error: 'O_CDMA_DEVICE_ID' undeclared (first use in this function)
     o_cdma_cfg_p = XAxiCdma_LookupConfig(O_CDMA_DEVICE_ID);
                                          ^
/home/mike/Documents/osiris-hdl/sw/common/buf_controller.c: In function 'buf_controller_setup':
/home/mike/Documents/osiris-hdl/sw/common/buf_controller.c:131:9: warning: unused variable 'status' [-Wunused-variable]
     int status;
         ^
/home/mike/Documents/osiris-hdl/sw/common/buf_controller.c: At top level:
/home/mike/Documents/osiris-hdl/sw/common/buf_controller.c:137:6: error: conflicting types for 'buf_controller_update'
 void buf_controller_update(void) {
      ^
In file included from /home/mike/Documents/osiris-hdl/sw/common/buf_controller.c:13:0:
/home/mike/Documents/osiris-hdl/sw/common/buf_controller.h:32:5: note: previous declaration of 'buf_controller_update' was here
 int buf_controller_update(void);
     ^
/home/mike/Documents/osiris-hdl/sw/common/buf_controller.c: In function 'buf_controller_update':
/home/mike/Documents/osiris-hdl/sw/common/buf_controller.c:145:9: warning: implicit declaration of function 'XAxiCdma_Simple_Transfer' [-Wimplicit-function-declaration]
         XAxiCdma_Simple_Transfer(&i_cdma, I_BRAM_AXI_ADDR, i_framebuffer_line_p, FRAMEBUF_WIDTH, void, void)
         ^
/home/mike/Documents/osiris-hdl/sw/common/buf_controller.c:145:43: error: 'I_BRAM_AXI_ADDR' undeclared (first use in this function)
         XAxiCdma_Simple_Transfer(&i_cdma, I_BRAM_AXI_ADDR, i_framebuffer_line_p, FRAMEBUF_WIDTH, void, void)
                                           ^
/home/mike/Documents/osiris-hdl/sw/common/buf_controller.c:145:98: error: expected expression before 'void'
         XAxiCdma_Simple_Transfer(&i_cdma, I_BRAM_AXI_ADDR, i_framebuffer_line_p, FRAMEBUF_WIDTH, void, void)
                                                                                                  ^
/home/mike/Documents/osiris-hdl/sw/common/buf_controller.c:146:9: error: expected ';' before 'i_framebuffer_line_p'
         i_framebuffer_line_p++;
         ^
/home/mike/Documents/osiris-hdl/sw/common/buf_controller.c:156:65: error: 'O_BRAM_AXI_ADDR' undeclared (first use in this function)
         XAxiCdma_Simple_Transfer(&o_cdma, o_framebuffer_line_p, O_BRAM_AXI_ADDR, FRAMEBUF_WIDTH, void, void)
                                                                 ^
/home/mike/Documents/osiris-hdl/sw/common/buf_controller.c:156:98: error: expected expression before 'void'
         XAxiCdma_Simple_Transfer(&o_cdma, o_framebuffer_line_p, O_BRAM_AXI_ADDR, FRAMEBUF_WIDTH, void, void)
                                                                                                  ^
/home/mike/Documents/osiris-hdl/sw/common/buf_controller.c:157:9: error: expected ';' before 'o_framebuffer_line_p'
         o_framebuffer_line_p++;
         ^
/home/mike/Documents/osiris-hdl/sw/common/buf_controller.c: At top level:
/home/mike/Documents/osiris-hdl/sw/common/buf_controller.c:51:5: warning: 'setup_buf_ctrl_interrupts' defined but not used [-Wunused-function]
 int setup_buf_ctrl_interrupts(void) {
     ^
make: *** [sw/common/buf_controller.o] Error 1
21:12:07 **** Auto Build of configuration Debug for project linebuffer_test ****
make all 
Building file: /home/mike/Documents/osiris-hdl/sw/common/buf_controller.c
Invoking: ARM gcc compiler
arm-xilinx-eabi-gcc -Wall -O0 -g3 -I../../linebuffer_test_bsp/ps7_cortexa9_0/include -I"/home/mike/Documents/osiris-hdl/projects/zybo_linebuffer_test/zybo_linebuffer_test.sdk/linebuffer_test/src" -c -fmessage-length=0 -MT"sw/common/buf_controller.o" -MMD -MP -MF"sw/common/buf_controller.d" -MT"sw/common/buf_controller.d" -o "sw/common/buf_controller.o" "/home/mike/Documents/osiris-hdl/sw/common/buf_controller.c"
/home/mike/Documents/osiris-hdl/sw/common/buf_controller.c: In function 'setup_buf_ctrl_interrupts':
/home/mike/Documents/osiris-hdl/sw/common/buf_controller.c:55:32: error: 'g_int_ctrl' undeclared (first use in this function)
     status = create_interrupt(&g_int_ctrl, LINE_VALID_INT_ID, 0x8, TRIGGER_TYPE_EDGE_RISING, line_valid_isr);
                                ^
/home/mike/Documents/osiris-hdl/sw/common/buf_controller.c:55:32: note: each undeclared identifier is reported only once for each function it appears in
/home/mike/Documents/osiris-hdl/sw/common/buf_controller.c:55:44: error: 'LINE_VALID_INT_ID' undeclared (first use in this function)
     status = create_interrupt(&g_int_ctrl, LINE_VALID_INT_ID, 0x8, TRIGGER_TYPE_EDGE_RISING, line_valid_isr);
                                            ^
In file included from /home/mike/Documents/osiris-hdl/sw/common/buf_controller.c:14:0:
/home/mike/Documents/osiris-hdl/sw/common/interrupt.h:22:41: error: expected expression before '=' token
 #define TRIGGER_TYPE_EDGE_RISING        = 3
                                         ^
/home/mike/Documents/osiris-hdl/sw/common/buf_controller.c:55:68: note: in expansion of macro 'TRIGGER_TYPE_EDGE_RISING'
     status = create_interrupt(&g_int_ctrl, LINE_VALID_INT_ID, 0x8, TRIGGER_TYPE_EDGE_RISING, line_valid_isr);
                                                                    ^
/home/mike/Documents/osiris-hdl/sw/common/buf_controller.c:55:14: error: too few arguments to function 'create_interrupt'
     status = create_interrupt(&g_int_ctrl, LINE_VALID_INT_ID, 0x8, TRIGGER_TYPE_EDGE_RISING, line_valid_isr);
              ^
In file included from /home/mike/Documents/osiris-hdl/sw/common/buf_controller.c:14:0:
/home/mike/Documents/osiris-hdl/sw/common/interrupt.h:34:5: note: declared here
 int create_interrupt(XScuGic *, u32, u8, u8, Xil_InterruptHandler, void *);
     ^
/home/mike/Documents/osiris-hdl/sw/common/buf_controller.c:61:44: error: 'FRAME_VALID_INT_ID' undeclared (first use in this function)
     status = create_interrupt(&g_int_ctrl, FRAME_VALID_INT_ID, 0x0, TRIGGER_TYPE_EDGE_RISING, frame_valid_isr);
                                            ^
In file included from /home/mike/Documents/osiris-hdl/sw/common/buf_controller.c:14:0:
/home/mike/Documents/osiris-hdl/sw/common/interrupt.h:22:41: error: expected expression before '=' token
 #define TRIGGER_TYPE_EDGE_RISING        = 3
                                         ^
/home/mike/Documents/osiris-hdl/sw/common/buf_controller.c:61:69: note: in expansion of macro 'TRIGGER_TYPE_EDGE_RISING'
     status = create_interrupt(&g_int_ctrl, FRAME_VALID_INT_ID, 0x0, TRIGGER_TYPE_EDGE_RISING, frame_valid_isr);
                                                                     ^
/home/mike/Documents/osiris-hdl/sw/common/buf_controller.c:61:14: error: too few arguments to function 'create_interrupt'
     status = create_interrupt(&g_int_ctrl, FRAME_VALID_INT_ID, 0x0, TRIGGER_TYPE_EDGE_RISING, frame_valid_isr);
              ^
In file included from /home/mike/Documents/osiris-hdl/sw/common/buf_controller.c:14:0:
/home/mike/Documents/osiris-hdl/sw/common/interrupt.h:34:5: note: declared here
 int create_interrupt(XScuGic *, u32, u8, u8, Xil_InterruptHandler, void *);
     ^
/home/mike/Documents/osiris-hdl/sw/common/buf_controller.c:67:44: error: 'REQ_LINE_INT_ID' undeclared (first use in this function)
     status = create_interrupt(&g_int_ctrl, REQ_LINE_INT_ID, 0x8, TRIGGER_TYPE_EDGE_RISING, req_line_isr);
                                            ^
In file included from /home/mike/Documents/osiris-hdl/sw/common/buf_controller.c:14:0:
/home/mike/Documents/osiris-hdl/sw/common/interrupt.h:22:41: error: expected expression before '=' token
 #define TRIGGER_TYPE_EDGE_RISING        = 3
                                         ^
/home/mike/Documents/osiris-hdl/sw/common/buf_controller.c:67:66: note: in expansion of macro 'TRIGGER_TYPE_EDGE_RISING'
     status = create_interrupt(&g_int_ctrl, REQ_LINE_INT_ID, 0x8, TRIGGER_TYPE_EDGE_RISING, req_line_isr);
                                                                  ^
/home/mike/Documents/osiris-hdl/sw/common/buf_controller.c:67:14: error: too few arguments to function 'create_interrupt'
     status = create_interrupt(&g_int_ctrl, REQ_LINE_INT_ID, 0x8, TRIGGER_TYPE_EDGE_RISING, req_line_isr);
              ^
In file included from /home/mike/Documents/osiris-hdl/sw/common/buf_controller.c:14:0:
/home/mike/Documents/osiris-hdl/sw/common/interrupt.h:34:5: note: declared here
 int create_interrupt(XScuGic *, u32, u8, u8, Xil_InterruptHandler, void *);
     ^
/home/mike/Documents/osiris-hdl/sw/common/buf_controller.c:73:44: error: 'REQ_FRAME_INT_ID' undeclared (first use in this function)
     status = create_interrupt(&g_int_ctrl, REQ_FRAME_INT_ID, 0x0, TRIGGER_TYPE_EDGE_RISING, req_frame_isr);
                                            ^
In file included from /home/mike/Documents/osiris-hdl/sw/common/buf_controller.c:14:0:
/home/mike/Documents/osiris-hdl/sw/common/interrupt.h:22:41: error: expected expression before '=' token
 #define TRIGGER_TYPE_EDGE_RISING        = 3
                                         ^
/home/mike/Documents/osiris-hdl/sw/common/buf_controller.c:73:67: note: in expansion of macro 'TRIGGER_TYPE_EDGE_RISING'
     status = create_interrupt(&g_int_ctrl, REQ_FRAME_INT_ID, 0x0, TRIGGER_TYPE_EDGE_RISING, req_frame_isr);
                                                                   ^
/home/mike/Documents/osiris-hdl/sw/common/buf_controller.c:73:14: error: too few arguments to function 'create_interrupt'
     status = create_interrupt(&g_int_ctrl, REQ_FRAME_INT_ID, 0x0, TRIGGER_TYPE_EDGE_RISING, req_frame_isr);
              ^
In file included from /home/mike/Documents/osiris-hdl/sw/common/buf_controller.c:14:0:
/home/mike/Documents/osiris-hdl/sw/common/interrupt.h:34:5: note: declared here
 int create_interrupt(XScuGic *, u32, u8, u8, Xil_InterruptHandler, void *);
     ^
/home/mike/Documents/osiris-hdl/sw/common/buf_controller.c: In function 'line_valid_isr':
/home/mike/Documents/osiris-hdl/sw/common/buf_controller.c:83:21: warning: assignment makes pointer from integer without a cast
     line_valid_flag = 1;
                     ^
/home/mike/Documents/osiris-hdl/sw/common/buf_controller.c: In function 'frame_valid_isr':
/home/mike/Documents/osiris-hdl/sw/common/buf_controller.c:87:22: warning: assignment makes pointer from integer without a cast
     frame_valid_flag = 1;
                      ^
/home/mike/Documents/osiris-hdl/sw/common/buf_controller.c: In function 'req_line_isr':
/home/mike/Documents/osiris-hdl/sw/common/buf_controller.c:91:19: warning: assignment makes pointer from integer without a cast
     req_line_flag = 1;
                   ^
/home/mike/Documents/osiris-hdl/sw/common/buf_controller.c: In function 'req_frame_isr':
/home/mike/Documents/osiris-hdl/sw/common/buf_controller.c:95:20: warning: assignment makes pointer from integer without a cast
     req_frame_flag = 1;
                    ^
/home/mike/Documents/osiris-hdl/sw/common/buf_controller.c: In function 'init_axi_cdma':
/home/mike/Documents/osiris-hdl/sw/common/buf_controller.c:104:42: error: 'I_CDMA_DEVICE_ID' undeclared (first use in this function)
     i_cdma_cfg_p = XAxiCdma_LookupConfig(I_CDMA_DEVICE_ID);
                                          ^
/home/mike/Documents/osiris-hdl/sw/common/buf_controller.c:115:42: error: 'O_CDMA_DEVICE_ID' undeclared (first use in this function)
     o_cdma_cfg_p = XAxiCdma_LookupConfig(O_CDMA_DEVICE_ID);
                                          ^
/home/mike/Documents/osiris-hdl/sw/common/buf_controller.c: In function 'buf_controller_setup':
/home/mike/Documents/osiris-hdl/sw/common/buf_controller.c:131:9: warning: unused variable 'status' [-Wunused-variable]
     int status;
         ^
/home/mike/Documents/osiris-hdl/sw/common/buf_controller.c: At top level:
/home/mike/Documents/osiris-hdl/sw/common/buf_controller.c:137:6: error: conflicting types for 'buf_controller_update'
 void buf_controller_update(void) {
      ^
In file included from /home/mike/Documents/osiris-hdl/sw/common/buf_controller.c:13:0:
/home/mike/Documents/osiris-hdl/sw/common/buf_controller.h:32:5: note: previous declaration of 'buf_controller_update' was here
 int buf_controller_update(void);
     ^
/home/mike/Documents/osiris-hdl/sw/common/buf_controller.c: In function 'buf_controller_update':
/home/mike/Documents/osiris-hdl/sw/common/buf_controller.c:145:9: warning: implicit declaration of function 'XAxiCdma_Simple_Transfer' [-Wimplicit-function-declaration]
         XAxiCdma_Simple_Transfer(&i_cdma, I_BRAM_AXI_ADDR, i_framebuffer_line_p, FRAMEBUF_WIDTH, void, void)
         ^
/home/mike/Documents/osiris-hdl/sw/common/buf_controller.c:145:43: error: 'I_BRAM_AXI_ADDR' undeclared (first use in this function)
         XAxiCdma_Simple_Transfer(&i_cdma, I_BRAM_AXI_ADDR, i_framebuffer_line_p, FRAMEBUF_WIDTH, void, void)
                                           ^
/home/mike/Documents/osiris-hdl/sw/common/buf_controller.c:145:98: error: expected expression before 'void'
         XAxiCdma_Simple_Transfer(&i_cdma, I_BRAM_AXI_ADDR, i_framebuffer_line_p, FRAMEBUF_WIDTH, void, void)
                                                                                                  ^
/home/mike/Documents/osiris-hdl/sw/common/buf_controller.c:146:9: error: expected ';' before 'i_framebuffer_line_p'
         i_framebuffer_line_p++;
         ^
/home/mike/Documents/osiris-hdl/sw/common/buf_controller.c:156:65: error: 'O_BRAM_AXI_ADDR' undeclared (first use in this function)
         XAxiCdma_Simple_Transfer(&o_cdma, o_framebuffer_line_p, O_BRAM_AXI_ADDR, FRAMEBUF_WIDTH, void, void)
                                                                 ^
/home/mike/Documents/osiris-hdl/sw/common/buf_controller.c:156:98: error: expected expression before 'void'
         XAxiCdma_Simple_Transfer(&o_cdma, o_framebuffer_line_p, O_BRAM_AXI_ADDR, FRAMEBUF_WIDTH, void, void)
                                                                                                  ^
/home/mike/Documents/osiris-hdl/sw/common/buf_controller.c:157:9: error: expected ';' before 'o_framebuffer_line_p'
         o_framebuffer_line_p++;
         ^
/home/mike/Documents/osiris-hdl/sw/common/buf_controller.c: At top level:
/home/mike/Documents/osiris-hdl/sw/common/buf_controller.c:51:5: warning: 'setup_buf_ctrl_interrupts' defined but not used [-Wunused-function]
 int setup_buf_ctrl_interrupts(void) {
     ^
make: *** [sw/common/buf_controller.o] Error 1
21:12:11 **** Auto Build of configuration Debug for project linebuffer_test ****
make all 
Building file: /home/mike/Documents/osiris-hdl/sw/common/buf_controller.c
Invoking: ARM gcc compiler
arm-xilinx-eabi-gcc -Wall -O0 -g3 -I../../linebuffer_test_bsp/ps7_cortexa9_0/include -I"/home/mike/Documents/osiris-hdl/projects/zybo_linebuffer_test/zybo_linebuffer_test.sdk/linebuffer_test/src" -c -fmessage-length=0 -MT"sw/common/buf_controller.o" -MMD -MP -MF"sw/common/buf_controller.d" -MT"sw/common/buf_controller.d" -o "sw/common/buf_controller.o" "/home/mike/Documents/osiris-hdl/sw/common/buf_controller.c"
/home/mike/Documents/osiris-hdl/sw/common/buf_controller.c: In function 'setup_buf_ctrl_interrupts':
/home/mike/Documents/osiris-hdl/sw/common/buf_controller.c:55:32: error: 'g_int_ctrl' undeclared (first use in this function)
     status = create_interrupt(&g_int_ctrl, LINE_VALID_INT_ID, 0x8, TRIGGER_TYPE_EDGE_RISING, line_valid_isr);
                                ^
/home/mike/Documents/osiris-hdl/sw/common/buf_controller.c:55:32: note: each undeclared identifier is reported only once for each function it appears in
/home/mike/Documents/osiris-hdl/sw/common/buf_controller.c:55:44: error: 'LINE_VALID_INT_ID' undeclared (first use in this function)
     status = create_interrupt(&g_int_ctrl, LINE_VALID_INT_ID, 0x8, TRIGGER_TYPE_EDGE_RISING, line_valid_isr);
                                            ^
In file included from /home/mike/Documents/osiris-hdl/sw/common/buf_controller.c:14:0:
/home/mike/Documents/osiris-hdl/sw/common/interrupt.h:22:41: error: expected expression before '=' token
 #define TRIGGER_TYPE_EDGE_RISING        = 3
                                         ^
/home/mike/Documents/osiris-hdl/sw/common/buf_controller.c:55:68: note: in expansion of macro 'TRIGGER_TYPE_EDGE_RISING'
     status = create_interrupt(&g_int_ctrl, LINE_VALID_INT_ID, 0x8, TRIGGER_TYPE_EDGE_RISING, line_valid_isr);
                                                                    ^
/home/mike/Documents/osiris-hdl/sw/common/buf_controller.c:55:14: error: too few arguments to function 'create_interrupt'
     status = create_interrupt(&g_int_ctrl, LINE_VALID_INT_ID, 0x8, TRIGGER_TYPE_EDGE_RISING, line_valid_isr);
              ^
In file included from /home/mike/Documents/osiris-hdl/sw/common/buf_controller.c:14:0:
/home/mike/Documents/osiris-hdl/sw/common/interrupt.h:34:5: note: declared here
 int create_interrupt(XScuGic *, u32, u8, u8, Xil_InterruptHandler, void *);
     ^
/home/mike/Documents/osiris-hdl/sw/common/buf_controller.c:61:62: error: expected expression before ',' token
     status = create_interrupt(&g_int_ctrl, FRAME_VALID_INT_ID, 0x0, TRIGGER_TYPE_EDGE_RISING, frame_valid_isr);
                                                              ^
/home/mike/Documents/osiris-hdl/sw/common/buf_controller.c:61:14: error: too few arguments to function 'create_interrupt'
     status = create_interrupt(&g_int_ctrl, FRAME_VALID_INT_ID, 0x0, TRIGGER_TYPE_EDGE_RISING, frame_valid_isr);
              ^
In file included from /home/mike/Documents/osiris-hdl/sw/common/buf_controller.c:14:0:
/home/mike/Documents/osiris-hdl/sw/common/interrupt.h:34:5: note: declared here
 int create_interrupt(XScuGic *, u32, u8, u8, Xil_InterruptHandler, void *);
     ^
/home/mike/Documents/osiris-hdl/sw/common/buf_controller.c:67:44: error: 'REQ_LINE_INT_ID' undeclared (first use in this function)
     status = create_interrupt(&g_int_ctrl, REQ_LINE_INT_ID, 0x8, TRIGGER_TYPE_EDGE_RISING, req_line_isr);
                                            ^
In file included from /home/mike/Documents/osiris-hdl/sw/common/buf_controller.c:14:0:
/home/mike/Documents/osiris-hdl/sw/common/interrupt.h:22:41: error: expected expression before '=' token
 #define TRIGGER_TYPE_EDGE_RISING        = 3
                                         ^
/home/mike/Documents/osiris-hdl/sw/common/buf_controller.c:67:66: note: in expansion of macro 'TRIGGER_TYPE_EDGE_RISING'
     status = create_interrupt(&g_int_ctrl, REQ_LINE_INT_ID, 0x8, TRIGGER_TYPE_EDGE_RISING, req_line_isr);
                                                                  ^
/home/mike/Documents/osiris-hdl/sw/common/buf_controller.c:67:14: error: too few arguments to function 'create_interrupt'
     status = create_interrupt(&g_int_ctrl, REQ_LINE_INT_ID, 0x8, TRIGGER_TYPE_EDGE_RISING, req_line_isr);
              ^
In file included from /home/mike/Documents/osiris-hdl/sw/common/buf_controller.c:14:0:
/home/mike/Documents/osiris-hdl/sw/common/interrupt.h:34:5: note: declared here
 int create_interrupt(XScuGic *, u32, u8, u8, Xil_InterruptHandler, void *);
     ^
/home/mike/Documents/osiris-hdl/sw/common/buf_controller.c:73:44: error: 'REQ_FRAME_INT_ID' undeclared (first use in this function)
     status = create_interrupt(&g_int_ctrl, REQ_FRAME_INT_ID, 0x0, TRIGGER_TYPE_EDGE_RISING, req_frame_isr);
                                            ^
In file included from /home/mike/Documents/osiris-hdl/sw/common/buf_controller.c:14:0:
/home/mike/Documents/osiris-hdl/sw/common/interrupt.h:22:41: error: expected expression before '=' token
 #define TRIGGER_TYPE_EDGE_RISING        = 3
                                         ^
/home/mike/Documents/osiris-hdl/sw/common/buf_controller.c:73:67: note: in expansion of macro 'TRIGGER_TYPE_EDGE_RISING'
     status = create_interrupt(&g_int_ctrl, REQ_FRAME_INT_ID, 0x0, TRIGGER_TYPE_EDGE_RISING, req_frame_isr);
                                                                   ^
/home/mike/Documents/osiris-hdl/sw/common/buf_controller.c:73:14: error: too few arguments to function 'create_interrupt'
     status = create_interrupt(&g_int_ctrl, REQ_FRAME_INT_ID, 0x0, TRIGGER_TYPE_EDGE_RISING, req_frame_isr);
              ^
In file included from /home/mike/Documents/osiris-hdl/sw/common/buf_controller.c:14:0:
/home/mike/Documents/osiris-hdl/sw/common/interrupt.h:34:5: note: declared here
 int create_interrupt(XScuGic *, u32, u8, u8, Xil_InterruptHandler, void *);
     ^
/home/mike/Documents/osiris-hdl/sw/common/buf_controller.c: In function 'line_valid_isr':
/home/mike/Documents/osiris-hdl/sw/common/buf_controller.c:83:21: warning: assignment makes pointer from integer without a cast
     line_valid_flag = 1;
                     ^
/home/mike/Documents/osiris-hdl/sw/common/buf_controller.c: In function 'frame_valid_isr':
/home/mike/Documents/osiris-hdl/sw/common/buf_controller.c:87:22: warning: assignment makes pointer from integer without a cast
     frame_valid_flag = 1;
                      ^
/home/mike/Documents/osiris-hdl/sw/common/buf_controller.c: In function 'req_line_isr':
/home/mike/Documents/osiris-hdl/sw/common/buf_controller.c:91:19: warning: assignment makes pointer from integer without a cast
     req_line_flag = 1;
                   ^
/home/mike/Documents/osiris-hdl/sw/common/buf_controller.c: In function 'req_frame_isr':
/home/mike/Documents/osiris-hdl/sw/common/buf_controller.c:95:20: warning: assignment makes pointer from integer without a cast
     req_frame_flag = 1;
                    ^
/home/mike/Documents/osiris-hdl/sw/common/buf_controller.c: In function 'init_axi_cdma':
/home/mike/Documents/osiris-hdl/sw/common/buf_controller.c:104:42: error: 'I_CDMA_DEVICE_ID' undeclared (first use in this function)
     i_cdma_cfg_p = XAxiCdma_LookupConfig(I_CDMA_DEVICE_ID);
                                          ^
/home/mike/Documents/osiris-hdl/sw/common/buf_controller.c:115:42: error: 'O_CDMA_DEVICE_ID' undeclared (first use in this function)
     o_cdma_cfg_p = XAxiCdma_LookupConfig(O_CDMA_DEVICE_ID);
                                          ^
/home/mike/Documents/osiris-hdl/sw/common/buf_controller.c: In function 'buf_controller_setup':
/home/mike/Documents/osiris-hdl/sw/common/buf_controller.c:131:9: warning: unused variable 'status' [-Wunused-variable]
     int status;
         ^
/home/mike/Documents/osiris-hdl/sw/common/buf_controller.c: At top level:
/home/mike/Documents/osiris-hdl/sw/common/buf_controller.c:137:6: error: conflicting types for 'buf_controller_update'
 void buf_controller_update(void) {
      ^
In file included from /home/mike/Documents/osiris-hdl/sw/common/buf_controller.c:13:0:
/home/mike/Documents/osiris-hdl/sw/common/buf_controller.h:32:5: note: previous declaration of 'buf_controller_update' was here
 int buf_controller_update(void);
     ^
/home/mike/Documents/osiris-hdl/sw/common/buf_controller.c: In function 'buf_controller_update':
/home/mike/Documents/osiris-hdl/sw/common/buf_controller.c:145:9: warning: implicit declaration of function 'XAxiCdma_Simple_Transfer' [-Wimplicit-function-declaration]
         XAxiCdma_Simple_Transfer(&i_cdma, I_BRAM_AXI_ADDR, i_framebuffer_line_p, FRAMEBUF_WIDTH, void, void)
         ^
/home/mike/Documents/osiris-hdl/sw/common/buf_controller.c:145:43: error: 'I_BRAM_AXI_ADDR' undeclared (first use in this function)
         XAxiCdma_Simple_Transfer(&i_cdma, I_BRAM_AXI_ADDR, i_framebuffer_line_p, FRAMEBUF_WIDTH, void, void)
                                           ^
/home/mike/Documents/osiris-hdl/sw/common/buf_controller.c:145:98: error: expected expression before 'void'
         XAxiCdma_Simple_Transfer(&i_cdma, I_BRAM_AXI_ADDR, i_framebuffer_line_p, FRAMEBUF_WIDTH, void, void)
                                                                                                  ^
/home/mike/Documents/osiris-hdl/sw/common/buf_controller.c:146:9: error: expected ';' before 'i_framebuffer_line_p'
         i_framebuffer_line_p++;
         ^
[...]
make all 
Building file: /home/mike/Documents/osiris-hdl/sw/common/buf_controller.c
Invoking: ARM gcc compiler
arm-xilinx-eabi-gcc -Wall -O0 -g3 -I../../linebuffer_test_bsp/ps7_cortexa9_0/include -I"/home/mike/Documents/osiris-hdl/projects/zybo_linebuffer_test/zybo_linebuffer_test.sdk/linebuffer_test/src" -I"/home/mike/Documents/osiris-hdl/sw/common" -c -fmessage-length=0 -MT"sw/common/buf_controller.o" -MMD -MP -MF"sw/common/buf_controller.d" -MT"sw/common/buf_controller.d" -o "sw/common/buf_controller.o" "/home/mike/Documents/osiris-hdl/sw/common/buf_controller.c"
/home/mike/Documents/osiris-hdl/sw/common/buf_controller.c: In function 'line_valid_isr':
/home/mike/Documents/osiris-hdl/sw/common/buf_controller.c:83:21: warning: assignment makes pointer from integer without a cast
     line_valid_flag = 1;
                     ^
/home/mike/Documents/osiris-hdl/sw/common/buf_controller.c: In function 'frame_valid_isr':
/home/mike/Documents/osiris-hdl/sw/common/buf_controller.c:87:22: warning: assignment makes pointer from integer without a cast
     frame_valid_flag = 1;
                      ^
/home/mike/Documents/osiris-hdl/sw/common/buf_controller.c: In function 'req_line_isr':
/home/mike/Documents/osiris-hdl/sw/common/buf_controller.c:91:19: warning: assignment makes pointer from integer without a cast
     req_line_flag = 1;
                   ^
/home/mike/Documents/osiris-hdl/sw/common/buf_controller.c: In function 'req_frame_isr':
/home/mike/Documents/osiris-hdl/sw/common/buf_controller.c:95:20: warning: assignment makes pointer from integer without a cast
     req_frame_flag = 1;
                    ^
/home/mike/Documents/osiris-hdl/sw/common/buf_controller.c: In function 'update_buf_controller':
/home/mike/Documents/osiris-hdl/sw/common/buf_controller.c:150:59: warning: passing argument 3 of 'XAxiCdma_SimpleTransfer' makes integer from pointer without a cast
         XAxiCdma_SimpleTransfer(&i_cdma, I_BRAM_AXI_ADDR, i_framebuffer_line_p, FRAMEBUF_WIDTH, NULL, NULL);
                                                           ^
In file included from /home/mike/Documents/osiris-hdl/sw/common/buf_controller.c:17:0:
../../linebuffer_test_bsp/ps7_cortexa9_0/include/xaxicdma.h:534:5: note: expected 'UINTPTR' but argument is of type 'u8 (*)[640]'
 u32 XAxiCdma_SimpleTransfer(XAxiCdma *InstancePtr, UINTPTR SrcAddr, UINTPTR DstAddr,
     ^
/home/mike/Documents/osiris-hdl/sw/common/buf_controller.c:161:39: warning: passing argument 2 of 'XAxiCdma_SimpleTransfer' makes integer from pointer without a cast
      XAxiCdma_SimpleTransfer(&o_cdma, o_framebuffer_line_p, O_BRAM_AXI_ADDR, FRAMEBUF_WIDTH, NULL, NULL);
                                       ^
In file included from /home/mike/Documents/osiris-hdl/sw/common/buf_controller.c:17:0:
../../linebuffer_test_bsp/ps7_cortexa9_0/include/xaxicdma.h:534:5: note: expected 'UINTPTR' but argument is of type 'u8 (*)[640]'
 u32 XAxiCdma_SimpleTransfer(XAxiCdma *InstancePtr, UINTPTR SrcAddr, UINTPTR DstAddr,
     ^
Finished building: /home/mike/Documents/osiris-hdl/sw/common/buf_controller.c
 
Building target: linebuffer_test.elf
Invoking: ARM gcc linker
arm-xilinx-eabi-gcc -Wl,-T -Wl,../src/lscript.ld -L../../linebuffer_test_bsp/ps7_cortexa9_0/lib -o "linebuffer_test.elf"  ./sw/common/buf_controller.o ./sw/common/framebuf.o ./sw/common/interrupt.o  ./src/helloworld.o ./src/platform.o   -Wl,--start-group,-lxil,-lgcc,-lc,--end-group
Finished building target: linebuffer_test.elf
 
Invoking: ARM Print Size
arm-xilinx-eabi-size linebuffer_test.elf  |tee "linebuffer_test.elf.size"
   text	   data	    bss	    dec	    hex	filename
  35432	   1992	 330532	 367956	  59d54	linebuffer_test.elf
Finished building: linebuffer_test.elf.size
 
17:50:10 **** Auto Build of configuration Debug for project linebuffer_test ****
make all 
Building file: /home/mike/Documents/osiris-hdl/sw/common/buf_controller.c
Invoking: ARM gcc compiler
arm-xilinx-eabi-gcc -Wall -O0 -g3 -I../../linebuffer_test_bsp/ps7_cortexa9_0/include -I"/home/mike/Documents/osiris-hdl/projects/zybo_linebuffer_test/zybo_linebuffer_test.sdk/linebuffer_test/src" -I"/home/mike/Documents/osiris-hdl/sw/common" -c -fmessage-length=0 -MT"sw/common/buf_controller.o" -MMD -MP -MF"sw/common/buf_controller.d" -MT"sw/common/buf_controller.d" -o "sw/common/buf_controller.o" "/home/mike/Documents/osiris-hdl/sw/common/buf_controller.c"
/home/mike/Documents/osiris-hdl/sw/common/buf_controller.c: In function 'line_valid_isr':
/home/mike/Documents/osiris-hdl/sw/common/buf_controller.c:83:21: warning: assignment makes pointer from integer without a cast
     line_valid_flag = 1;
                     ^
/home/mike/Documents/osiris-hdl/sw/common/buf_controller.c: In function 'frame_valid_isr':
/home/mike/Documents/osiris-hdl/sw/common/buf_controller.c:87:22: warning: assignment makes pointer from integer without a cast
     frame_valid_flag = 1;
                      ^
/home/mike/Documents/osiris-hdl/sw/common/buf_controller.c: In function 'req_line_isr':
/home/mike/Documents/osiris-hdl/sw/common/buf_controller.c:91:19: warning: assignment makes pointer from integer without a cast
     req_line_flag = 1;
                   ^
/home/mike/Documents/osiris-hdl/sw/common/buf_controller.c: In function 'req_frame_isr':
/home/mike/Documents/osiris-hdl/sw/common/buf_controller.c:95:20: warning: assignment makes pointer from integer without a cast
     req_frame_flag = 1;
                    ^
/home/mike/Documents/osiris-hdl/sw/common/buf_controller.c: In function 'update_buf_controller':
/home/mike/Documents/osiris-hdl/sw/common/buf_controller.c:150:59: warning: passing argument 3 of 'XAxiCdma_SimpleTransfer' makes integer from pointer without a cast
         XAxiCdma_SimpleTransfer(&i_cdma, I_BRAM_AXI_ADDR, i_framebuffer_line_p, FRAMEBUF_WIDTH, NULL, NULL);
                                                           ^
In file included from /home/mike/Documents/osiris-hdl/sw/common/buf_controller.c:17:0:
../../linebuffer_test_bsp/ps7_cortexa9_0/include/xaxicdma.h:534:5: note: expected 'UINTPTR' but argument is of type 'u8 (*)[640]'
 u32 XAxiCdma_SimpleTransfer(XAxiCdma *InstancePtr, UINTPTR SrcAddr, UINTPTR DstAddr,
     ^
/home/mike/Documents/osiris-hdl/sw/common/buf_controller.c:161:39: warning: passing argument 2 of 'XAxiCdma_SimpleTransfer' makes integer from pointer without a cast
      XAxiCdma_SimpleTransfer(&o_cdma, o_framebuffer_line_p, O_BRAM_AXI_ADDR, FRAMEBUF_WIDTH, NULL, NULL);
                                       ^
In file included from /home/mike/Documents/osiris-hdl/sw/common/buf_controller.c:17:0:
../../linebuffer_test_bsp/ps7_cortexa9_0/include/xaxicdma.h:534:5: note: expected 'UINTPTR' but argument is of type 'u8 (*)[640]'
 u32 XAxiCdma_SimpleTransfer(XAxiCdma *InstancePtr, UINTPTR SrcAddr, UINTPTR DstAddr,
     ^
Finished building: /home/mike/Documents/osiris-hdl/sw/common/buf_controller.c
 
Building target: linebuffer_test.elf
Invoking: ARM gcc linker
arm-xilinx-eabi-gcc -Wl,-T -Wl,../src/lscript.ld -L../../linebuffer_test_bsp/ps7_cortexa9_0/lib -o "linebuffer_test.elf"  ./sw/common/buf_controller.o ./sw/common/framebuf.o ./sw/common/interrupt.o  ./src/helloworld.o ./src/platform.o   -Wl,--start-group,-lxil,-lgcc,-lc,--end-group
Finished building target: linebuffer_test.elf
 
Invoking: ARM Print Size
arm-xilinx-eabi-size linebuffer_test.elf  |tee "linebuffer_test.elf.size"
   text	   data	    bss	    dec	    hex	filename
  35432	   1992	 330532	 367956	  59d54	linebuffer_test.elf
Finished building: linebuffer_test.elf.size
 
17:50:22 **** Auto Build of configuration Debug for project linebuffer_test ****
make all 
Building file: /home/mike/Documents/osiris-hdl/sw/common/buf_controller.c
Invoking: ARM gcc compiler
arm-xilinx-eabi-gcc -Wall -O0 -g3 -I../../linebuffer_test_bsp/ps7_cortexa9_0/include -I"/home/mike/Documents/osiris-hdl/projects/zybo_linebuffer_test/zybo_linebuffer_test.sdk/linebuffer_test/src" -I"/home/mike/Documents/osiris-hdl/sw/common" -c -fmessage-length=0 -MT"sw/common/buf_controller.o" -MMD -MP -MF"sw/common/buf_controller.d" -MT"sw/common/buf_controller.d" -o "sw/common/buf_controller.o" "/home/mike/Documents/osiris-hdl/sw/common/buf_controller.c"
/home/mike/Documents/osiris-hdl/sw/common/buf_controller.c: In function 'line_valid_isr':
/home/mike/Documents/osiris-hdl/sw/common/buf_controller.c:83:29: error: lvalue required as left operand of assignment
     (int *) line_valid_flag = 1;
                             ^
/home/mike/Documents/osiris-hdl/sw/common/buf_controller.c: In function 'frame_valid_isr':
/home/mike/Documents/osiris-hdl/sw/common/buf_controller.c:87:5: warning: dereferencing 'void *' pointer
     *frame_valid_flag = 1;
     ^
/home/mike/Documents/osiris-hdl/sw/common/buf_controller.c:87:5: error: invalid use of void expression
/home/mike/Documents/osiris-hdl/sw/common/buf_controller.c: In function 'req_line_isr':
/home/mike/Documents/osiris-hdl/sw/common/buf_controller.c:91:19: warning: assignment makes pointer from integer without a cast
     req_line_flag = 1;
                   ^
/home/mike/Documents/osiris-hdl/sw/common/buf_controller.c: In function 'req_frame_isr':
/home/mike/Documents/osiris-hdl/sw/common/buf_controller.c:95:20: warning: assignment makes pointer from integer without a cast
     req_frame_flag = 1;
                    ^
/home/mike/Documents/osiris-hdl/sw/common/buf_controller.c: In function 'update_buf_controller':
/home/mike/Documents/osiris-hdl/sw/common/buf_controller.c:150:59: warning: passing argument 3 of 'XAxiCdma_SimpleTransfer' makes integer from pointer without a cast
         XAxiCdma_SimpleTransfer(&i_cdma, I_BRAM_AXI_ADDR, i_framebuffer_line_p, FRAMEBUF_WIDTH, NULL, NULL);
                                                           ^
In file included from /home/mike/Documents/osiris-hdl/sw/common/buf_controller.c:17:0:
../../linebuffer_test_bsp/ps7_cortexa9_0/include/xaxicdma.h:534:5: note: expected 'UINTPTR' but argument is of type 'u8 (*)[640]'
 u32 XAxiCdma_SimpleTransfer(XAxiCdma *InstancePtr, UINTPTR SrcAddr, UINTPTR DstAddr,
     ^
/home/mike/Documents/osiris-hdl/sw/common/buf_controller.c:161:39: warning: passing argument 2 of 'XAxiCdma_SimpleTransfer' makes integer from pointer without a cast
      XAxiCdma_SimpleTransfer(&o_cdma, o_framebuffer_line_p, O_BRAM_AXI_ADDR, FRAMEBUF_WIDTH, NULL, NULL);
                                       ^
In file included from /home/mike/Documents/osiris-hdl/sw/common/buf_controller.c:17:0:
../../linebuffer_test_bsp/ps7_cortexa9_0/include/xaxicdma.h:534:5: note: expected 'UINTPTR' but argument is of type 'u8 (*)[640]'
 u32 XAxiCdma_SimpleTransfer(XAxiCdma *InstancePtr, UINTPTR SrcAddr, UINTPTR DstAddr,
     ^
make: *** [sw/common/buf_controller.o] Error 1
17:51:23 **** Auto Build of configuration Debug for project linebuffer_test ****
make all 
Building file: /home/mike/Documents/osiris-hdl/sw/common/buf_controller.c
Invoking: ARM gcc compiler
arm-xilinx-eabi-gcc -Wall -O0 -g3 -I../../linebuffer_test_bsp/ps7_cortexa9_0/include -I"/home/mike/Documents/osiris-hdl/projects/zybo_linebuffer_test/zybo_linebuffer_test.sdk/linebuffer_test/src" -I"/home/mike/Documents/osiris-hdl/sw/common" -c -fmessage-length=0 -MT"sw/common/buf_controller.o" -MMD -MP -MF"sw/common/buf_controller.d" -MT"sw/common/buf_controller.d" -o "sw/common/buf_controller.o" "/home/mike/Documents/osiris-hdl/sw/common/buf_controller.c"
/home/mike/Documents/osiris-hdl/sw/common/buf_controller.c: In function 'frame_valid_isr':
/home/mike/Documents/osiris-hdl/sw/common/buf_controller.c:87:5: warning: dereferencing 'void *' pointer
     *frame_valid_flag = 1;
     ^
/home/mike/Documents/osiris-hdl/sw/common/buf_controller.c:87:5: error: invalid use of void expression
/home/mike/Documents/osiris-hdl/sw/common/buf_controller.c: In function 'req_line_isr':
/home/mike/Documents/osiris-hdl/sw/common/buf_controller.c:91:19: warning: assignment makes pointer from integer without a cast
     req_line_flag = 1;
                   ^
/home/mike/Documents/osiris-hdl/sw/common/buf_controller.c: In function 'req_frame_isr':
/home/mike/Documents/osiris-hdl/sw/common/buf_controller.c:95:20: warning: assignment makes pointer from integer without a cast
     req_frame_flag = 1;
                    ^
/home/mike/Documents/osiris-hdl/sw/common/buf_controller.c: In function 'update_buf_controller':
/home/mike/Documents/osiris-hdl/sw/common/buf_controller.c:150:59: warning: passing argument 3 of 'XAxiCdma_SimpleTransfer' makes integer from pointer without a cast
         XAxiCdma_SimpleTransfer(&i_cdma, I_BRAM_AXI_ADDR, i_framebuffer_line_p, FRAMEBUF_WIDTH, NULL, NULL);
                                                           ^
In file included from /home/mike/Documents/osiris-hdl/sw/common/buf_controller.c:17:0:
../../linebuffer_test_bsp/ps7_cortexa9_0/include/xaxicdma.h:534:5: note: expected 'UINTPTR' but argument is of type 'u8 (*)[640]'
 u32 XAxiCdma_SimpleTransfer(XAxiCdma *InstancePtr, UINTPTR SrcAddr, UINTPTR DstAddr,
     ^
/home/mike/Documents/osiris-hdl/sw/common/buf_controller.c:161:39: warning: passing argument 2 of 'XAxiCdma_SimpleTransfer' makes integer from pointer without a cast
      XAxiCdma_SimpleTransfer(&o_cdma, o_framebuffer_line_p, O_BRAM_AXI_ADDR, FRAMEBUF_WIDTH, NULL, NULL);
                                       ^
In file included from /home/mike/Documents/osiris-hdl/sw/common/buf_controller.c:17:0:
../../linebuffer_test_bsp/ps7_cortexa9_0/include/xaxicdma.h:534:5: note: expected 'UINTPTR' but argument is of type 'u8 (*)[640]'
 u32 XAxiCdma_SimpleTransfer(XAxiCdma *InstancePtr, UINTPTR SrcAddr, UINTPTR DstAddr,
     ^
make: *** [sw/common/buf_controller.o] Error 1
17:51:36 **** Auto Build of configuration Debug for project linebuffer_test ****
make all 
Building file: /home/mike/Documents/osiris-hdl/sw/common/buf_controller.c
Invoking: ARM gcc compiler
arm-xilinx-eabi-gcc -Wall -O0 -g3 -I../../linebuffer_test_bsp/ps7_cortexa9_0/include -I"/home/mike/Documents/osiris-hdl/projects/zybo_linebuffer_test/zybo_linebuffer_test.sdk/linebuffer_test/src" -I"/home/mike/Documents/osiris-hdl/sw/common" -c -fmessage-length=0 -MT"sw/common/buf_controller.o" -MMD -MP -MF"sw/common/buf_controller.d" -MT"sw/common/buf_controller.d" -o "sw/common/buf_controller.o" "/home/mike/Documents/osiris-hdl/sw/common/buf_controller.c"
/home/mike/Documents/osiris-hdl/sw/common/buf_controller.c: In function 'update_buf_controller':
/home/mike/Documents/osiris-hdl/sw/common/buf_controller.c:150:59: warning: passing argument 3 of 'XAxiCdma_SimpleTransfer' makes integer from pointer without a cast
         XAxiCdma_SimpleTransfer(&i_cdma, I_BRAM_AXI_ADDR, i_framebuffer_line_p, FRAMEBUF_WIDTH, NULL, NULL);
                                                           ^
In file included from /home/mike/Documents/osiris-hdl/sw/common/buf_controller.c:17:0:
../../linebuffer_test_bsp/ps7_cortexa9_0/include/xaxicdma.h:534:5: note: expected 'UINTPTR' but argument is of type 'u8 (*)[640]'
 u32 XAxiCdma_SimpleTransfer(XAxiCdma *InstancePtr, UINTPTR SrcAddr, UINTPTR DstAddr,
     ^
/home/mike/Documents/osiris-hdl/sw/common/buf_controller.c:161:39: warning: passing argument 2 of 'XAxiCdma_SimpleTransfer' makes integer from pointer without a cast
      XAxiCdma_SimpleTransfer(&o_cdma, o_framebuffer_line_p, O_BRAM_AXI_ADDR, FRAMEBUF_WIDTH, NULL, NULL);
                                       ^
In file included from /home/mike/Documents/osiris-hdl/sw/common/buf_controller.c:17:0:
../../linebuffer_test_bsp/ps7_cortexa9_0/include/xaxicdma.h:534:5: note: expected 'UINTPTR' but argument is of type 'u8 (*)[640]'
 u32 XAxiCdma_SimpleTransfer(XAxiCdma *InstancePtr, UINTPTR SrcAddr, UINTPTR DstAddr,
     ^
Finished building: /home/mike/Documents/osiris-hdl/sw/common/buf_controller.c
 
Building target: linebuffer_test.elf
Invoking: ARM gcc linker
arm-xilinx-eabi-gcc -Wl,-T -Wl,../src/lscript.ld -L../../linebuffer_test_bsp/ps7_cortexa9_0/lib -o "linebuffer_test.elf"  ./sw/common/buf_controller.o ./sw/common/framebuf.o ./sw/common/interrupt.o  ./src/helloworld.o ./src/platform.o   -Wl,--start-group,-lxil,-lgcc,-lc,--end-group
Finished building target: linebuffer_test.elf
 
Invoking: ARM Print Size
arm-xilinx-eabi-size linebuffer_test.elf  |tee "linebuffer_test.elf.size"
   text	   data	    bss	    dec	    hex	filename
  35432	   1992	 330532	 367956	  59d54	linebuffer_test.elf
Finished building: linebuffer_test.elf.size
 
17:52:58 **** Auto Build of configuration Debug for project linebuffer_test ****
make all 
Building file: /home/mike/Documents/osiris-hdl/sw/common/buf_controller.c
Invoking: ARM gcc compiler
arm-xilinx-eabi-gcc -Wall -O0 -g3 -I../../linebuffer_test_bsp/ps7_cortexa9_0/include -I"/home/mike/Documents/osiris-hdl/projects/zybo_linebuffer_test/zybo_linebuffer_test.sdk/linebuffer_test/src" -I"/home/mike/Documents/osiris-hdl/sw/common" -c -fmessage-length=0 -MT"sw/common/buf_controller.o" -MMD -MP -MF"sw/common/buf_controller.d" -MT"sw/common/buf_controller.d" -o "sw/common/buf_controller.o" "/home/mike/Documents/osiris-hdl/sw/common/buf_controller.c"
/home/mike/Documents/osiris-hdl/sw/common/buf_controller.c: In function 'update_buf_controller':
/home/mike/Documents/osiris-hdl/sw/common/buf_controller.c:150:59: warning: passing argument 3 of 'XAxiCdma_SimpleTransfer' makes integer from pointer without a cast
         XAxiCdma_SimpleTransfer(&i_cdma, I_BRAM_AXI_ADDR, i_framebuffer_line_p, FRAMEBUF_WIDTH, NULL, NULL);
                                                           ^
In file included from /home/mike/Documents/osiris-hdl/sw/common/buf_controller.c:17:0:
../../linebuffer_test_bsp/ps7_cortexa9_0/include/xaxicdma.h:534:5: note: expected 'UINTPTR' but argument is of type 'u8 (*)[640]'
 u32 XAxiCdma_SimpleTransfer(XAxiCdma *InstancePtr, UINTPTR SrcAddr, UINTPTR DstAddr,
     ^
Finished building: /home/mike/Documents/osiris-hdl/sw/common/buf_controller.c
 
Building target: linebuffer_test.elf
Invoking: ARM gcc linker
arm-xilinx-eabi-gcc -Wl,-T -Wl,../src/lscript.ld -L../../linebuffer_test_bsp/ps7_cortexa9_0/lib -o "linebuffer_test.elf"  ./sw/common/buf_controller.o ./sw/common/framebuf.o ./sw/common/interrupt.o  ./src/helloworld.o ./src/platform.o   -Wl,--start-group,-lxil,-lgcc,-lc,--end-group
Finished building target: linebuffer_test.elf
 
Invoking: ARM Print Size
arm-xilinx-eabi-size linebuffer_test.elf  |tee "linebuffer_test.elf.size"
   text	   data	    bss	    dec	    hex	filename
  35432	   1992	 330532	 367956	  59d54	linebuffer_test.elf
Finished building: linebuffer_test.elf.size
 
17:53:13 **** Auto Build of configuration Debug for project linebuffer_test ****
make all 
Building file: /home/mike/Documents/osiris-hdl/sw/common/buf_controller.c
Invoking: ARM gcc compiler
arm-xilinx-eabi-gcc -Wall -O0 -g3 -I../../linebuffer_test_bsp/ps7_cortexa9_0/include -I"/home/mike/Documents/osiris-hdl/projects/zybo_linebuffer_test/zybo_linebuffer_test.sdk/linebuffer_test/src" -I"/home/mike/Documents/osiris-hdl/sw/common" -c -fmessage-length=0 -MT"sw/common/buf_controller.o" -MMD -MP -MF"sw/common/buf_controller.d" -MT"sw/common/buf_controller.d" -o "sw/common/buf_controller.o" "/home/mike/Documents/osiris-hdl/sw/common/buf_controller.c"
Finished building: /home/mike/Documents/osiris-hdl/sw/common/buf_controller.c
 
Building target: linebuffer_test.elf
Invoking: ARM gcc linker
arm-xilinx-eabi-gcc -Wl,-T -Wl,../src/lscript.ld -L../../linebuffer_test_bsp/ps7_cortexa9_0/lib -o "linebuffer_test.elf"  ./sw/common/buf_controller.o ./sw/common/framebuf.o ./sw/common/interrupt.o  ./src/helloworld.o ./src/platform.o   -Wl,--start-group,-lxil,-lgcc,-lc,--end-group
Finished building target: linebuffer_test.elf
 
Invoking: ARM Print Size
arm-xilinx-eabi-size linebuffer_test.elf  |tee "linebuffer_test.elf.size"
   text	   data	    bss	    dec	    hex	filename
  35432	   1992	 330532	 367956	  59d54	linebuffer_test.elf
Finished building: linebuffer_test.elf.size
 
