17:48:19 **** Auto Build of configuration Debug for project linebuffer_test ****
make all 
Building file: /home/mike/Documents/osiris-hdl/sw/common/buf_controller.c
Invoking: ARM gcc compiler
arm-xilinx-eabi-gcc -Wall -O0 -g3 -I../../linebuffer_test_bsp/ps7_cortexa9_0/include -I"/home/mike/Documents/osiris-hdl/projects/zybo_linebuffer_test/zybo_linebuffer_test.sdk/linebuffer_test/src" -I"/home/mike/Documents/osiris-hdl/sw/common" -c -fmessage-length=0 -MT"sw/common/buf_controller.o" -MMD -MP -MF"sw/common/buf_controller.d" -MT"sw/common/buf_controller.d" -o "sw/common/buf_controller.o" "/home/mike/Documents/osiris-hdl/sw/common/buf_controller.c"
/home/mike/Documents/osiris-hdl/sw/common/buf_controller.c: In function 'line_valid_isr':
/home/mike/Documents/osiris-hdl/sw/common/buf_controller.c:83:21: warning: assignment makes pointer from integer without a cast
     line_valid_flag = 1;
                     ^
/home/mike/Documents/osiris-hdl/sw/common/buf_controller.c: In function 'frame_valid_isr':
/home/mike/Documents/osiris-hdl/sw/common/buf_controller.c:87:22: warning: assignment makes pointer from integer without a cast
     frame_valid_flag = 1;
                      ^
/home/mike/Documents/osiris-hdl/sw/common/buf_controller.c: In function 'req_line_isr':
/home/mike/Documents/osiris-hdl/sw/common/buf_controller.c:91:19: warning: assignment makes pointer from integer without a cast
     req_line_flag = 1;
                   ^
/home/mike/Documents/osiris-hdl/sw/common/buf_controller.c: In function 'req_frame_isr':
/home/mike/Documents/osiris-hdl/sw/common/buf_controller.c:95:20: warning: assignment makes pointer from integer without a cast
     req_frame_flag = 1;
                    ^
/home/mike/Documents/osiris-hdl/sw/common/buf_controller.c: In function 'update_buf_controller':
/home/mike/Documents/osiris-hdl/sw/common/buf_controller.c:150:59: warning: passing argument 3 of 'XAxiCdma_SimpleTransfer' makes integer from pointer without a cast
         XAxiCdma_SimpleTransfer(&i_cdma, I_BRAM_AXI_ADDR, i_framebuffer_line_p, FRAMEBUF_WIDTH, NULL, NULL);
                                                           ^
In file included from /home/mike/Documents/osiris-hdl/sw/common/buf_controller.c:17:0:
../../linebuffer_test_bsp/ps7_cortexa9_0/include/xaxicdma.h:534:5: note: expected 'UINTPTR' but argument is of type 'u8 (*)[640]'
 u32 XAxiCdma_SimpleTransfer(XAxiCdma *InstancePtr, UINTPTR SrcAddr, UINTPTR DstAddr,
     ^
/home/mike/Documents/osiris-hdl/sw/common/buf_controller.c:161:39: warning: passing argument 2 of 'XAxiCdma_SimpleTransfer' makes integer from pointer without a cast
      XAxiCdma_SimpleTransfer(&o_cdma, o_framebuffer_line_p, O_BRAM_AXI_ADDR, FRAMEBUF_WIDTH, NULL, NULL);
                                       ^
In file included from /home/mike/Documents/osiris-hdl/sw/common/buf_controller.c:17:0:
../../linebuffer_test_bsp/ps7_cortexa9_0/include/xaxicdma.h:534:5: note: expected 'UINTPTR' but argument is of type 'u8 (*)[640]'
 u32 XAxiCdma_SimpleTransfer(XAxiCdma *InstancePtr, UINTPTR SrcAddr, UINTPTR DstAddr,
     ^
Finished building: /home/mike/Documents/osiris-hdl/sw/common/buf_controller.c
 
Building target: linebuffer_test.elf
Invoking: ARM gcc linker
arm-xilinx-eabi-gcc -Wl,-T -Wl,../src/lscript.ld -L../../linebuffer_test_bsp/ps7_cortexa9_0/lib -o "linebuffer_test.elf"  ./sw/common/buf_controller.o ./sw/common/framebuf.o ./sw/common/interrupt.o  ./src/helloworld.o ./src/platform.o   -Wl,--start-group,-lxil,-lgcc,-lc,--end-group
Finished building target: linebuffer_test.elf
 
Invoking: ARM Print Size
arm-xilinx-eabi-size linebuffer_test.elf  |tee "linebuffer_test.elf.size"
   text	   data	    bss	    dec	    hex	filename
  35432	   1992	 330532	 367956	  59d54	linebuffer_test.elf
Finished building: linebuffer_test.elf.size
 

17:48:19 Build Finished (took 111ms)

